Archive member included to satisfy reference by file (symbol)

/usr/lib/gcc/arm-none-eabi/11.1.0/../../../../arm-none-eabi/lib/thumb/v7e-m+fp/hard/libc.a(lib_a-atexit.o)
                              /usr/lib/gcc/arm-none-eabi/11.1.0/../../../../arm-none-eabi/lib/thumb/v7e-m+fp/hard/crt0.o (atexit)
/usr/lib/gcc/arm-none-eabi/11.1.0/../../../../arm-none-eabi/lib/thumb/v7e-m+fp/hard/libc.a(lib_a-errno.o)
                              build/syscalls.o (__errno)
/usr/lib/gcc/arm-none-eabi/11.1.0/../../../../arm-none-eabi/lib/thumb/v7e-m+fp/hard/libc.a(lib_a-exit.o)
                              /usr/lib/gcc/arm-none-eabi/11.1.0/../../../../arm-none-eabi/lib/thumb/v7e-m+fp/hard/crt0.o (exit)
/usr/lib/gcc/arm-none-eabi/11.1.0/../../../../arm-none-eabi/lib/thumb/v7e-m+fp/hard/libc.a(lib_a-fini.o)
                              /usr/lib/gcc/arm-none-eabi/11.1.0/../../../../arm-none-eabi/lib/thumb/v7e-m+fp/hard/crt0.o (__libc_fini_array)
/usr/lib/gcc/arm-none-eabi/11.1.0/../../../../arm-none-eabi/lib/thumb/v7e-m+fp/hard/libc.a(lib_a-impure.o)
                              /usr/lib/gcc/arm-none-eabi/11.1.0/../../../../arm-none-eabi/lib/thumb/v7e-m+fp/hard/libc.a(lib_a-exit.o) (_global_impure_ptr)
/usr/lib/gcc/arm-none-eabi/11.1.0/../../../../arm-none-eabi/lib/thumb/v7e-m+fp/hard/libc.a(lib_a-init.o)
                              /usr/lib/gcc/arm-none-eabi/11.1.0/../../../../arm-none-eabi/lib/thumb/v7e-m+fp/hard/crt0.o (__libc_init_array)
/usr/lib/gcc/arm-none-eabi/11.1.0/../../../../arm-none-eabi/lib/thumb/v7e-m+fp/hard/libc.a(lib_a-memset.o)
                              /usr/lib/gcc/arm-none-eabi/11.1.0/../../../../arm-none-eabi/lib/thumb/v7e-m+fp/hard/crt0.o (memset)
/usr/lib/gcc/arm-none-eabi/11.1.0/../../../../arm-none-eabi/lib/thumb/v7e-m+fp/hard/libc.a(lib_a-sprintf.o)
                              build/HD44780_LCD.o (sprintf)
/usr/lib/gcc/arm-none-eabi/11.1.0/../../../../arm-none-eabi/lib/thumb/v7e-m+fp/hard/libc.a(lib_a-strlen.o)
                              build/HD44780_LCD.o (strlen)
/usr/lib/gcc/arm-none-eabi/11.1.0/../../../../arm-none-eabi/lib/thumb/v7e-m+fp/hard/libc.a(lib_a-svfprintf.o)
                              /usr/lib/gcc/arm-none-eabi/11.1.0/../../../../arm-none-eabi/lib/thumb/v7e-m+fp/hard/libc.a(lib_a-sprintf.o) (_svfprintf_r)
/usr/lib/gcc/arm-none-eabi/11.1.0/../../../../arm-none-eabi/lib/thumb/v7e-m+fp/hard/libc.a(lib_a-__atexit.o)
                              /usr/lib/gcc/arm-none-eabi/11.1.0/../../../../arm-none-eabi/lib/thumb/v7e-m+fp/hard/libc.a(lib_a-atexit.o) (__register_exitproc)
/usr/lib/gcc/arm-none-eabi/11.1.0/../../../../arm-none-eabi/lib/thumb/v7e-m+fp/hard/libc.a(lib_a-__call_atexit.o)
                              /usr/lib/gcc/arm-none-eabi/11.1.0/../../../../arm-none-eabi/lib/thumb/v7e-m+fp/hard/libc.a(lib_a-exit.o) (__call_exitprocs)
/usr/lib/gcc/arm-none-eabi/11.1.0/../../../../arm-none-eabi/lib/thumb/v7e-m+fp/hard/libc.a(lib_a-dtoa.o)
                              /usr/lib/gcc/arm-none-eabi/11.1.0/../../../../arm-none-eabi/lib/thumb/v7e-m+fp/hard/libc.a(lib_a-svfprintf.o) (_dtoa_r)
/usr/lib/gcc/arm-none-eabi/11.1.0/../../../../arm-none-eabi/lib/thumb/v7e-m+fp/hard/libc.a(lib_a-freer.o)
                              /usr/lib/gcc/arm-none-eabi/11.1.0/../../../../arm-none-eabi/lib/thumb/v7e-m+fp/hard/libc.a(lib_a-svfprintf.o) (_free_r)
/usr/lib/gcc/arm-none-eabi/11.1.0/../../../../arm-none-eabi/lib/thumb/v7e-m+fp/hard/libc.a(lib_a-localeconv.o)
                              /usr/lib/gcc/arm-none-eabi/11.1.0/../../../../arm-none-eabi/lib/thumb/v7e-m+fp/hard/libc.a(lib_a-svfprintf.o) (_localeconv_r)
/usr/lib/gcc/arm-none-eabi/11.1.0/../../../../arm-none-eabi/lib/thumb/v7e-m+fp/hard/libc.a(lib_a-locale.o)
                              /usr/lib/gcc/arm-none-eabi/11.1.0/../../../../arm-none-eabi/lib/thumb/v7e-m+fp/hard/libc.a(lib_a-localeconv.o) (__global_locale)
/usr/lib/gcc/arm-none-eabi/11.1.0/../../../../arm-none-eabi/lib/thumb/v7e-m+fp/hard/libc.a(lib_a-lock.o)
                              /usr/lib/gcc/arm-none-eabi/11.1.0/../../../../arm-none-eabi/lib/thumb/v7e-m+fp/hard/libc.a(lib_a-__atexit.o) (__retarget_lock_acquire_recursive)
/usr/lib/gcc/arm-none-eabi/11.1.0/../../../../arm-none-eabi/lib/thumb/v7e-m+fp/hard/libc.a(lib_a-mallocr.o)
                              /usr/lib/gcc/arm-none-eabi/11.1.0/../../../../arm-none-eabi/lib/thumb/v7e-m+fp/hard/libc.a(lib_a-svfprintf.o) (_malloc_r)
/usr/lib/gcc/arm-none-eabi/11.1.0/../../../../arm-none-eabi/lib/thumb/v7e-m+fp/hard/libc.a(lib_a-mbtowc_r.o)
                              /usr/lib/gcc/arm-none-eabi/11.1.0/../../../../arm-none-eabi/lib/thumb/v7e-m+fp/hard/libc.a(lib_a-locale.o) (__ascii_mbtowc)
/usr/lib/gcc/arm-none-eabi/11.1.0/../../../../arm-none-eabi/lib/thumb/v7e-m+fp/hard/libc.a(lib_a-memchr.o)
                              /usr/lib/gcc/arm-none-eabi/11.1.0/../../../../arm-none-eabi/lib/thumb/v7e-m+fp/hard/libc.a(lib_a-svfprintf.o) (memchr)
[...]
Memory Configuration

Name             Origin             Length             Attributes
RAM              0x0000000020000000 0x0000000000020000 xrw
FLASH            0x0000000008000000 0x0000000000080000 xr
*default*        0x0000000000000000 0xffffffffffffffff

Linker script and memory map

LOAD /usr/lib/gcc/arm-none-eabi/11.1.0/thumb/v7e-m+fp/hard/crti.o
LOAD /usr/lib/gcc/arm-none-eabi/11.1.0/thumb/v7e-m+fp/hard/crtbegin.o
LOAD /usr/lib/gcc/arm-none-eabi/11.1.0/../../../../arm-none-eabi/lib/thumb/v7e-m+fp/hard/crt0.o
LOAD build/DS18B20.o
LOAD build/HD44780_LCD.o
LOAD build/gpio.o
LOAD build/main.o
LOAD build/rtc.o
LOAD build/stm32f4xx_hal_msp.o
LOAD build/stm32f4xx_it.o
LOAD build/syscalls.o
LOAD build/sysmem.o
LOAD build/system_stm32f4xx.o
LOAD build/tim.o
LOAD build/usart.o
LOAD build/stm32f4xx_hal.o
LOAD build/stm32f4xx_hal_cortex.o
LOAD build/stm32f4xx_hal_dma.o
LOAD build/stm32f4xx_hal_dma_ex.o
LOAD build/stm32f4xx_hal_exti.o
LOAD build/stm32f4xx_hal_flash.o
LOAD build/stm32f4xx_hal_flash_ex.o
LOAD build/stm32f4xx_hal_flash_ramfunc.o
LOAD build/stm32f4xx_hal_gpio.o
LOAD build/stm32f4xx_hal_pwr.o
LOAD build/stm32f4xx_hal_pwr_ex.o
LOAD build/stm32f4xx_hal_rcc.o
LOAD build/stm32f4xx_hal_rcc_ex.o
LOAD build/stm32f4xx_hal_rtc.o
LOAD build/stm32f4xx_hal_rtc_ex.o
LOAD build/stm32f4xx_hal_tim.o
LOAD build/stm32f4xx_hal_tim_ex.o
LOAD build/stm32f4xx_hal_uart.o
LOAD build/startup_stm32f446xx.o
LOAD /usr/lib/gcc/arm-none-eabi/11.1.0/../../../../arm-none-eabi/lib/thumb/v7e-m+fp/hard/libc.a
LOAD /usr/lib/gcc/arm-none-eabi/11.1.0/../../../../arm-none-eabi/lib/thumb/v7e-m+fp/hard/libm.a
LOAD /usr/lib/gcc/arm-none-eabi/11.1.0/../../../../arm-none-eabi/lib/thumb/v7e-m+fp/hard/libnosys.a
START GROUP
LOAD /usr/lib/gcc/arm-none-eabi/11.1.0/thumb/v7e-m+fp/hard/libgcc.a
LOAD /usr/lib/gcc/arm-none-eabi/11.1.0/../../../../arm-none-eabi/lib/thumb/v7e-m+fp/hard/libc.a
END GROUP
START GROUP
LOAD /usr/lib/gcc/arm-none-eabi/11.1.0/thumb/v7e-m+fp/hard/libgcc.a
LOAD /usr/lib/gcc/arm-none-eabi/11.1.0/../../../../arm-none-eabi/lib/thumb/v7e-m+fp/hard/libc.a
LOAD /usr/lib/gcc/arm-none-eabi/11.1.0/../../../../arm-none-eabi/lib/thumb/v7e-m+fp/hard/libnosys.a
END GROUP
LOAD /usr/lib/gcc/arm-none-eabi/11.1.0/thumb/v7e-m+fp/hard/crtend.o
LOAD /usr/lib/gcc/arm-none-eabi/11.1.0/thumb/v7e-m+fp/hard/crtn.o
                0x0000000020020000                _estack = 0x20020000
                0x0000000000000200                _Min_Heap_Size = 0x200
                0x0000000000000400                _Min_Stack_Size = 0x400

.isr_vector     0x0000000008000000      0x1c4
                0x0000000008000000                . = ALIGN (0x4)
 *(.isr_vector)
 .isr_vector    0x0000000008000000      0x1c4 build/startup_stm32f446xx.o
                0x0000000008000000                g_pfnVectors
                0x00000000080001c4                . = ALIGN (0x4)

.text           0x0000000008000200     0x8f3c
                0x0000000008000200                . = ALIGN (0x4)
 *(.text)
 .text          0x0000000008000200       0xdc /usr/lib/gcc/arm-none-eabi/11.1.0/../../../../arm-none-eabi/lib/thumb/v7e-m+fp/hard/libc.a(lib_a-strlen.o)
                0x0000000008000200                strlen
 *fill*         0x00000000080002dc        0x4 
 .text          0x00000000080002e0       0xa0 /usr/lib/gcc/arm-none-eabi/11.1.0/../../../../arm-none-eabi/lib/thumb/v7e-m+fp/hard/libc.a(lib_a-memchr.o)
                0x00000000080002e0                memchr
 .text          0x0000000008000380      0x134 /usr/lib/gcc/arm-none-eabi/11.1.0/../../../../arm-none-eabi/lib/thumb/v7e-m+fp/hard/libc.a(lib_a-memcpy.o)
                0x0000000008000380                memcpy
 .text          0x00000000080004b4      0x378 /usr/lib/gcc/arm-none-eabi/11.1.0/thumb/v7e-m+fp/hard/libgcc.a(_arm_addsubdf3.o)
                0x00000000080004b4                __aeabi_drsub
                0x00000000080004bc                __aeabi_dsub
                0x00000000080004bc                __subdf3
                0x00000000080004c0                __adddf3
                0x00000000080004c0                __aeabi_dadd
                0x0000000008000738                __aeabi_ui2d
                0x0000000008000738                __floatunsidf
                0x0000000008000758                __floatsidf
                0x0000000008000758                __aeabi_i2d
                0x000000000800077c                __extendsfdf2
                0x000000000800077c                __aeabi_f2d
                0x00000000080007c0                __aeabi_ul2d
                0x00000000080007c0                __floatundidf
                0x00000000080007d0                __floatdidf
                0x00000000080007d0                __aeabi_l2d
 .text          0x000000000800082c      0x424 /usr/lib/gcc/arm-none-eabi/11.1.0/thumb/v7e-m+fp/hard/libgcc.a(_arm_muldivdf3.o)
                0x000000000800082c                __aeabi_dmul
                0x000000000800082c                __muldf3
                0x0000000008000a80                __aeabi_ddiv
                0x0000000008000a80                __divdf3
 .text          0x0000000008000c50      0x110 /usr/lib/gcc/arm-none-eabi/11.1.0/thumb/v7e-m+fp/hard/libgcc.a(_arm_cmpdf2.o)
                0x0000000008000c50                __gtdf2
                0x0000000008000c50                __gedf2
                0x0000000008000c58                __ltdf2
                0x0000000008000c58                __ledf2
                0x0000000008000c60                __cmpdf2
                0x0000000008000c60                __eqdf2
                0x0000000008000c60                __nedf2
                0x0000000008000cdc                __aeabi_cdrcmple
                0x0000000008000cec                __aeabi_cdcmple
                0x0000000008000cec                __aeabi_cdcmpeq
                0x0000000008000cfc                __aeabi_dcmpeq
                0x0000000008000d10                __aeabi_dcmplt
                0x0000000008000d24                __aeabi_dcmple
                0x0000000008000d38                __aeabi_dcmpge
                0x0000000008000d4c                __aeabi_dcmpgt
 .text          0x0000000008000d60       0x2c /usr/lib/gcc/arm-none-eabi/11.1.0/thumb/v7e-m+fp/hard/libgcc.a(_arm_unorddf2.o)
                0x0000000008000d60                __aeabi_dcmpun
                0x0000000008000d60                __unorddf2
 .text          0x0000000008000d8c       0x50 /usr/lib/gcc/arm-none-eabi/11.1.0/thumb/v7e-m+fp/hard/libgcc.a(_arm_fixdfsi.o)
                0x0000000008000d8c                __fixdfsi
                0x0000000008000d8c                __aeabi_d2iz
 .text          0x0000000008000ddc       0x30 /usr/lib/gcc/arm-none-eabi/11.1.0/thumb/v7e-m+fp/hard/libgcc.a(_aeabi_uldivmod.o)
                0x0000000008000ddc                __aeabi_uldivmod
 .text          0x0000000008000e0c        0x4 /usr/lib/gcc/arm-none-eabi/11.1.0/thumb/v7e-m+fp/hard/libgcc.a(_dvmd_tls.o)
                0x0000000008000e0c                __aeabi_ldiv0
                0x0000000008000e0c                __aeabi_idiv0
 *(.text*)
 .text.__do_global_dtors_aux
                0x0000000008000e10       0x24 /usr/lib/gcc/arm-none-eabi/11.1.0/thumb/v7e-m+fp/hard/crtbegin.o
 .text.frame_dummy
                0x0000000008000e34       0x1c /usr/lib/gcc/arm-none-eabi/11.1.0/thumb/v7e-m+fp/hard/crtbegin.o
 .text.micro_delay
                0x0000000008000e50       0x14 build/DS18B20.o
 .text.Set_Pin_Output
                0x0000000008000e64       0x22 build/DS18B20.o
 *fill*         0x0000000008000e86        0x2 
 .text.Set_Pin_Output_Defualt
                0x0000000008000e88       0x10 build/DS18B20.o
 .text.Set_Pin_Input
                0x0000000008000e98       0x1e build/DS18B20.o
 *fill*         0x0000000008000eb6        0x2 
 .text.Set_Pin_Input_Defualt
                0x0000000008000eb8       0x10 build/DS18B20.o
 .text.DS18B20_Initialize
                0x0000000008000ec8       0x44 build/DS18B20.o
                0x0000000008000ec8                DS18B20_Initialize
 .text.DS18B20_Write_Byte
                0x0000000008000f0c       0x58 build/DS18B20.o
                0x0000000008000f0c                DS18B20_Write_Byte
 .text.DS18B20_Read_Byte
                0x0000000008000f64       0x58 build/DS18B20.o
                0x0000000008000f64                DS18B20_Read_Byte
 .text.DS18B20_Read_Temperature
                0x0000000008000fbc       0x70 build/DS18B20.o
                0x0000000008000fbc                DS18B20_Read_Temperature
 .text.lcd_write
                0x000000000800102c       0x48 build/HD44780_LCD.o
 .text.lcd_write_command
                0x0000000008001074       0x3a build/HD44780_LCD.o
 .text.lcd_write_data
                0x00000000080010ae       0x3a build/HD44780_LCD.o
 .text.Lcd_init
                0x00000000080010e8       0x40 build/HD44780_LCD.o
                0x00000000080010e8                Lcd_init
 .text.Lcd_create
                0x0000000008001128       0x48 build/HD44780_LCD.o
                0x0000000008001128                Lcd_create
 .text.Lcd_string
                0x0000000008001170       0x22 build/HD44780_LCD.o
                0x0000000008001170                Lcd_string
 *fill*         0x0000000008001192        0x2 
 .text.Lcd_float
                0x0000000008001194       0x44 build/HD44780_LCD.o
                0x0000000008001194                Lcd_float
 .text.Lcd_cursor
                0x00000000080011d8       0x18 build/HD44780_LCD.o
                0x00000000080011d8                Lcd_cursor
 .text.Lcd_clear
                0x00000000080011f0        0xa build/HD44780_LCD.o
                0x00000000080011f0                Lcd_clear
 *fill*         0x00000000080011fa        0x2 
 .text.MX_GPIO_Init
                0x00000000080011fc       0xf0 build/gpio.o
                0x00000000080011fc                MX_GPIO_Init
 .text.Error_Handler
                0x00000000080012ec        0x4 build/main.o
                0x00000000080012ec                Error_Handler
 .text.SystemClock_Config
                0x00000000080012f0       0xd0 build/main.o
                0x00000000080012f0                SystemClock_Config
 .text.main     0x00000000080013c0       0xe0 build/main.o
                0x00000000080013c0                main
 .text.MX_RTC_Init
                0x00000000080014a0       0x30 build/rtc.o
                0x00000000080014a0                MX_RTC_Init
 .text.HAL_RTC_MspInit
                0x00000000080014d0       0x1c build/rtc.o
                0x00000000080014d0                HAL_RTC_MspInit
 .text.HAL_MspInit
                0x00000000080014ec       0x40 build/stm32f4xx_hal_msp.o
                0x00000000080014ec                HAL_MspInit
 .text.NMI_Handler
                0x000000000800152c        0x2 build/stm32f4xx_it.o
                0x000000000800152c                NMI_Handler
 .text.HardFault_Handler
                0x000000000800152e        0x2 build/stm32f4xx_it.o
                0x000000000800152e                HardFault_Handler
 .text.MemManage_Handler
                0x0000000008001530        0x2 build/stm32f4xx_it.o
                0x0000000008001530                MemManage_Handler
 .text.BusFault_Handler
                0x0000000008001532        0x2 build/stm32f4xx_it.o
                0x0000000008001532                BusFault_Handler
 .text.UsageFault_Handler
                0x0000000008001534        0x2 build/stm32f4xx_it.o
                0x0000000008001534                UsageFault_Handler
 .text.SVC_Handler
                0x0000000008001536        0x2 build/stm32f4xx_it.o
                0x0000000008001536                SVC_Handler
 .text.DebugMon_Handler
                0x0000000008001538        0x2 build/stm32f4xx_it.o
                0x0000000008001538                DebugMon_Handler
 .text.PendSV_Handler
                0x000000000800153a        0x2 build/stm32f4xx_it.o
                0x000000000800153a                PendSV_Handler
 .text.SysTick_Handler
                0x000000000800153c        0x8 build/stm32f4xx_it.o
                0x000000000800153c                SysTick_Handler
 .text.TIM7_IRQHandler
                0x0000000008001544       0x10 build/stm32f4xx_it.o
                0x0000000008001544                TIM7_IRQHandler
 .text._getpid  0x0000000008001554        0x4 build/syscalls.o
                0x0000000008001554                _getpid
 .text._kill    0x0000000008001558       0x10 build/syscalls.o
                0x0000000008001558                _kill
 .text._exit    0x0000000008001568        0xc build/syscalls.o
                0x0000000008001568                _exit
 .text._read    0x0000000008001574       0x20 build/syscalls.o
                0x0000000008001574                _read
 .text._write   0x0000000008001594       0x1c build/syscalls.o
                0x0000000008001594                _write
 .text._close   0x00000000080015b0        0x6 build/syscalls.o
                0x00000000080015b0                _close
 .text._fstat   0x00000000080015b6        0xa build/syscalls.o
                0x00000000080015b6                _fstat
 .text._isatty  0x00000000080015c0        0x4 build/syscalls.o
                0x00000000080015c0                _isatty
 .text._lseek   0x00000000080015c4        0x4 build/syscalls.o
                0x00000000080015c4                _lseek
 .text._sbrk    0x00000000080015c8       0x48 build/sysmem.o
                0x00000000080015c8                _sbrk
 .text.SystemInit
                0x0000000008001610       0x14 build/system_stm32f4xx.o
                0x0000000008001610                SystemInit
 .text.MX_TIM6_Init
                0x0000000008001624       0x50 build/tim.o
                0x0000000008001624                MX_TIM6_Init
 .text.MX_TIM7_Init
                0x0000000008001674       0x50 build/tim.o
                0x0000000008001674                MX_TIM7_Init
 .text.HAL_TIM_Base_MspInit
                0x00000000080016c4       0x68 build/tim.o
                0x00000000080016c4                HAL_TIM_Base_MspInit
 .text.MX_USART2_UART_Init
                0x000000000800172c       0x34 build/usart.o
                0x000000000800172c                MX_USART2_UART_Init
 .text.HAL_UART_MspInit
                0x0000000008001760       0x70 build/usart.o
                0x0000000008001760                HAL_UART_MspInit
 .text.HAL_InitTick
                0x00000000080017d0       0x4c build/stm32f4xx_hal.o
                0x00000000080017d0                HAL_InitTick
 .text.HAL_Init
                0x000000000800181c       0x34 build/stm32f4xx_hal.o
                0x000000000800181c                HAL_Init
 .text.HAL_IncTick
                0x0000000008001850       0x18 build/stm32f4xx_hal.o
                0x0000000008001850                HAL_IncTick
 .text.HAL_GetTick
                0x0000000008001868        0xc build/stm32f4xx_hal.o
                0x0000000008001868                HAL_GetTick
 .text.HAL_Delay
                0x0000000008001874       0x28 build/stm32f4xx_hal.o
                0x0000000008001874                HAL_Delay
 .text.HAL_NVIC_SetPriorityGrouping
                0x000000000800189c       0x24 build/stm32f4xx_hal_cortex.o
                0x000000000800189c                HAL_NVIC_SetPriorityGrouping
 .text.HAL_NVIC_SetPriority
                0x00000000080018c0       0x70 build/stm32f4xx_hal_cortex.o
                0x00000000080018c0                HAL_NVIC_SetPriority
 .text.HAL_NVIC_EnableIRQ
                0x0000000008001930       0x1c build/stm32f4xx_hal_cortex.o
                0x0000000008001930                HAL_NVIC_EnableIRQ
 .text.HAL_SYSTICK_Config
                0x000000000800194c       0x28 build/stm32f4xx_hal_cortex.o
                0x000000000800194c                HAL_SYSTICK_Config
 .text.HAL_GPIO_Init
                0x0000000008001974      0x1e0 build/stm32f4xx_hal_gpio.o
                0x0000000008001974                HAL_GPIO_Init
 .text.HAL_GPIO_ReadPin
                0x0000000008001b54        0xe build/stm32f4xx_hal_gpio.o
                0x0000000008001b54                HAL_GPIO_ReadPin
 .text.HAL_GPIO_WritePin
                0x0000000008001b62        0xc build/stm32f4xx_hal_gpio.o
                0x0000000008001b62                HAL_GPIO_WritePin
 *fill*         0x0000000008001b6e        0x2 
 .text.HAL_RCC_ClockConfig
                0x0000000008001b70      0x160 build/stm32f4xx_hal_rcc.o
                0x0000000008001b70                HAL_RCC_ClockConfig
 .text.HAL_RCC_GetHCLKFreq
                0x0000000008001cd0        0xc build/stm32f4xx_hal_rcc.o
                0x0000000008001cd0                HAL_RCC_GetHCLKFreq
 .text.HAL_RCC_GetPCLK1Freq
                0x0000000008001cdc       0x20 build/stm32f4xx_hal_rcc.o
                0x0000000008001cdc                HAL_RCC_GetPCLK1Freq
 .text.HAL_RCC_GetPCLK2Freq
                0x0000000008001cfc       0x20 build/stm32f4xx_hal_rcc.o
                0x0000000008001cfc                HAL_RCC_GetPCLK2Freq
 .text.HAL_RCCEx_PeriphCLKConfig
                0x0000000008001d1c      0x474 build/stm32f4xx_hal_rcc_ex.o
                0x0000000008001d1c                HAL_RCCEx_PeriphCLKConfig
 .text.HAL_RCC_GetSysClockFreq
                0x0000000008002190      0x190 build/stm32f4xx_hal_rcc_ex.o
                0x0000000008002190                HAL_RCC_GetSysClockFreq
 .text.HAL_RCC_OscConfig
                0x0000000008002320      0x444 build/stm32f4xx_hal_rcc_ex.o
                0x0000000008002320                HAL_RCC_OscConfig
 .text.HAL_RTC_WaitForSynchro
                0x0000000008002764       0x32 build/stm32f4xx_hal_rtc.o
                0x0000000008002764                HAL_RTC_WaitForSynchro
 .text.RTC_EnterInitMode
                0x0000000008002796       0x3c build/stm32f4xx_hal_rtc.o
                0x0000000008002796                RTC_EnterInitMode
 .text.HAL_RTC_Init
                0x00000000080027d2       0xc4 build/stm32f4xx_hal_rtc.o
                0x00000000080027d2                HAL_RTC_Init
 *fill*         0x0000000008002896        0x2 
 .text.HAL_TIM_Base_Start
                0x0000000008002898       0x7c build/stm32f4xx_hal_tim.o
                0x0000000008002898                HAL_TIM_Base_Start
 .text.HAL_TIM_Base_Start_IT
                0x0000000008002914       0x88 build/stm32f4xx_hal_tim.o
                0x0000000008002914                HAL_TIM_Base_Start_IT
 .text.HAL_TIM_PeriodElapsedCallback
                0x000000000800299c        0x2 build/stm32f4xx_hal_tim.o
                0x000000000800299c                HAL_TIM_PeriodElapsedCallback
 .text.HAL_TIM_OC_DelayElapsedCallback
                0x000000000800299e        0x2 build/stm32f4xx_hal_tim.o
                0x000000000800299e                HAL_TIM_OC_DelayElapsedCallback
 .text.HAL_TIM_IC_CaptureCallback
                0x00000000080029a0        0x2 build/stm32f4xx_hal_tim.o
                0x00000000080029a0                HAL_TIM_IC_CaptureCallback
 .text.HAL_TIM_PWM_PulseFinishedCallback
                0x00000000080029a2        0x2 build/stm32f4xx_hal_tim.o
                0x00000000080029a2                HAL_TIM_PWM_PulseFinishedCallback
 .text.HAL_TIM_TriggerCallback
                0x00000000080029a4        0x2 build/stm32f4xx_hal_tim.o
                0x00000000080029a4                HAL_TIM_TriggerCallback
 .text.HAL_TIM_IRQHandler
                0x00000000080029a6      0x17a build/stm32f4xx_hal_tim.o
                0x00000000080029a6                HAL_TIM_IRQHandler
 .text.TIM_Base_SetConfig
                0x0000000008002b20       0xc8 build/stm32f4xx_hal_tim.o
                0x0000000008002b20                TIM_Base_SetConfig
 .text.HAL_TIM_Base_Init
                0x0000000008002be8       0x58 build/stm32f4xx_hal_tim.o
                0x0000000008002be8                HAL_TIM_Base_Init
 .text.HAL_TIMEx_MasterConfigSynchronization
                0x0000000008002c40       0x8c build/stm32f4xx_hal_tim_ex.o
                0x0000000008002c40                HAL_TIMEx_MasterConfigSynchronization
 .text.HAL_TIMEx_CommutCallback
                0x0000000008002ccc        0x2 build/stm32f4xx_hal_tim_ex.o
                0x0000000008002ccc                HAL_TIMEx_CommutCallback
 .text.HAL_TIMEx_BreakCallback
                0x0000000008002cce        0x2 build/stm32f4xx_hal_tim_ex.o
                0x0000000008002cce                HAL_TIMEx_BreakCallback
 .text.UART_SetConfig
                0x0000000008002cd0      0x110 build/stm32f4xx_hal_uart.o
 .text.HAL_UART_Init
                0x0000000008002de0       0x5e build/stm32f4xx_hal_uart.o
                0x0000000008002de0                HAL_UART_Init
 *fill*         0x0000000008002e3e        0x2 
 .text.Reset_Handler
                0x0000000008002e40       0x50 build/startup_stm32f446xx.o
                0x0000000008002e40                Reset_Handler
 .text.Default_Handler
                0x0000000008002e90        0x2 build/startup_stm32f446xx.o
                0x0000000008002e90                RTC_Alarm_IRQHandler
                0x0000000008002e90                EXTI2_IRQHandler
                0x0000000008002e90                TIM8_CC_IRQHandler
                0x0000000008002e90                FMPI2C1_EV_IRQHandler
                0x0000000008002e90                SPI4_IRQHandler
                0x0000000008002e90                TIM1_CC_IRQHandler
                0x0000000008002e90                DMA2_Stream5_IRQHandler
                0x0000000008002e90                DMA1_Stream5_IRQHandler
                0x0000000008002e90                PVD_IRQHandler
                0x0000000008002e90                SDIO_IRQHandler
                0x0000000008002e90                TAMP_STAMP_IRQHandler
                0x0000000008002e90                CAN2_RX1_IRQHandler
                0x0000000008002e90                EXTI3_IRQHandler
                0x0000000008002e90                TIM8_TRG_COM_TIM14_IRQHandler
                0x0000000008002e90                TIM1_UP_TIM10_IRQHandler
                0x0000000008002e90                TIM8_UP_TIM13_IRQHandler
                0x0000000008002e90                I2C3_ER_IRQHandler
                0x0000000008002e90                EXTI0_IRQHandler
                0x0000000008002e90                I2C2_EV_IRQHandler
                0x0000000008002e90                DMA1_Stream2_IRQHandler
                0x0000000008002e90                CAN1_RX0_IRQHandler
                0x0000000008002e90                FPU_IRQHandler
                0x0000000008002e90                OTG_HS_WKUP_IRQHandler
                0x0000000008002e90                CAN2_SCE_IRQHandler
                0x0000000008002e90                DMA2_Stream2_IRQHandler
                0x0000000008002e90                SPI1_IRQHandler
                0x0000000008002e90                TIM6_DAC_IRQHandler
                0x0000000008002e90                TIM1_BRK_TIM9_IRQHandler
                0x0000000008002e90                DCMI_IRQHandler
                0x0000000008002e90                CAN2_RX0_IRQHandler
                0x0000000008002e90                DMA2_Stream3_IRQHandler
                0x0000000008002e90                SAI2_IRQHandler
                0x0000000008002e90                USART6_IRQHandler
                0x0000000008002e90                USART3_IRQHandler
                0x0000000008002e90                CAN1_RX1_IRQHandler
                0x0000000008002e90                UART5_IRQHandler
                0x0000000008002e90                DMA2_Stream0_IRQHandler
                0x0000000008002e90                TIM4_IRQHandler
                0x0000000008002e90                QUADSPI_IRQHandler
                0x0000000008002e90                I2C1_EV_IRQHandler
                0x0000000008002e90                DMA1_Stream6_IRQHandler
                0x0000000008002e90                DMA1_Stream1_IRQHandler
                0x0000000008002e90                UART4_IRQHandler
                0x0000000008002e90                TIM3_IRQHandler
                0x0000000008002e90                RCC_IRQHandler
                0x0000000008002e90                TIM8_BRK_TIM12_IRQHandler
                0x0000000008002e90                Default_Handler
                0x0000000008002e90                CEC_IRQHandler
                0x0000000008002e90                EXTI15_10_IRQHandler
                0x0000000008002e90                ADC_IRQHandler
                0x0000000008002e90                DMA1_Stream7_IRQHandler
                0x0000000008002e90                CAN2_TX_IRQHandler
                0x0000000008002e90                TIM5_IRQHandler
                0x0000000008002e90                DMA2_Stream7_IRQHandler
                0x0000000008002e90                I2C3_EV_IRQHandler
                0x0000000008002e90                EXTI9_5_IRQHandler
                0x0000000008002e90                RTC_WKUP_IRQHandler
                0x0000000008002e90                SPDIF_RX_IRQHandler
                0x0000000008002e90                SPI2_IRQHandler
                0x0000000008002e90                OTG_HS_EP1_IN_IRQHandler
                0x0000000008002e90                DMA1_Stream0_IRQHandler
                0x0000000008002e90                CAN1_TX_IRQHandler
                0x0000000008002e90                FMPI2C1_ER_IRQHandler
                0x0000000008002e90                EXTI4_IRQHandler
                0x0000000008002e90                OTG_HS_EP1_OUT_IRQHandler
                0x0000000008002e90                WWDG_IRQHandler
                0x0000000008002e90                TIM2_IRQHandler
                0x0000000008002e90                OTG_FS_WKUP_IRQHandler
                0x0000000008002e90                TIM1_TRG_COM_TIM11_IRQHandler
                0x0000000008002e90                OTG_HS_IRQHandler
                0x0000000008002e90                EXTI1_IRQHandler
                0x0000000008002e90                USART2_IRQHandler
                0x0000000008002e90                I2C2_ER_IRQHandler
                0x0000000008002e90                DMA2_Stream1_IRQHandler
                0x0000000008002e90                CAN1_SCE_IRQHandler
                0x0000000008002e90                FLASH_IRQHandler
                0x0000000008002e90                DMA2_Stream4_IRQHandler
                0x0000000008002e90                USART1_IRQHandler
                0x0000000008002e90                OTG_FS_IRQHandler
                0x0000000008002e90                SPI3_IRQHandler
                0x0000000008002e90                DMA1_Stream4_IRQHandler
                0x0000000008002e90                I2C1_ER_IRQHandler
                0x0000000008002e90                FMC_IRQHandler
                0x0000000008002e90                DMA2_Stream6_IRQHandler
                0x0000000008002e90                SAI1_IRQHandler
                0x0000000008002e90                DMA1_Stream3_IRQHandler
 *fill*         0x0000000008002e92        0x2 
 .text.atexit   0x0000000008002e94        0xc /usr/lib/gcc/arm-none-eabi/11.1.0/../../../../arm-none-eabi/lib/thumb/v7e-m+fp/hard/libc.a(lib_a-atexit.o)
                0x0000000008002e94                atexit
 .text.__errno  0x0000000008002ea0        0xc /usr/lib/gcc/arm-none-eabi/11.1.0/../../../../arm-none-eabi/lib/thumb/v7e-m+fp/hard/libc.a(lib_a-errno.o)
                0x0000000008002ea0                __errno
 .text.__libc_fini_array
                0x0000000008002eac       0x2c /usr/lib/gcc/arm-none-eabi/11.1.0/../../../../arm-none-eabi/lib/thumb/v7e-m+fp/hard/libc.a(lib_a-fini.o)
                0x0000000008002eac                __libc_fini_array
 .text.__libc_init_array
                0x0000000008002ed8       0x48 /usr/lib/gcc/arm-none-eabi/11.1.0/../../../../arm-none-eabi/lib/thumb/v7e-m+fp/hard/libc.a(lib_a-init.o)
                0x0000000008002ed8                __libc_init_array
 .text.memset   0x0000000008002f20       0xa4 /usr/lib/gcc/arm-none-eabi/11.1.0/../../../../arm-none-eabi/lib/thumb/v7e-m+fp/hard/libc.a(lib_a-memset.o)
                0x0000000008002f20                memset
 .text.sprintf  0x0000000008002fc4       0x40 /usr/lib/gcc/arm-none-eabi/11.1.0/../../../../arm-none-eabi/lib/thumb/v7e-m+fp/hard/libc.a(lib_a-sprintf.o)
                0x0000000008002fc4                sprintf
 *fill*         0x0000000008003004        0x4 
 .text._svfprintf_r
                0x0000000008003008     0x1a58 /usr/lib/gcc/arm-none-eabi/11.1.0/../../../../arm-none-eabi/lib/thumb/v7e-m+fp/hard/libc.a(lib_a-svfprintf.o)
                0x0000000008003008                _svfprintf_r
 .text.__register_exitproc
                0x0000000008004a60       0x84 /usr/lib/gcc/arm-none-eabi/11.1.0/../../../../arm-none-eabi/lib/thumb/v7e-m+fp/hard/libc.a(lib_a-__atexit.o)
                0x0000000008004a60                __register_exitproc
 .text.startup.register_fini
                0x0000000008004ae4       0x14 /usr/lib/gcc/arm-none-eabi/11.1.0/../../../../arm-none-eabi/lib/thumb/v7e-m+fp/hard/libc.a(lib_a-__call_atexit.o)
 .text.quorem   0x0000000008004af8      0x128 /usr/lib/gcc/arm-none-eabi/11.1.0/../../../../arm-none-eabi/lib/thumb/v7e-m+fp/hard/libc.a(lib_a-dtoa.o)
 .text._dtoa_r  0x0000000008004c20      0xee4 /usr/lib/gcc/arm-none-eabi/11.1.0/../../../../arm-none-eabi/lib/thumb/v7e-m+fp/hard/libc.a(lib_a-dtoa.o)
                0x0000000008004c20                _dtoa_r
 .text._malloc_trim_r
                0x0000000008005b04       0xa0 /usr/lib/gcc/arm-none-eabi/11.1.0/../../../../arm-none-eabi/lib/thumb/v7e-m+fp/hard/libc.a(lib_a-freer.o)
                0x0000000008005b04                _malloc_trim_r
 .text._free_r  0x0000000008005ba4      0x1f8 /usr/lib/gcc/arm-none-eabi/11.1.0/../../../../arm-none-eabi/lib/thumb/v7e-m+fp/hard/libc.a(lib_a-freer.o)
                0x0000000008005ba4                _free_r
 .text._localeconv_r
                0x0000000008005d9c        0x8 /usr/lib/gcc/arm-none-eabi/11.1.0/../../../../arm-none-eabi/lib/thumb/v7e-m+fp/hard/libc.a(lib_a-localeconv.o)
                0x0000000008005d9c                _localeconv_r
 .text.__locale_mb_cur_max
                0x0000000008005da4        0xc /usr/lib/gcc/arm-none-eabi/11.1.0/../../../../arm-none-eabi/lib/thumb/v7e-m+fp/hard/libc.a(lib_a-locale.o)
                0x0000000008005da4                __locale_mb_cur_max
 .text.__retarget_lock_init_recursive
                0x0000000008005db0        0x4 /usr/lib/gcc/arm-none-eabi/11.1.0/../../../../arm-none-eabi/lib/thumb/v7e-m+fp/hard/libc.a(lib_a-lock.o)
                0x0000000008005db0                __retarget_lock_init_recursive
 .text.__retarget_lock_close_recursive
                0x0000000008005db4        0x4 /usr/lib/gcc/arm-none-eabi/11.1.0/../../../../arm-none-eabi/lib/thumb/v7e-m+fp/hard/libc.a(lib_a-lock.o)
                0x0000000008005db4                __retarget_lock_close_recursive
 .text.__retarget_lock_acquire_recursive
                0x0000000008005db8        0x4 /usr/lib/gcc/arm-none-eabi/11.1.0/../../../../arm-none-eabi/lib/thumb/v7e-m+fp/hard/libc.a(lib_a-lock.o)
                0x0000000008005db8                __retarget_lock_acquire_recursive
 .text.__retarget_lock_release_recursive
                0x0000000008005dbc        0x4 /usr/lib/gcc/arm-none-eabi/11.1.0/../../../../arm-none-eabi/lib/thumb/v7e-m+fp/hard/libc.a(lib_a-lock.o)
                0x0000000008005dbc                __retarget_lock_release_recursive
 .text._malloc_r
                0x0000000008005dc0      0x57c /usr/lib/gcc/arm-none-eabi/11.1.0/../../../../arm-none-eabi/lib/thumb/v7e-m+fp/hard/libc.a(lib_a-mallocr.o)
                0x0000000008005dc0                _malloc_r
 .text.__ascii_mbtowc
                0x000000000800633c       0x2c /usr/lib/gcc/arm-none-eabi/11.1.0/../../../../arm-none-eabi/lib/thumb/v7e-m+fp/hard/libc.a(lib_a-mbtowc_r.o)
                0x000000000800633c                __ascii_mbtowc
 .text.__malloc_lock
                0x0000000008006368        0xc /usr/lib/gcc/arm-none-eabi/11.1.0/../../../../arm-none-eabi/lib/thumb/v7e-m+fp/hard/libc.a(lib_a-mlock.o)
                0x0000000008006368                __malloc_lock
 .text.__malloc_unlock
                0x0000000008006374        0xc /usr/lib/gcc/arm-none-eabi/11.1.0/../../../../arm-none-eabi/lib/thumb/v7e-m+fp/hard/libc.a(lib_a-mlock.o)
                0x0000000008006374                __malloc_unlock
 .text._Balloc  0x0000000008006380       0x4c /usr/lib/gcc/arm-none-eabi/11.1.0/../../../../arm-none-eabi/lib/thumb/v7e-m+fp/hard/libc.a(lib_a-mprec.o)
                0x0000000008006380                _Balloc
 .text._Bfree   0x00000000080063cc       0x14 /usr/lib/gcc/arm-none-eabi/11.1.0/../../../../arm-none-eabi/lib/thumb/v7e-m+fp/hard/libc.a(lib_a-mprec.o)
                0x00000000080063cc                _Bfree
 .text.__multadd
                0x00000000080063e0       0xa8 /usr/lib/gcc/arm-none-eabi/11.1.0/../../../../arm-none-eabi/lib/thumb/v7e-m+fp/hard/libc.a(lib_a-mprec.o)
                0x00000000080063e0                __multadd
 .text.__hi0bits
                0x0000000008006488       0x40 /usr/lib/gcc/arm-none-eabi/11.1.0/../../../../arm-none-eabi/lib/thumb/v7e-m+fp/hard/libc.a(lib_a-mprec.o)
                0x0000000008006488                __hi0bits
 .text.__lo0bits
                0x00000000080064c8       0x60 /usr/lib/gcc/arm-none-eabi/11.1.0/../../../../arm-none-eabi/lib/thumb/v7e-m+fp/hard/libc.a(lib_a-mprec.o)
                0x00000000080064c8                __lo0bits
 .text.__i2b    0x0000000008006528       0x5c /usr/lib/gcc/arm-none-eabi/11.1.0/../../../../arm-none-eabi/lib/thumb/v7e-m+fp/hard/libc.a(lib_a-mprec.o)
                0x0000000008006528                __i2b
 .text.__multiply
                0x0000000008006584      0x158 /usr/lib/gcc/arm-none-eabi/11.1.0/../../../../arm-none-eabi/lib/thumb/v7e-m+fp/hard/libc.a(lib_a-mprec.o)
                0x0000000008006584                __multiply
 .text.__pow5mult
                0x00000000080066dc       0xc0 /usr/lib/gcc/arm-none-eabi/11.1.0/../../../../arm-none-eabi/lib/thumb/v7e-m+fp/hard/libc.a(lib_a-mprec.o)
                0x00000000080066dc                __pow5mult
 .text.__lshift
                0x000000000800679c       0xf0 /usr/lib/gcc/arm-none-eabi/11.1.0/../../../../arm-none-eabi/lib/thumb/v7e-m+fp/hard/libc.a(lib_a-mprec.o)
                0x000000000800679c                __lshift
 .text.__mcmp   0x000000000800688c       0x44 /usr/lib/gcc/arm-none-eabi/11.1.0/../../../../arm-none-eabi/lib/thumb/v7e-m+fp/hard/libc.a(lib_a-mprec.o)
                0x000000000800688c                __mcmp
 .text.__mdiff  0x00000000080068d0      0x14c /usr/lib/gcc/arm-none-eabi/11.1.0/../../../../arm-none-eabi/lib/thumb/v7e-m+fp/hard/libc.a(lib_a-mprec.o)
                0x00000000080068d0                __mdiff
 .text.__d2b    0x0000000008006a1c       0xd0 /usr/lib/gcc/arm-none-eabi/11.1.0/../../../../arm-none-eabi/lib/thumb/v7e-m+fp/hard/libc.a(lib_a-mprec.o)
                0x0000000008006a1c                __d2b
 .text._sbrk_r  0x0000000008006aec       0x24 /usr/lib/gcc/arm-none-eabi/11.1.0/../../../../arm-none-eabi/lib/thumb/v7e-m+fp/hard/libc.a(lib_a-sbrkr.o)
                0x0000000008006aec                _sbrk_r
 .text.frexp    0x0000000008006b10       0x6c /usr/lib/gcc/arm-none-eabi/11.1.0/../../../../arm-none-eabi/lib/thumb/v7e-m+fp/hard/libc.a(lib_a-s_frexp.o)
                0x0000000008006b10                frexp
 .text.strncpy  0x0000000008006b7c       0x64 /usr/lib/gcc/arm-none-eabi/11.1.0/../../../../arm-none-eabi/lib/thumb/v7e-m+fp/hard/libc.a(lib_a-strncpy.o)
                0x0000000008006b7c                strncpy
 .text.__ssprint_r
                0x0000000008006be0       0xf8 /usr/lib/gcc/arm-none-eabi/11.1.0/../../../../arm-none-eabi/lib/thumb/v7e-m+fp/hard/libc.a(lib_a-svfiprintf.o)
                0x0000000008006be0                __ssprint_r
 .text.__ascii_wctomb
                0x0000000008006cd8       0x1c /usr/lib/gcc/arm-none-eabi/11.1.0/../../../../arm-none-eabi/lib/thumb/v7e-m+fp/hard/libc.a(lib_a-wctomb_r.o)
                0x0000000008006cd8                __ascii_wctomb
 .text.__assert_func
                0x0000000008006cf4       0x40 /usr/lib/gcc/arm-none-eabi/11.1.0/../../../../arm-none-eabi/lib/thumb/v7e-m+fp/hard/libc.a(lib_a-assert.o)
                0x0000000008006cf4                __assert_func
 .text._calloc_r
                0x0000000008006d34       0x78 /usr/lib/gcc/arm-none-eabi/11.1.0/../../../../arm-none-eabi/lib/thumb/v7e-m+fp/hard/libc.a(lib_a-callocr.o)
                0x0000000008006d34                _calloc_r
 .text.fiprintf
                0x0000000008006dac       0x28 /usr/lib/gcc/arm-none-eabi/11.1.0/../../../../arm-none-eabi/lib/thumb/v7e-m+fp/hard/libc.a(lib_a-fiprintf.o)
                0x0000000008006dac                fiprintf
 .text.memmove  0x0000000008006dd4       0xf8 /usr/lib/gcc/arm-none-eabi/11.1.0/../../../../arm-none-eabi/lib/thumb/v7e-m+fp/hard/libc.a(lib_a-memmove.o)
                0x0000000008006dd4                memmove
 .text._realloc_r
                0x0000000008006ecc      0x3fc /usr/lib/gcc/arm-none-eabi/11.1.0/../../../../arm-none-eabi/lib/thumb/v7e-m+fp/hard/libc.a(lib_a-reallocr.o)
                0x0000000008006ecc                _realloc_r
 .text.__sprint_r.part.0
                0x00000000080072c8       0x78 /usr/lib/gcc/arm-none-eabi/11.1.0/../../../../arm-none-eabi/lib/thumb/v7e-m+fp/hard/libc.a(lib_a-vfiprintf.o)
 .text._vfiprintf_r
                0x0000000008007340      0xe2c /usr/lib/gcc/arm-none-eabi/11.1.0/../../../../arm-none-eabi/lib/thumb/v7e-m+fp/hard/libc.a(lib_a-vfiprintf.o)
                0x0000000008007340                _vfiprintf_r
 .text.__sbprintf
                0x000000000800816c       0x80 /usr/lib/gcc/arm-none-eabi/11.1.0/../../../../arm-none-eabi/lib/thumb/v7e-m+fp/hard/libc.a(lib_a-vfiprintf.o)
 .text.__swsetup_r
                0x00000000080081ec       0xd4 /usr/lib/gcc/arm-none-eabi/11.1.0/../../../../arm-none-eabi/lib/thumb/v7e-m+fp/hard/libc.a(lib_a-wsetup.o)
                0x00000000080081ec                __swsetup_r
 .text.abort    0x00000000080082c0       0x10 /usr/lib/gcc/arm-none-eabi/11.1.0/../../../../arm-none-eabi/lib/thumb/v7e-m+fp/hard/libc.a(lib_a-abort.o)
                0x00000000080082c0                abort
 .text.__sflush_r
                0x00000000080082d0      0x144 /usr/lib/gcc/arm-none-eabi/11.1.0/../../../../arm-none-eabi/lib/thumb/v7e-m+fp/hard/libc.a(lib_a-fflush.o)
                0x00000000080082d0                __sflush_r
 .text._fflush_r
                0x0000000008008414       0x5c /usr/lib/gcc/arm-none-eabi/11.1.0/../../../../arm-none-eabi/lib/thumb/v7e-m+fp/hard/libc.a(lib_a-fflush.o)
                0x0000000008008414                _fflush_r
 .text._cleanup_r
                0x0000000008008470        0xc /usr/lib/gcc/arm-none-eabi/11.1.0/../../../../arm-none-eabi/lib/thumb/v7e-m+fp/hard/libc.a(lib_a-findfp.o)
                0x0000000008008470                _cleanup_r
 .text.__sinit  0x000000000800847c      0x10c /usr/lib/gcc/arm-none-eabi/11.1.0/../../../../arm-none-eabi/lib/thumb/v7e-m+fp/hard/libc.a(lib_a-findfp.o)
                0x000000000800847c                __sinit
 .text.__sfp_lock_acquire
                0x0000000008008588        0xc /usr/lib/gcc/arm-none-eabi/11.1.0/../../../../arm-none-eabi/lib/thumb/v7e-m+fp/hard/libc.a(lib_a-findfp.o)
                0x0000000008008588                __sfp_lock_acquire
 .text.__sfp_lock_release
                0x0000000008008594        0xc /usr/lib/gcc/arm-none-eabi/11.1.0/../../../../arm-none-eabi/lib/thumb/v7e-m+fp/hard/libc.a(lib_a-findfp.o)
                0x0000000008008594                __sfp_lock_release
 .text.__fputwc
                0x00000000080085a0       0xa8 /usr/lib/gcc/arm-none-eabi/11.1.0/../../../../arm-none-eabi/lib/thumb/v7e-m+fp/hard/libc.a(lib_a-fputwc.o)
                0x00000000080085a0                __fputwc
 .text._fputwc_r
                0x0000000008008648       0x64 /usr/lib/gcc/arm-none-eabi/11.1.0/../../../../arm-none-eabi/lib/thumb/v7e-m+fp/hard/libc.a(lib_a-fputwc.o)
                0x0000000008008648                _fputwc_r
 .text.__sfvwrite_r
                0x00000000080086ac      0x30c /usr/lib/gcc/arm-none-eabi/11.1.0/../../../../arm-none-eabi/lib/thumb/v7e-m+fp/hard/libc.a(lib_a-fvwrite.o)
                0x00000000080086ac                __sfvwrite_r
 .text._fwalk_reent
                0x00000000080089b8       0x48 /usr/lib/gcc/arm-none-eabi/11.1.0/../../../../arm-none-eabi/lib/thumb/v7e-m+fp/hard/libc.a(lib_a-fwalk.o)
                0x00000000080089b8                _fwalk_reent
 .text.__smakebuf_r
                0x0000000008008a00       0xe0 /usr/lib/gcc/arm-none-eabi/11.1.0/../../../../arm-none-eabi/lib/thumb/v7e-m+fp/hard/libc.a(lib_a-makebuf.o)
                0x0000000008008a00                __smakebuf_r
 .text.raise    0x0000000008008ae0       0x5c /usr/lib/gcc/arm-none-eabi/11.1.0/../../../../arm-none-eabi/lib/thumb/v7e-m+fp/hard/libc.a(lib_a-signal.o)
                0x0000000008008ae0                raise
 .text._kill_r  0x0000000008008b3c       0x2c /usr/lib/gcc/arm-none-eabi/11.1.0/../../../../arm-none-eabi/lib/thumb/v7e-m+fp/hard/libc.a(lib_a-signalr.o)
                0x0000000008008b3c                _kill_r
 .text._getpid_r
                0x0000000008008b68        0x4 /usr/lib/gcc/arm-none-eabi/11.1.0/../../../../arm-none-eabi/lib/thumb/v7e-m+fp/hard/libc.a(lib_a-signalr.o)
                0x0000000008008b68                _getpid_r
 .text.__sread  0x0000000008008b6c       0x24 /usr/lib/gcc/arm-none-eabi/11.1.0/../../../../arm-none-eabi/lib/thumb/v7e-m+fp/hard/libc.a(lib_a-stdio.o)
                0x0000000008008b6c                __sread
 .text.__swrite
                0x0000000008008b90       0x44 /usr/lib/gcc/arm-none-eabi/11.1.0/../../../../arm-none-eabi/lib/thumb/v7e-m+fp/hard/libc.a(lib_a-stdio.o)
                0x0000000008008b90                __swrite
 .text.__sseek  0x0000000008008bd4       0x20 /usr/lib/gcc/arm-none-eabi/11.1.0/../../../../arm-none-eabi/lib/thumb/v7e-m+fp/hard/libc.a(lib_a-stdio.o)
                0x0000000008008bd4                __sseek
 .text.__sclose
                0x0000000008008bf4        0x8 /usr/lib/gcc/arm-none-eabi/11.1.0/../../../../arm-none-eabi/lib/thumb/v7e-m+fp/hard/libc.a(lib_a-stdio.o)
                0x0000000008008bf4                __sclose
 .text.__swbuf_r
                0x0000000008008bfc       0xb0 /usr/lib/gcc/arm-none-eabi/11.1.0/../../../../arm-none-eabi/lib/thumb/v7e-m+fp/hard/libc.a(lib_a-wbuf.o)
                0x0000000008008bfc                __swbuf_r
 .text._wcrtomb_r
                0x0000000008008cac       0x34 /usr/lib/gcc/arm-none-eabi/11.1.0/../../../../arm-none-eabi/lib/thumb/v7e-m+fp/hard/libc.a(lib_a-wcrtomb.o)
                0x0000000008008cac                _wcrtomb_r
 .text._write_r
                0x0000000008008ce0       0x2c /usr/lib/gcc/arm-none-eabi/11.1.0/../../../../arm-none-eabi/lib/thumb/v7e-m+fp/hard/libc.a(lib_a-writer.o)
                0x0000000008008ce0                _write_r
 .text._close_r
                0x0000000008008d0c       0x24 /usr/lib/gcc/arm-none-eabi/11.1.0/../../../../arm-none-eabi/lib/thumb/v7e-m+fp/hard/libc.a(lib_a-closer.o)
                0x0000000008008d0c                _close_r
 .text._fclose_r
                0x0000000008008d30       0xd0 /usr/lib/gcc/arm-none-eabi/11.1.0/../../../../arm-none-eabi/lib/thumb/v7e-m+fp/hard/libc.a(lib_a-fclose.o)
                0x0000000008008d30                _fclose_r
 .text._fstat_r
                0x0000000008008e00       0x2c /usr/lib/gcc/arm-none-eabi/11.1.0/../../../../arm-none-eabi/lib/thumb/v7e-m+fp/hard/libc.a(lib_a-fstatr.o)
                0x0000000008008e00                _fstat_r
 .text._isatty_r
                0x0000000008008e2c       0x24 /usr/lib/gcc/arm-none-eabi/11.1.0/../../../../arm-none-eabi/lib/thumb/v7e-m+fp/hard/libc.a(lib_a-isattyr.o)
                0x0000000008008e2c                _isatty_r
 .text._lseek_r
                0x0000000008008e50       0x2c /usr/lib/gcc/arm-none-eabi/11.1.0/../../../../arm-none-eabi/lib/thumb/v7e-m+fp/hard/libc.a(lib_a-lseekr.o)
                0x0000000008008e50                _lseek_r
 .text._read_r  0x0000000008008e7c       0x2c /usr/lib/gcc/arm-none-eabi/11.1.0/../../../../arm-none-eabi/lib/thumb/v7e-m+fp/hard/libc.a(lib_a-readr.o)
                0x0000000008008e7c                _read_r
 .text.__udivmoddi4
                0x0000000008008ea8      0x27a /usr/lib/gcc/arm-none-eabi/11.1.0/thumb/v7e-m+fp/hard/libgcc.a(_udivmoddi4.o)
                0x0000000008008ea8                __udivmoddi4
 *(.glue_7)
 .glue_7        0x0000000008009122        0x0 linker stubs
 *(.glue_7t)
 .glue_7t       0x0000000008009122        0x0 linker stubs
 *(.eh_frame)
 *fill*         0x0000000008009122        0x2 
 .eh_frame      0x0000000008009124        0x0 /usr/lib/gcc/arm-none-eabi/11.1.0/thumb/v7e-m+fp/hard/crtbegin.o
 *(.init)
 .init          0x0000000008009124        0x4 /usr/lib/gcc/arm-none-eabi/11.1.0/thumb/v7e-m+fp/hard/crti.o
                0x0000000008009124                _init
 .init          0x0000000008009128        0x8 /usr/lib/gcc/arm-none-eabi/11.1.0/thumb/v7e-m+fp/hard/crtn.o
 *(.fini)
 .fini          0x0000000008009130        0x4 /usr/lib/gcc/arm-none-eabi/11.1.0/thumb/v7e-m+fp/hard/crti.o
                0x0000000008009130                _fini
 .fini          0x0000000008009134        0x8 /usr/lib/gcc/arm-none-eabi/11.1.0/thumb/v7e-m+fp/hard/crtn.o
                0x000000000800913c                . = ALIGN (0x4)
                0x000000000800913c                _etext = .

.vfp11_veneer   0x000000000800913c        0x0
 .vfp11_veneer  0x000000000800913c        0x0 linker stubs

.v4_bx          0x000000000800913c        0x0
 .v4_bx         0x000000000800913c        0x0 linker stubs

.iplt           0x000000000800913c        0x0
 .iplt          0x000000000800913c        0x0 /usr/lib/gcc/arm-none-eabi/11.1.0/thumb/v7e-m+fp/hard/crtbegin.o

.rodata         0x0000000008009140      0x3d8
                0x0000000008009140                . = ALIGN (0x4)
 *(.rodata)
 .rodata        0x0000000008009140       0x18 build/main.o
 *(.rodata*)
 .rodata.Lcd_float.str1.4
                0x0000000008009158        0x8 build/HD44780_LCD.o
 .rodata.ROW_16
                0x0000000008009160        0x4 build/HD44780_LCD.o
                0x0000000008009160                ROW_16
 .rodata.main.str1.4
                0x0000000008009164       0x1a build/main.o
 *fill*         0x000000000800917e        0x2 
 .rodata.AHBPrescTable
                0x0000000008009180       0x10 build/system_stm32f4xx.o
                0x0000000008009180                AHBPrescTable
 .rodata.APBPrescTable
                0x0000000008009190        0x8 build/system_stm32f4xx.o
                0x0000000008009190                APBPrescTable
 .rodata._global_impure_ptr
                0x0000000008009198        0x4 /usr/lib/gcc/arm-none-eabi/11.1.0/../../../../arm-none-eabi/lib/thumb/v7e-m+fp/hard/libc.a(lib_a-impure.o)
                0x0000000008009198                _global_impure_ptr
 .rodata._svfprintf_r.str1.4
                0x000000000800919c       0x42 /usr/lib/gcc/arm-none-eabi/11.1.0/../../../../arm-none-eabi/lib/thumb/v7e-m+fp/hard/libc.a(lib_a-svfprintf.o)
 *fill*         0x00000000080091de        0x2 
 .rodata.blanks.1
                0x00000000080091e0       0x10 /usr/lib/gcc/arm-none-eabi/11.1.0/../../../../arm-none-eabi/lib/thumb/v7e-m+fp/hard/libc.a(lib_a-svfprintf.o)
 .rodata.zeroes.0
                0x00000000080091f0       0x10 /usr/lib/gcc/arm-none-eabi/11.1.0/../../../../arm-none-eabi/lib/thumb/v7e-m+fp/hard/libc.a(lib_a-svfprintf.o)
 .rodata._dtoa_r.str1.4
                0x0000000008009200       0x63 /usr/lib/gcc/arm-none-eabi/11.1.0/../../../../arm-none-eabi/lib/thumb/v7e-m+fp/hard/libc.a(lib_a-dtoa.o)
                                         0x67 (size before relaxing)
 *fill*         0x0000000008009263        0x1 
 .rodata._setlocale_r.str1.4
                0x0000000008009264        0xa /usr/lib/gcc/arm-none-eabi/11.1.0/../../../../arm-none-eabi/lib/thumb/v7e-m+fp/hard/libc.a(lib_a-locale.o)
                                          0xd (size before relaxing)
 *fill*         0x000000000800926e        0x2 
 .rodata.str1.4
                0x0000000008009270        0x2 /usr/lib/gcc/arm-none-eabi/11.1.0/../../../../arm-none-eabi/lib/thumb/v7e-m+fp/hard/libc.a(lib_a-locale.o)
 *fill*         0x0000000008009272        0x2 
 .rodata.__multadd.str1.4
                0x0000000008009274       0x40 /usr/lib/gcc/arm-none-eabi/11.1.0/../../../../arm-none-eabi/lib/thumb/v7e-m+fp/hard/libc.a(lib_a-mprec.o)
                                         0x54 (size before relaxing)
 *fill*         0x00000000080092b4        0x4 
 .rodata.__mprec_bigtens
                0x00000000080092b8       0x28 /usr/lib/gcc/arm-none-eabi/11.1.0/../../../../arm-none-eabi/lib/thumb/v7e-m+fp/hard/libc.a(lib_a-mprec.o)
                0x00000000080092b8                __mprec_bigtens
 .rodata.__mprec_tens
                0x00000000080092e0       0xc8 /usr/lib/gcc/arm-none-eabi/11.1.0/../../../../arm-none-eabi/lib/thumb/v7e-m+fp/hard/libc.a(lib_a-mprec.o)
                0x00000000080092e0                __mprec_tens
 .rodata.p05.0  0x00000000080093a8        0xc /usr/lib/gcc/arm-none-eabi/11.1.0/../../../../arm-none-eabi/lib/thumb/v7e-m+fp/hard/libc.a(lib_a-mprec.o)
 .rodata.__assert_func.str1.4
                0x00000000080093b4       0x3f /usr/lib/gcc/arm-none-eabi/11.1.0/../../../../arm-none-eabi/lib/thumb/v7e-m+fp/hard/libc.a(lib_a-assert.o)
                                         0x43 (size before relaxing)
 *fill*         0x00000000080093f3        0x1 
 .rodata._ctype_
                0x00000000080093f4      0x101 /usr/lib/gcc/arm-none-eabi/11.1.0/../../../../arm-none-eabi/lib/thumb/v7e-m+fp/hard/libc.a(lib_a-ctype_.o)
                0x00000000080093f4                _ctype_
 .rodata._vfiprintf_r.str1.4
                0x00000000080094f5       0x2f /usr/lib/gcc/arm-none-eabi/11.1.0/../../../../arm-none-eabi/lib/thumb/v7e-m+fp/hard/libc.a(lib_a-vfiprintf.o)
 *fill*         0x00000000080094f5        0x3 
 .rodata.blanks.1
                0x00000000080094f8       0x10 /usr/lib/gcc/arm-none-eabi/11.1.0/../../../../arm-none-eabi/lib/thumb/v7e-m+fp/hard/libc.a(lib_a-vfiprintf.o)
 .rodata.zeroes.0
                0x0000000008009508       0x10 /usr/lib/gcc/arm-none-eabi/11.1.0/../../../../arm-none-eabi/lib/thumb/v7e-m+fp/hard/libc.a(lib_a-vfiprintf.o)
                0x0000000008009518                . = ALIGN (0x4)

.ARM.extab
 *(.ARM.extab* .gnu.linkonce.armextab.*)

.ARM            0x0000000008009518        0x8
                0x0000000008009518                __exidx_start = .
 *(.ARM.exidx*)
 .ARM.exidx.text.__udivmoddi4
                0x0000000008009518        0x8 /usr/lib/gcc/arm-none-eabi/11.1.0/thumb/v7e-m+fp/hard/libgcc.a(_udivmoddi4.o)
                0x0000000008009520                __exidx_end = .

.rel.dyn        0x0000000008009520        0x0
 .rel.iplt      0x0000000008009520        0x0 /usr/lib/gcc/arm-none-eabi/11.1.0/thumb/v7e-m+fp/hard/crtbegin.o

.preinit_array  0x0000000008009520        0x0
                0x0000000008009520                PROVIDE (__preinit_array_start = .)
 *(.preinit_array*)
                0x0000000008009520                PROVIDE (__preinit_array_end = .)

.init_array     0x0000000008009520        0x8
                0x0000000008009520                PROVIDE (__init_array_start = .)
 *(SORT_BY_NAME(.init_array.*))
 .init_array.00000
                0x0000000008009520        0x4 /usr/lib/gcc/arm-none-eabi/11.1.0/../../../../arm-none-eabi/lib/thumb/v7e-m+fp/hard/libc.a(lib_a-__call_atexit.o)
 *(.init_array*)
 .init_array    0x0000000008009524        0x4 /usr/lib/gcc/arm-none-eabi/11.1.0/thumb/v7e-m+fp/hard/crtbegin.o
                0x0000000008009528                PROVIDE (__init_array_end = .)

.fini_array     0x0000000008009528        0x4
                0x0000000008009528                PROVIDE (__fini_array_start = .)
 *(SORT_BY_NAME(.fini_array.*))
 *(.fini_array*)
 .fini_array    0x0000000008009528        0x4 /usr/lib/gcc/arm-none-eabi/11.1.0/thumb/v7e-m+fp/hard/crtbegin.o
                0x000000000800952c                PROVIDE (__fini_array_end = .)
                0x000000000800952c                _sidata = LOADADDR (.data)

.data           0x0000000020000000      0x9b8 load address 0x000000000800952c
                0x0000000020000000                . = ALIGN (0x4)
                0x0000000020000000                _sdata = .
 *(.data)
 *(.data*)
 .data.SystemCoreClock
                0x0000000020000000        0x4 build/system_stm32f4xx.o
                0x0000000020000000                SystemCoreClock
 .data.uwTickFreq
                0x0000000020000004        0x1 build/stm32f4xx_hal.o
                0x0000000020000004                uwTickFreq
 *fill*         0x0000000020000005        0x3 
 .data.uwTickPrio
                0x0000000020000008        0x4 build/stm32f4xx_hal.o
                0x0000000020000008                uwTickPrio
 .data._impure_ptr
                0x000000002000000c        0x4 /usr/lib/gcc/arm-none-eabi/11.1.0/../../../../arm-none-eabi/lib/thumb/v7e-m+fp/hard/libc.a(lib_a-impure.o)
                0x000000002000000c                _impure_ptr
 .data.impure_data
                0x0000000020000010      0x428 /usr/lib/gcc/arm-none-eabi/11.1.0/../../../../arm-none-eabi/lib/thumb/v7e-m+fp/hard/libc.a(lib_a-impure.o)
 .data.__atexit_recursive_mutex
                0x0000000020000438        0x4 /usr/lib/gcc/arm-none-eabi/11.1.0/../../../../arm-none-eabi/lib/thumb/v7e-m+fp/hard/libc.a(lib_a-__call_atexit.o)
                0x0000000020000438                __atexit_recursive_mutex
 .data.__global_locale
                0x000000002000043c      0x16c /usr/lib/gcc/arm-none-eabi/11.1.0/../../../../arm-none-eabi/lib/thumb/v7e-m+fp/hard/libc.a(lib_a-locale.o)
                0x000000002000043c                __global_locale
 .data.__malloc_av_
                0x00000000200005a8      0x408 /usr/lib/gcc/arm-none-eabi/11.1.0/../../../../arm-none-eabi/lib/thumb/v7e-m+fp/hard/libc.a(lib_a-mallocr.o)
                0x00000000200005a8                __malloc_av_
 .data.__malloc_sbrk_base
                0x00000000200009b0        0x4 /usr/lib/gcc/arm-none-eabi/11.1.0/../../../../arm-none-eabi/lib/thumb/v7e-m+fp/hard/libc.a(lib_a-mallocr.o)
                0x00000000200009b0                __malloc_sbrk_base
 .data.__malloc_trim_threshold
                0x00000000200009b4        0x4 /usr/lib/gcc/arm-none-eabi/11.1.0/../../../../arm-none-eabi/lib/thumb/v7e-m+fp/hard/libc.a(lib_a-mallocr.o)
                0x00000000200009b4                __malloc_trim_threshold
                0x00000000200009b8                . = ALIGN (0x4)
                0x00000000200009b8                _edata = .

.igot.plt       0x00000000200009b8        0x0 load address 0x0000000008009ee4
 .igot.plt      0x00000000200009b8        0x0 /usr/lib/gcc/arm-none-eabi/11.1.0/thumb/v7e-m+fp/hard/crtbegin.o
                0x00000000200009b8                . = ALIGN (0x4)

.bss            0x00000000200009b8      0x160 load address 0x0000000008009ee4
                0x00000000200009b8                _sbss = .
                0x00000000200009b8                __bss_start__ = _sbss
 *(.bss)
 *(.bss*)
 .bss.completed.1
                0x00000000200009b8        0x1 /usr/lib/gcc/arm-none-eabi/11.1.0/thumb/v7e-m+fp/hard/crtbegin.o
 *fill*         0x00000000200009b9        0x3 
 .bss.object.0  0x00000000200009bc       0x18 /usr/lib/gcc/arm-none-eabi/11.1.0/thumb/v7e-m+fp/hard/crtbegin.o
 .bss.hrtc      0x00000000200009d4       0x20 build/rtc.o
                0x00000000200009d4                hrtc
 .bss.__sbrk_heap_end
                0x00000000200009f4        0x4 build/sysmem.o
 .bss.htim6     0x00000000200009f8       0x48 build/tim.o
                0x00000000200009f8                htim6
 .bss.htim7     0x0000000020000a40       0x48 build/tim.o
                0x0000000020000a40                htim7
 .bss.huart2    0x0000000020000a88       0x44 build/usart.o
                0x0000000020000a88                huart2
 .bss.uwTick    0x0000000020000acc        0x4 build/stm32f4xx_hal.o
                0x0000000020000acc                uwTick
 .bss.__lock___atexit_recursive_mutex
                0x0000000020000ad0        0x1 /usr/lib/gcc/arm-none-eabi/11.1.0/../../../../arm-none-eabi/lib/thumb/v7e-m+fp/hard/libc.a(lib_a-lock.o)
                0x0000000020000ad0                __lock___atexit_recursive_mutex
 *fill*         0x0000000020000ad1        0x3 
 .bss.__lock___malloc_recursive_mutex
                0x0000000020000ad4        0x1 /usr/lib/gcc/arm-none-eabi/11.1.0/../../../../arm-none-eabi/lib/thumb/v7e-m+fp/hard/libc.a(lib_a-lock.o)
                0x0000000020000ad4                __lock___malloc_recursive_mutex
 *fill*         0x0000000020000ad5        0x3 
 .bss.__lock___sfp_recursive_mutex
                0x0000000020000ad8        0x1 /usr/lib/gcc/arm-none-eabi/11.1.0/../../../../arm-none-eabi/lib/thumb/v7e-m+fp/hard/libc.a(lib_a-lock.o)
                0x0000000020000ad8                __lock___sfp_recursive_mutex
 *fill*         0x0000000020000ad9        0x3 
 .bss.__lock___sinit_recursive_mutex
                0x0000000020000adc        0x1 /usr/lib/gcc/arm-none-eabi/11.1.0/../../../../arm-none-eabi/lib/thumb/v7e-m+fp/hard/libc.a(lib_a-lock.o)
                0x0000000020000adc                __lock___sinit_recursive_mutex
 *fill*         0x0000000020000add        0x3 
 .bss.__malloc_current_mallinfo
                0x0000000020000ae0       0x28 /usr/lib/gcc/arm-none-eabi/11.1.0/../../../../arm-none-eabi/lib/thumb/v7e-m+fp/hard/libc.a(lib_a-mallocr.o)
                0x0000000020000ae0                __malloc_current_mallinfo
 .bss.__malloc_max_sbrked_mem
                0x0000000020000b08        0x4 /usr/lib/gcc/arm-none-eabi/11.1.0/../../../../arm-none-eabi/lib/thumb/v7e-m+fp/hard/libc.a(lib_a-mallocr.o)
                0x0000000020000b08                __malloc_max_sbrked_mem
 .bss.__malloc_max_total_mem
                0x0000000020000b0c        0x4 /usr/lib/gcc/arm-none-eabi/11.1.0/../../../../arm-none-eabi/lib/thumb/v7e-m+fp/hard/libc.a(lib_a-mallocr.o)
                0x0000000020000b0c                __malloc_max_total_mem
 .bss.__malloc_top_pad
                0x0000000020000b10        0x4 /usr/lib/gcc/arm-none-eabi/11.1.0/../../../../arm-none-eabi/lib/thumb/v7e-m+fp/hard/libc.a(lib_a-mallocr.o)
                0x0000000020000b10                __malloc_top_pad
 .bss.errno     0x0000000020000b14        0x4 /usr/lib/gcc/arm-none-eabi/11.1.0/../../../../arm-none-eabi/lib/thumb/v7e-m+fp/hard/libc.a(lib_a-reent.o)
                0x0000000020000b14                errno
 *(COMMON)
                0x0000000020000b18                . = ALIGN (0x4)
                0x0000000020000b18                _ebss = .
                0x0000000020000b18                __bss_end__ = _ebss

._user_heap_stack
                0x0000000020000b18      0x600 load address 0x0000000008009ee4
                0x0000000020000b18                . = ALIGN (0x8)
                [!provide]                        PROVIDE (end = .)
                0x0000000020000b18                PROVIDE (_end = .)
                0x0000000020000d18                . = (. + _Min_Heap_Size)
 *fill*         0x0000000020000b18      0x200 
                0x0000000020001118                . = (. + _Min_Stack_Size)
 *fill*         0x0000000020000d18      0x400 
                0x0000000020001118                . = ALIGN (0x8)

/DISCARD/
 libc.a(*)
 libm.a(*)
 libgcc.a(*)

.ARM.attributes
                0x0000000000000000       0x30
 *(.ARM.attributes)
 .ARM.attributes
                0x0000000000000000       0x1e /usr/lib/gcc/arm-none-eabi/11.1.0/thumb/v7e-m+fp/hard/crti.o
 .ARM.attributes
                0x000000000000001e       0x34 /usr/lib/gcc/arm-none-eabi/11.1.0/thumb/v7e-m+fp/hard/crtbegin.o
 .ARM.attributes
                0x0000000000000052       0x34 build/DS18B20.o
 .ARM.attributes
                0x0000000000000086       0x34 build/HD44780_LCD.o
 .ARM.attributes
                0x00000000000000ba       0x34 build/gpio.o
 .ARM.attributes
                0x00000000000000ee       0x34 build/main.o
 .ARM.attributes
                0x0000000000000122       0x34 build/rtc.o
 .ARM.attributes
                0x0000000000000156       0x34 build/stm32f4xx_hal_msp.o
 .ARM.attributes
                0x000000000000018a       0x34 build/stm32f4xx_it.o
 .ARM.attributes
                0x00000000000001be       0x34 build/syscalls.o
 .ARM.attributes
                0x00000000000001f2       0x34 build/sysmem.o
 .ARM.attributes
                0x0000000000000226       0x34 build/system_stm32f4xx.o
 .ARM.attributes
                0x000000000000025a       0x34 build/tim.o
 .ARM.attributes
                0x000000000000028e       0x34 build/usart.o
 .ARM.attributes
                0x00000000000002c2       0x34 build/stm32f4xx_hal.o
 .ARM.attributes
                0x00000000000002f6       0x34 build/stm32f4xx_hal_cortex.o
 .ARM.attributes
                0x000000000000032a       0x34 build/stm32f4xx_hal_gpio.o
 .ARM.attributes
                0x000000000000035e       0x34 build/stm32f4xx_hal_rcc.o
 .ARM.attributes
                0x0000000000000392       0x34 build/stm32f4xx_hal_rcc_ex.o
 .ARM.attributes
                0x00000000000003c6       0x34 build/stm32f4xx_hal_rtc.o
 .ARM.attributes
                0x00000000000003fa       0x34 build/stm32f4xx_hal_tim.o
 .ARM.attributes
                0x000000000000042e       0x34 build/stm32f4xx_hal_tim_ex.o
 .ARM.attributes
                0x0000000000000462       0x34 build/stm32f4xx_hal_uart.o
 .ARM.attributes
                0x0000000000000496       0x21 build/startup_stm32f446xx.o
 .ARM.attributes
                0x00000000000004b7       0x34 /usr/lib/gcc/arm-none-eabi/11.1.0/../../../../arm-none-eabi/lib/thumb/v7e-m+fp/hard/libc.a(lib_a-atexit.o)
 .ARM.attributes
                0x00000000000004eb       0x34 /usr/lib/gcc/arm-none-eabi/11.1.0/../../../../arm-none-eabi/lib/thumb/v7e-m+fp/hard/libc.a(lib_a-errno.o)
 .ARM.attributes
                0x000000000000051f       0x34 /usr/lib/gcc/arm-none-eabi/11.1.0/../../../../arm-none-eabi/lib/thumb/v7e-m+fp/hard/libc.a(lib_a-fini.o)
 .ARM.attributes
                0x0000000000000553       0x32 /usr/lib/gcc/arm-none-eabi/11.1.0/../../../../arm-none-eabi/lib/thumb/v7e-m+fp/hard/libc.a(lib_a-impure.o)
 .ARM.attributes
                0x0000000000000585       0x34 /usr/lib/gcc/arm-none-eabi/11.1.0/../../../../arm-none-eabi/lib/thumb/v7e-m+fp/hard/libc.a(lib_a-init.o)
 .ARM.attributes
                0x00000000000005b9       0x34 /usr/lib/gcc/arm-none-eabi/11.1.0/../../../../arm-none-eabi/lib/thumb/v7e-m+fp/hard/libc.a(lib_a-memset.o)
 .ARM.attributes
                0x00000000000005ed       0x34 /usr/lib/gcc/arm-none-eabi/11.1.0/../../../../arm-none-eabi/lib/thumb/v7e-m+fp/hard/libc.a(lib_a-sprintf.o)
 .ARM.attributes
                0x0000000000000621       0x1c /usr/lib/gcc/arm-none-eabi/11.1.0/../../../../arm-none-eabi/lib/thumb/v7e-m+fp/hard/libc.a(lib_a-strlen.o)
 .ARM.attributes
                0x000000000000063d       0x34 /usr/lib/gcc/arm-none-eabi/11.1.0/../../../../arm-none-eabi/lib/thumb/v7e-m+fp/hard/libc.a(lib_a-svfprintf.o)
 .ARM.attributes
                0x0000000000000671       0x34 /usr/lib/gcc/arm-none-eabi/11.1.0/../../../../arm-none-eabi/lib/thumb/v7e-m+fp/hard/libc.a(lib_a-__atexit.o)
 .ARM.attributes
                0x00000000000006a5       0x34 /usr/lib/gcc/arm-none-eabi/11.1.0/../../../../arm-none-eabi/lib/thumb/v7e-m+fp/hard/libc.a(lib_a-__call_atexit.o)
 .ARM.attributes
                0x00000000000006d9       0x34 /usr/lib/gcc/arm-none-eabi/11.1.0/../../../../arm-none-eabi/lib/thumb/v7e-m+fp/hard/libc.a(lib_a-dtoa.o)
 .ARM.attributes
                0x000000000000070d       0x34 /usr/lib/gcc/arm-none-eabi/11.1.0/../../../../arm-none-eabi/lib/thumb/v7e-m+fp/hard/libc.a(lib_a-freer.o)
 .ARM.attributes
                0x0000000000000741       0x34 /usr/lib/gcc/arm-none-eabi/11.1.0/../../../../arm-none-eabi/lib/thumb/v7e-m+fp/hard/libc.a(lib_a-localeconv.o)
 .ARM.attributes
                0x0000000000000775       0x34 /usr/lib/gcc/arm-none-eabi/11.1.0/../../../../arm-none-eabi/lib/thumb/v7e-m+fp/hard/libc.a(lib_a-locale.o)
 .ARM.attributes
                0x00000000000007a9       0x34 /usr/lib/gcc/arm-none-eabi/11.1.0/../../../../arm-none-eabi/lib/thumb/v7e-m+fp/hard/libc.a(lib_a-lock.o)
 .ARM.attributes
                0x00000000000007dd       0x34 /usr/lib/gcc/arm-none-eabi/11.1.0/../../../../arm-none-eabi/lib/thumb/v7e-m+fp/hard/libc.a(lib_a-mallocr.o)
 .ARM.attributes
                0x0000000000000811       0x34 /usr/lib/gcc/arm-none-eabi/11.1.0/../../../../arm-none-eabi/lib/thumb/v7e-m+fp/hard/libc.a(lib_a-mbtowc_r.o)
 .ARM.attributes
                0x0000000000000845       0x1c /usr/lib/gcc/arm-none-eabi/11.1.0/../../../../arm-none-eabi/lib/thumb/v7e-m+fp/hard/libc.a(lib_a-memchr.o)
 .ARM.attributes
                0x0000000000000861       0x1c /usr/lib/gcc/arm-none-eabi/11.1.0/../../../../arm-none-eabi/lib/thumb/v7e-m+fp/hard/libc.a(lib_a-memcpy.o)
 .ARM.attributes
                0x000000000000087d       0x34 /usr/lib/gcc/arm-none-eabi/11.1.0/../../../../arm-none-eabi/lib/thumb/v7e-m+fp/hard/libc.a(lib_a-mlock.o)
 .ARM.attributes
                0x00000000000008b1       0x34 /usr/lib/gcc/arm-none-eabi/11.1.0/../../../../arm-none-eabi/lib/thumb/v7e-m+fp/hard/libc.a(lib_a-mprec.o)
 .ARM.attributes
                0x00000000000008e5       0x34 /usr/lib/gcc/arm-none-eabi/11.1.0/../../../../arm-none-eabi/lib/thumb/v7e-m+fp/hard/libc.a(lib_a-sbrkr.o)
 .ARM.attributes
                0x0000000000000919       0x34 /usr/lib/gcc/arm-none-eabi/11.1.0/../../../../arm-none-eabi/lib/thumb/v7e-m+fp/hard/libc.a(lib_a-s_frexp.o)
 .ARM.attributes
                0x000000000000094d       0x34 /usr/lib/gcc/arm-none-eabi/11.1.0/../../../../arm-none-eabi/lib/thumb/v7e-m+fp/hard/libc.a(lib_a-strncpy.o)
 .ARM.attributes
                0x0000000000000981       0x34 /usr/lib/gcc/arm-none-eabi/11.1.0/../../../../arm-none-eabi/lib/thumb/v7e-m+fp/hard/libc.a(lib_a-svfiprintf.o)
 .ARM.attributes
                0x00000000000009b5       0x34 /usr/lib/gcc/arm-none-eabi/11.1.0/../../../../arm-none-eabi/lib/thumb/v7e-m+fp/hard/libc.a(lib_a-wctomb_r.o)
 .ARM.attributes
                0x00000000000009e9       0x34 /usr/lib/gcc/arm-none-eabi/11.1.0/../../../../arm-none-eabi/lib/thumb/v7e-m+fp/hard/libc.a(lib_a-assert.o)
 .ARM.attributes
                0x0000000000000a1d       0x34 /usr/lib/gcc/arm-none-eabi/11.1.0/../../../../arm-none-eabi/lib/thumb/v7e-m+fp/hard/libc.a(lib_a-callocr.o)
 .ARM.attributes
                0x0000000000000a51       0x32 /usr/lib/gcc/arm-none-eabi/11.1.0/../../../../arm-none-eabi/lib/thumb/v7e-m+fp/hard/libc.a(lib_a-ctype_.o)
 .ARM.attributes
                0x0000000000000a83       0x34 /usr/lib/gcc/arm-none-eabi/11.1.0/../../../../arm-none-eabi/lib/thumb/v7e-m+fp/hard/libc.a(lib_a-fiprintf.o)
 .ARM.attributes
                0x0000000000000ab7       0x34 /usr/lib/gcc/arm-none-eabi/11.1.0/../../../../arm-none-eabi/lib/thumb/v7e-m+fp/hard/libc.a(lib_a-memmove.o)
 .ARM.attributes
                0x0000000000000aeb       0x34 /usr/lib/gcc/arm-none-eabi/11.1.0/../../../../arm-none-eabi/lib/thumb/v7e-m+fp/hard/libc.a(lib_a-reallocr.o)
 .ARM.attributes
                0x0000000000000b1f       0x34 /usr/lib/gcc/arm-none-eabi/11.1.0/../../../../arm-none-eabi/lib/thumb/v7e-m+fp/hard/libc.a(lib_a-reent.o)
 .ARM.attributes
                0x0000000000000b53       0x34 /usr/lib/gcc/arm-none-eabi/11.1.0/../../../../arm-none-eabi/lib/thumb/v7e-m+fp/hard/libc.a(lib_a-vfiprintf.o)
 .ARM.attributes
                0x0000000000000b87       0x34 /usr/lib/gcc/arm-none-eabi/11.1.0/../../../../arm-none-eabi/lib/thumb/v7e-m+fp/hard/libc.a(lib_a-wsetup.o)
 .ARM.attributes
                0x0000000000000bbb       0x34 /usr/lib/gcc/arm-none-eabi/11.1.0/../../../../arm-none-eabi/lib/thumb/v7e-m+fp/hard/libc.a(lib_a-abort.o)
 .ARM.attributes
                0x0000000000000bef       0x34 /usr/lib/gcc/arm-none-eabi/11.1.0/../../../../arm-none-eabi/lib/thumb/v7e-m+fp/hard/libc.a(lib_a-fflush.o)
 .ARM.attributes
                0x0000000000000c23       0x34 /usr/lib/gcc/arm-none-eabi/11.1.0/../../../../arm-none-eabi/lib/thumb/v7e-m+fp/hard/libc.a(lib_a-findfp.o)
 .ARM.attributes
                0x0000000000000c57       0x34 /usr/lib/gcc/arm-none-eabi/11.1.0/../../../../arm-none-eabi/lib/thumb/v7e-m+fp/hard/libc.a(lib_a-fputwc.o)
 .ARM.attributes
                0x0000000000000c8b       0x34 /usr/lib/gcc/arm-none-eabi/11.1.0/../../../../arm-none-eabi/lib/thumb/v7e-m+fp/hard/libc.a(lib_a-fvwrite.o)
 .ARM.attributes
                0x0000000000000cbf       0x34 /usr/lib/gcc/arm-none-eabi/11.1.0/../../../../arm-none-eabi/lib/thumb/v7e-m+fp/hard/libc.a(lib_a-fwalk.o)
 .ARM.attributes
                0x0000000000000cf3       0x34 /usr/lib/gcc/arm-none-eabi/11.1.0/../../../../arm-none-eabi/lib/thumb/v7e-m+fp/hard/libc.a(lib_a-makebuf.o)
 .ARM.attributes
                0x0000000000000d27       0x34 /usr/lib/gcc/arm-none-eabi/11.1.0/../../../../arm-none-eabi/lib/thumb/v7e-m+fp/hard/libc.a(lib_a-signal.o)
 .ARM.attributes
                0x0000000000000d5b       0x34 /usr/lib/gcc/arm-none-eabi/11.1.0/../../../../arm-none-eabi/lib/thumb/v7e-m+fp/hard/libc.a(lib_a-signalr.o)
 .ARM.attributes
                0x0000000000000d8f       0x34 /usr/lib/gcc/arm-none-eabi/11.1.0/../../../../arm-none-eabi/lib/thumb/v7e-m+fp/hard/libc.a(lib_a-stdio.o)
 .ARM.attributes
                0x0000000000000dc3       0x34 /usr/lib/gcc/arm-none-eabi/11.1.0/../../../../arm-none-eabi/lib/thumb/v7e-m+fp/hard/libc.a(lib_a-wbuf.o)
 .ARM.attributes
                0x0000000000000df7       0x34 /usr/lib/gcc/arm-none-eabi/11.1.0/../../../../arm-none-eabi/lib/thumb/v7e-m+fp/hard/libc.a(lib_a-wcrtomb.o)
 .ARM.attributes
                0x0000000000000e2b       0x34 /usr/lib/gcc/arm-none-eabi/11.1.0/../../../../arm-none-eabi/lib/thumb/v7e-m+fp/hard/libc.a(lib_a-writer.o)
 .ARM.attributes
                0x0000000000000e5f       0x34 /usr/lib/gcc/arm-none-eabi/11.1.0/../../../../arm-none-eabi/lib/thumb/v7e-m+fp/hard/libc.a(lib_a-closer.o)
 .ARM.attributes
                0x0000000000000e93       0x34 /usr/lib/gcc/arm-none-eabi/11.1.0/../../../../arm-none-eabi/lib/thumb/v7e-m+fp/hard/libc.a(lib_a-fclose.o)
 .ARM.attributes
                0x0000000000000ec7       0x34 /usr/lib/gcc/arm-none-eabi/11.1.0/../../../../arm-none-eabi/lib/thumb/v7e-m+fp/hard/libc.a(lib_a-fstatr.o)
 .ARM.attributes
                0x0000000000000efb       0x34 /usr/lib/gcc/arm-none-eabi/11.1.0/../../../../arm-none-eabi/lib/thumb/v7e-m+fp/hard/libc.a(lib_a-isattyr.o)
 .ARM.attributes
                0x0000000000000f2f       0x34 /usr/lib/gcc/arm-none-eabi/11.1.0/../../../../arm-none-eabi/lib/thumb/v7e-m+fp/hard/libc.a(lib_a-lseekr.o)
 .ARM.attributes
                0x0000000000000f63       0x34 /usr/lib/gcc/arm-none-eabi/11.1.0/../../../../arm-none-eabi/lib/thumb/v7e-m+fp/hard/libc.a(lib_a-readr.o)
 .ARM.attributes
                0x0000000000000f97       0x1e /usr/lib/gcc/arm-none-eabi/11.1.0/thumb/v7e-m+fp/hard/libgcc.a(_arm_addsubdf3.o)
 .ARM.attributes
                0x0000000000000fb5       0x1e /usr/lib/gcc/arm-none-eabi/11.1.0/thumb/v7e-m+fp/hard/libgcc.a(_arm_muldivdf3.o)
 .ARM.attributes
                0x0000000000000fd3       0x1e /usr/lib/gcc/arm-none-eabi/11.1.0/thumb/v7e-m+fp/hard/libgcc.a(_arm_cmpdf2.o)
 .ARM.attributes
                0x0000000000000ff1       0x1e /usr/lib/gcc/arm-none-eabi/11.1.0/thumb/v7e-m+fp/hard/libgcc.a(_arm_unorddf2.o)
 .ARM.attributes
                0x000000000000100f       0x1e /usr/lib/gcc/arm-none-eabi/11.1.0/thumb/v7e-m+fp/hard/libgcc.a(_arm_fixdfsi.o)
 .ARM.attributes
                0x000000000000102d       0x1e /usr/lib/gcc/arm-none-eabi/11.1.0/thumb/v7e-m+fp/hard/libgcc.a(_aeabi_uldivmod.o)
 .ARM.attributes
                0x000000000000104b       0x34 /usr/lib/gcc/arm-none-eabi/11.1.0/thumb/v7e-m+fp/hard/libgcc.a(_udivmoddi4.o)
 .ARM.attributes
                0x000000000000107f       0x1e /usr/lib/gcc/arm-none-eabi/11.1.0/thumb/v7e-m+fp/hard/libgcc.a(_dvmd_tls.o)
 .ARM.attributes
                0x000000000000109d       0x1e /usr/lib/gcc/arm-none-eabi/11.1.0/thumb/v7e-m+fp/hard/crtn.o
OUTPUT(build/ThermometerV2.elf elf32-littlearm)
LOAD linker stubs
LOAD /usr/lib/gcc/arm-none-eabi/11.1.0/../../../../arm-none-eabi/lib/thumb/v7e-m+fp/hard/libc.a
LOAD /usr/lib/gcc/arm-none-eabi/11.1.0/../../../../arm-none-eabi/lib/thumb/v7e-m+fp/hard/libm.a
LOAD /usr/lib/gcc/arm-none-eabi/11.1.0/thumb/v7e-m+fp/hard/libgcc.a

.debug_info     0x0000000000000000    0x13fc5
 .debug_info    0x0000000000000000      0xebd build/DS18B20.o
 .debug_info    0x0000000000000ebd      0xa7f build/HD44780_LCD.o
 .debug_info    0x000000000000193c      0x5e1 build/gpio.o
 .debug_info    0x0000000000001f1d     0x1389 build/main.o
 .debug_info    0x00000000000032a6      0x57d build/rtc.o
 .debug_info    0x0000000000003823      0x358 build/stm32f4xx_hal_msp.o
 .debug_info    0x0000000000003b7b      0x80d build/stm32f4xx_it.o
 .debug_info    0x0000000000004388      0x842 build/syscalls.o
 .debug_info    0x0000000000004bca      0x18c build/sysmem.o
 .debug_info    0x0000000000004d56      0x5f7 build/system_stm32f4xx.o
 .debug_info    0x000000000000534d      0xe6b build/tim.o
 .debug_info    0x00000000000061b8      0xb2b build/usart.o
 .debug_info    0x0000000000006ce3      0xb5c build/stm32f4xx_hal.o
 .debug_info    0x000000000000783f     0x1198 build/stm32f4xx_hal_cortex.o
 .debug_info    0x00000000000089d7      0x8ac build/stm32f4xx_hal_gpio.o
 .debug_info    0x0000000000009283      0xc5d build/stm32f4xx_hal_rcc.o
 .debug_info    0x0000000000009ee0      0xdd1 build/stm32f4xx_hal_rcc_ex.o
 .debug_info    0x000000000000acb1     0x112a build/stm32f4xx_hal_rtc.o
 .debug_info    0x000000000000bddb     0x3e74 build/stm32f4xx_hal_tim.o
 .debug_info    0x000000000000fc4f     0x1caa build/stm32f4xx_hal_tim_ex.o
 .debug_info    0x00000000000118f9     0x1ec7 build/stm32f4xx_hal_uart.o
 .debug_info    0x00000000000137c0       0x22 build/startup_stm32f446xx.o
 .debug_info    0x00000000000137e2       0x25 /usr/lib/gcc/arm-none-eabi/11.1.0/thumb/v7e-m+fp/hard/libgcc.a(_arm_addsubdf3.o)
 .debug_info    0x0000000000013807       0x25 /usr/lib/gcc/arm-none-eabi/11.1.0/thumb/v7e-m+fp/hard/libgcc.a(_arm_muldivdf3.o)
 .debug_info    0x000000000001382c       0x25 /usr/lib/gcc/arm-none-eabi/11.1.0/thumb/v7e-m+fp/hard/libgcc.a(_arm_cmpdf2.o)
 .debug_info    0x0000000000013851       0x24 /usr/lib/gcc/arm-none-eabi/11.1.0/thumb/v7e-m+fp/hard/libgcc.a(_arm_unorddf2.o)
 .debug_info    0x0000000000013875       0x24 /usr/lib/gcc/arm-none-eabi/11.1.0/thumb/v7e-m+fp/hard/libgcc.a(_arm_fixdfsi.o)
 .debug_info    0x0000000000013899       0x24 /usr/lib/gcc/arm-none-eabi/11.1.0/thumb/v7e-m+fp/hard/libgcc.a(_aeabi_uldivmod.o)
 .debug_info    0x00000000000138bd      0x6e4 /usr/lib/gcc/arm-none-eabi/11.1.0/thumb/v7e-m+fp/hard/libgcc.a(_udivmoddi4.o)
 .debug_info    0x0000000000013fa1       0x24 /usr/lib/gcc/arm-none-eabi/11.1.0/thumb/v7e-m+fp/hard/libgcc.a(_dvmd_tls.o)

.debug_abbrev   0x0000000000000000     0x2f22
 .debug_abbrev  0x0000000000000000      0x2bf build/DS18B20.o
 .debug_abbrev  0x00000000000002bf      0x263 build/HD44780_LCD.o
 .debug_abbrev  0x0000000000000522      0x160 build/gpio.o
 .debug_abbrev  0x0000000000000682      0x2c5 build/main.o
 .debug_abbrev  0x0000000000000947      0x185 build/rtc.o
 .debug_abbrev  0x0000000000000acc       0xfd build/stm32f4xx_hal_msp.o
 .debug_abbrev  0x0000000000000bc9      0x190 build/stm32f4xx_it.o
 .debug_abbrev  0x0000000000000d59      0x1e3 build/syscalls.o
 .debug_abbrev  0x0000000000000f3c       0xeb build/sysmem.o
 .debug_abbrev  0x0000000000001027      0x11b build/system_stm32f4xx.o
 .debug_abbrev  0x0000000000001142      0x213 build/tim.o
 .debug_abbrev  0x0000000000001355      0x208 build/usart.o
 .debug_abbrev  0x000000000000155d      0x244 build/stm32f4xx_hal.o
 .debug_abbrev  0x00000000000017a1      0x371 build/stm32f4xx_hal_cortex.o
 .debug_abbrev  0x0000000000001b12      0x22b build/stm32f4xx_hal_gpio.o
 .debug_abbrev  0x0000000000001d3d      0x2de build/stm32f4xx_hal_rcc.o
 .debug_abbrev  0x000000000000201b      0x25f build/stm32f4xx_hal_rcc_ex.o
 .debug_abbrev  0x000000000000227a      0x245 build/stm32f4xx_hal_rtc.o
 .debug_abbrev  0x00000000000024bf      0x2b6 build/stm32f4xx_hal_tim.o
 .debug_abbrev  0x0000000000002775      0x2b0 build/stm32f4xx_hal_tim_ex.o
 .debug_abbrev  0x0000000000002a25      0x2e6 build/stm32f4xx_hal_uart.o
 .debug_abbrev  0x0000000000002d0b       0x12 build/startup_stm32f446xx.o
 .debug_abbrev  0x0000000000002d1d       0x14 /usr/lib/gcc/arm-none-eabi/11.1.0/thumb/v7e-m+fp/hard/libgcc.a(_arm_addsubdf3.o)
 .debug_abbrev  0x0000000000002d31       0x14 /usr/lib/gcc/arm-none-eabi/11.1.0/thumb/v7e-m+fp/hard/libgcc.a(_arm_muldivdf3.o)
 .debug_abbrev  0x0000000000002d45       0x14 /usr/lib/gcc/arm-none-eabi/11.1.0/thumb/v7e-m+fp/hard/libgcc.a(_arm_cmpdf2.o)
 .debug_abbrev  0x0000000000002d59       0x14 /usr/lib/gcc/arm-none-eabi/11.1.0/thumb/v7e-m+fp/hard/libgcc.a(_arm_unorddf2.o)
 .debug_abbrev  0x0000000000002d6d       0x14 /usr/lib/gcc/arm-none-eabi/11.1.0/thumb/v7e-m+fp/hard/libgcc.a(_arm_fixdfsi.o)
 .debug_abbrev  0x0000000000002d81       0x14 /usr/lib/gcc/arm-none-eabi/11.1.0/thumb/v7e-m+fp/hard/libgcc.a(_aeabi_uldivmod.o)
 .debug_abbrev  0x0000000000002d95      0x179 /usr/lib/gcc/arm-none-eabi/11.1.0/thumb/v7e-m+fp/hard/libgcc.a(_udivmoddi4.o)
 .debug_abbrev  0x0000000000002f0e       0x14 /usr/lib/gcc/arm-none-eabi/11.1.0/thumb/v7e-m+fp/hard/libgcc.a(_dvmd_tls.o)

.debug_loc      0x0000000000000000     0xe3d8
 .debug_loc     0x0000000000000000      0x32e build/DS18B20.o
 .debug_loc     0x000000000000032e      0x6b6 build/HD44780_LCD.o
 .debug_loc     0x00000000000009e4       0x39 build/gpio.o
 .debug_loc     0x0000000000000a1d       0xbf build/main.o
 .debug_loc     0x0000000000000adc       0x20 build/rtc.o
 .debug_loc     0x0000000000000afc       0x38 build/stm32f4xx_hal_msp.o
 .debug_loc     0x0000000000000b34       0x40 build/stm32f4xx_it.o
 .debug_loc     0x0000000000000b74      0x511 build/syscalls.o
 .debug_loc     0x0000000000001085       0x84 build/sysmem.o
 .debug_loc     0x0000000000001109      0x158 build/system_stm32f4xx.o
 .debug_loc     0x0000000000001261      0x170 build/tim.o
 .debug_loc     0x00000000000013d1      0x108 build/usart.o
 .debug_loc     0x00000000000014d9      0x1e1 build/stm32f4xx_hal.o
 .debug_loc     0x00000000000016ba      0x831 build/stm32f4xx_hal_cortex.o
 .debug_loc     0x0000000000001eeb      0x5db build/stm32f4xx_hal_gpio.o
 .debug_loc     0x00000000000024c6      0x6e4 build/stm32f4xx_hal_rcc.o
 .debug_loc     0x0000000000002baa     0x100b build/stm32f4xx_hal_rcc_ex.o
 .debug_loc     0x0000000000003bb5      0xef8 build/stm32f4xx_hal_rtc.o
 .debug_loc     0x0000000000004aad     0x536d build/stm32f4xx_hal_tim.o
 .debug_loc     0x0000000000009e1a     0x1fb9 build/stm32f4xx_hal_tim_ex.o
 .debug_loc     0x000000000000bdd3     0x2605 build/stm32f4xx_hal_uart.o

.debug_aranges  0x0000000000000000      0xf68
 .debug_aranges
                0x0000000000000000       0x68 build/DS18B20.o
 .debug_aranges
                0x0000000000000068       0x70 build/HD44780_LCD.o
 .debug_aranges
                0x00000000000000d8       0x20 build/gpio.o
 .debug_aranges
                0x00000000000000f8       0x30 build/main.o
 .debug_aranges
                0x0000000000000128       0x30 build/rtc.o
 .debug_aranges
                0x0000000000000158       0x20 build/stm32f4xx_hal_msp.o
 .debug_aranges
                0x0000000000000178       0x68 build/stm32f4xx_it.o
 .debug_aranges
                0x00000000000001e0       0xa8 build/syscalls.o
 .debug_aranges
                0x0000000000000288       0x20 build/sysmem.o
 .debug_aranges
                0x00000000000002a8       0x28 build/system_stm32f4xx.o
 .debug_aranges
                0x00000000000002d0       0x38 build/tim.o
 .debug_aranges
                0x0000000000000308       0x30 build/usart.o
 .debug_aranges
                0x0000000000000338       0xf0 build/stm32f4xx_hal.o
 .debug_aranges
                0x0000000000000428       0xa8 build/stm32f4xx_hal_cortex.o
 .debug_aranges
                0x00000000000004d0       0x58 build/stm32f4xx_hal_gpio.o
 .debug_aranges
                0x0000000000000528       0x88 build/stm32f4xx_hal_rcc.o
 .debug_aranges
                0x00000000000005b0       0x78 build/stm32f4xx_hal_rcc_ex.o
 .debug_aranges
                0x0000000000000628       0xe0 build/stm32f4xx_hal_rtc.o
 .debug_aranges
                0x0000000000000708      0x3d0 build/stm32f4xx_hal_tim.o
 .debug_aranges
                0x0000000000000ad8      0x168 build/stm32f4xx_hal_tim_ex.o
 .debug_aranges
                0x0000000000000c40      0x200 build/stm32f4xx_hal_uart.o
 .debug_aranges
                0x0000000000000e40       0x28 build/startup_stm32f446xx.o
 .debug_aranges
                0x0000000000000e68       0x20 /usr/lib/gcc/arm-none-eabi/11.1.0/thumb/v7e-m+fp/hard/libgcc.a(_arm_addsubdf3.o)
 .debug_aranges
                0x0000000000000e88       0x20 /usr/lib/gcc/arm-none-eabi/11.1.0/thumb/v7e-m+fp/hard/libgcc.a(_arm_muldivdf3.o)
 .debug_aranges
                0x0000000000000ea8       0x20 /usr/lib/gcc/arm-none-eabi/11.1.0/thumb/v7e-m+fp/hard/libgcc.a(_arm_cmpdf2.o)
 .debug_aranges
                0x0000000000000ec8       0x20 /usr/lib/gcc/arm-none-eabi/11.1.0/thumb/v7e-m+fp/hard/libgcc.a(_arm_unorddf2.o)
 .debug_aranges
                0x0000000000000ee8       0x20 /usr/lib/gcc/arm-none-eabi/11.1.0/thumb/v7e-m+fp/hard/libgcc.a(_arm_fixdfsi.o)
 .debug_aranges
                0x0000000000000f08       0x20 /usr/lib/gcc/arm-none-eabi/11.1.0/thumb/v7e-m+fp/hard/libgcc.a(_aeabi_uldivmod.o)
 .debug_aranges
                0x0000000000000f28       0x20 /usr/lib/gcc/arm-none-eabi/11.1.0/thumb/v7e-m+fp/hard/libgcc.a(_udivmoddi4.o)
 .debug_aranges
                0x0000000000000f48       0x20 /usr/lib/gcc/arm-none-eabi/11.1.0/thumb/v7e-m+fp/hard/libgcc.a(_dvmd_tls.o)

.debug_ranges   0x0000000000000000      0xdd0
 .debug_ranges  0x0000000000000000       0x70 build/DS18B20.o
 .debug_ranges  0x0000000000000070       0x60 build/HD44780_LCD.o
 .debug_ranges  0x00000000000000d0       0x10 build/gpio.o
 .debug_ranges  0x00000000000000e0       0x38 build/main.o
 .debug_ranges  0x0000000000000118       0x20 build/rtc.o
 .debug_ranges  0x0000000000000138       0x10 build/stm32f4xx_hal_msp.o
 .debug_ranges  0x0000000000000148       0x58 build/stm32f4xx_it.o
 .debug_ranges  0x00000000000001a0       0x98 build/syscalls.o
 .debug_ranges  0x0000000000000238       0x10 build/sysmem.o
 .debug_ranges  0x0000000000000248       0x18 build/system_stm32f4xx.o
 .debug_ranges  0x0000000000000260       0x28 build/tim.o
 .debug_ranges  0x0000000000000288       0x20 build/usart.o
 .debug_ranges  0x00000000000002a8       0xe0 build/stm32f4xx_hal.o
 .debug_ranges  0x0000000000000388       0xf8 build/stm32f4xx_hal_cortex.o
 .debug_ranges  0x0000000000000480       0x48 build/stm32f4xx_hal_gpio.o
 .debug_ranges  0x00000000000004c8       0x90 build/stm32f4xx_hal_rcc.o
 .debug_ranges  0x0000000000000558       0x80 build/stm32f4xx_hal_rcc_ex.o
 .debug_ranges  0x00000000000005d8       0xd0 build/stm32f4xx_hal_rtc.o
 .debug_ranges  0x00000000000006a8      0x3c0 build/stm32f4xx_hal_tim.o
 .debug_ranges  0x0000000000000a68      0x158 build/stm32f4xx_hal_tim_ex.o
 .debug_ranges  0x0000000000000bc0      0x1f0 build/stm32f4xx_hal_uart.o
 .debug_ranges  0x0000000000000db0       0x20 build/startup_stm32f446xx.o

.debug_line     0x0000000000000000     0xeddc
 .debug_line    0x0000000000000000      0x3ff build/DS18B20.o
 .debug_line    0x00000000000003ff      0x448 build/HD44780_LCD.o
 .debug_line    0x0000000000000847      0x1bd build/gpio.o
 .debug_line    0x0000000000000a04      0x377 build/main.o
 .debug_line    0x0000000000000d7b      0x1fa build/rtc.o
 .debug_line    0x0000000000000f75      0x13b build/stm32f4xx_hal_msp.o
 .debug_line    0x00000000000010b0      0x273 build/stm32f4xx_it.o
 .debug_line    0x0000000000001323      0x371 build/syscalls.o
 .debug_line    0x0000000000001694      0x138 build/sysmem.o
 .debug_line    0x00000000000017cc      0x1f4 build/system_stm32f4xx.o
 .debug_line    0x00000000000019c0      0x2f3 build/tim.o
 .debug_line    0x0000000000001cb3      0x269 build/usart.o
 .debug_line    0x0000000000001f1c      0x509 build/stm32f4xx_hal.o
 .debug_line    0x0000000000002425      0x71b build/stm32f4xx_hal_cortex.o
 .debug_line    0x0000000000002b40      0x644 build/stm32f4xx_hal_gpio.o
 .debug_line    0x0000000000003184      0xab3 build/stm32f4xx_hal_rcc.o
 .debug_line    0x0000000000003c37     0x132b build/stm32f4xx_hal_rcc_ex.o
 .debug_line    0x0000000000004f62     0x104b build/stm32f4xx_hal_rtc.o
 .debug_line    0x0000000000005fad     0x4768 build/stm32f4xx_hal_tim.o
 .debug_line    0x000000000000a715     0x1be8 build/stm32f4xx_hal_tim_ex.o
 .debug_line    0x000000000000c2fd     0x205d build/stm32f4xx_hal_uart.o
 .debug_line    0x000000000000e35a       0x76 build/startup_stm32f446xx.o
 .debug_line    0x000000000000e3d0      0x16f /usr/lib/gcc/arm-none-eabi/11.1.0/thumb/v7e-m+fp/hard/libgcc.a(_arm_addsubdf3.o)
 .debug_line    0x000000000000e53f      0x184 /usr/lib/gcc/arm-none-eabi/11.1.0/thumb/v7e-m+fp/hard/libgcc.a(_arm_muldivdf3.o)
 .debug_line    0x000000000000e6c3       0xa6 /usr/lib/gcc/arm-none-eabi/11.1.0/thumb/v7e-m+fp/hard/libgcc.a(_arm_cmpdf2.o)
 .debug_line    0x000000000000e769       0x57 /usr/lib/gcc/arm-none-eabi/11.1.0/thumb/v7e-m+fp/hard/libgcc.a(_arm_unorddf2.o)
 .debug_line    0x000000000000e7c0       0x62 /usr/lib/gcc/arm-none-eabi/11.1.0/thumb/v7e-m+fp/hard/libgcc.a(_arm_fixdfsi.o)
 .debug_line    0x000000000000e822       0x4e /usr/lib/gcc/arm-none-eabi/11.1.0/thumb/v7e-m+fp/hard/libgcc.a(_aeabi_uldivmod.o)
 .debug_line    0x000000000000e870      0x522 /usr/lib/gcc/arm-none-eabi/11.1.0/thumb/v7e-m+fp/hard/libgcc.a(_udivmoddi4.o)
 .debug_line    0x000000000000ed92       0x4a /usr/lib/gcc/arm-none-eabi/11.1.0/thumb/v7e-m+fp/hard/libgcc.a(_dvmd_tls.o)

.debug_str      0x0000000000000000     0x4bc5
 .debug_str     0x0000000000000000      0x7e6 build/DS18B20.o
                                        0x8a6 (size before relaxing)
 .debug_str     0x00000000000007e6      0x157 build/HD44780_LCD.o
                                        0x38f (size before relaxing)
 .debug_str     0x000000000000093d      0x139 build/gpio.o
                                        0x373 (size before relaxing)
 .debug_str     0x0000000000000a76      0x402 build/main.o
                                        0xd1e (size before relaxing)
 .debug_str     0x0000000000000e78      0x227 build/rtc.o
                                        0x41d (size before relaxing)
 .debug_str     0x000000000000109f       0x46 build/stm32f4xx_hal_msp.o
                                        0x2d1 (size before relaxing)
 .debug_str     0x00000000000010e5       0xd7 build/stm32f4xx_it.o
                                        0x761 (size before relaxing)
 .debug_str     0x00000000000011bc      0x20e build/syscalls.o
                                        0x3cd (size before relaxing)
 .debug_str     0x00000000000013ca       0x72 build/sysmem.o
                                        0x1f9 (size before relaxing)
 .debug_str     0x000000000000143c       0xd8 build/system_stm32f4xx.o
                                        0x36e (size before relaxing)
 .debug_str     0x0000000000001514      0x627 build/tim.o
                                        0xe59 (size before relaxing)
 .debug_str     0x0000000000001b3b      0x227 build/usart.o
                                        0x807 (size before relaxing)
 .debug_str     0x0000000000001d62      0x311 build/stm32f4xx_hal.o
                                        0xb9e (size before relaxing)
 .debug_str     0x0000000000002073      0x42a build/stm32f4xx_hal_cortex.o
                                        0xc41 (size before relaxing)
 .debug_str     0x000000000000249d       0xf7 build/stm32f4xx_hal_gpio.o
                                        0x4d9 (size before relaxing)
 .debug_str     0x0000000000002594      0x1a1 build/stm32f4xx_hal_rcc.o
                                        0x704 (size before relaxing)
 .debug_str     0x0000000000002735      0x19a build/stm32f4xx_hal_rcc_ex.o
                                        0x7eb (size before relaxing)
 .debug_str     0x00000000000028cf      0x324 build/stm32f4xx_hal_rtc.o
                                        0x7a0 (size before relaxing)
 .debug_str     0x0000000000002bf3      0xeeb build/stm32f4xx_hal_tim.o
                                       0x16bc (size before relaxing)
 .debug_str     0x0000000000003ade      0x4eb build/stm32f4xx_hal_tim_ex.o
                                        0xed8 (size before relaxing)
 .debug_str     0x0000000000003fc9      0x601 build/stm32f4xx_hal_uart.o
                                        0xd09 (size before relaxing)
 .debug_str     0x00000000000045ca       0x24 build/startup_stm32f446xx.o
                                         0x51 (size before relaxing)
 .debug_str     0x00000000000045ee       0x5d /usr/lib/gcc/arm-none-eabi/11.1.0/thumb/v7e-m+fp/hard/libgcc.a(_arm_addsubdf3.o)
                                         0x6b (size before relaxing)
 .debug_str     0x000000000000464b       0x6b /usr/lib/gcc/arm-none-eabi/11.1.0/thumb/v7e-m+fp/hard/libgcc.a(_arm_muldivdf3.o)
 .debug_str     0x000000000000464b       0x6b /usr/lib/gcc/arm-none-eabi/11.1.0/thumb/v7e-m+fp/hard/libgcc.a(_arm_cmpdf2.o)
 .debug_str     0x000000000000464b       0x6b /usr/lib/gcc/arm-none-eabi/11.1.0/thumb/v7e-m+fp/hard/libgcc.a(_arm_unorddf2.o)
 .debug_str     0x000000000000464b       0x6b /usr/lib/gcc/arm-none-eabi/11.1.0/thumb/v7e-m+fp/hard/libgcc.a(_arm_fixdfsi.o)
 .debug_str     0x000000000000464b        0x8 /usr/lib/gcc/arm-none-eabi/11.1.0/thumb/v7e-m+fp/hard/libgcc.a(_aeabi_uldivmod.o)
                                         0x66 (size before relaxing)
 .debug_str     0x0000000000004653      0x566 /usr/lib/gcc/arm-none-eabi/11.1.0/thumb/v7e-m+fp/hard/libgcc.a(_udivmoddi4.o)
                                        0x66b (size before relaxing)
 .debug_str     0x0000000000004bb9        0xc /usr/lib/gcc/arm-none-eabi/11.1.0/thumb/v7e-m+fp/hard/libgcc.a(_dvmd_tls.o)
                                         0x6a (size before relaxing)

.comment        0x0000000000000000       0x1e
 .comment       0x0000000000000000       0x1e build/DS18B20.o
                                         0x1f (size before relaxing)
 .comment       0x000000000000001e       0x1f build/HD44780_LCD.o
 .comment       0x000000000000001e       0x1f build/gpio.o
 .comment       0x000000000000001e       0x1f build/main.o
 .comment       0x000000000000001e       0x1f build/rtc.o
 .comment       0x000000000000001e       0x1f build/stm32f4xx_hal_msp.o
 .comment       0x000000000000001e       0x1f build/stm32f4xx_it.o
 .comment       0x000000000000001e       0x1f build/syscalls.o
 .comment       0x000000000000001e       0x1f build/sysmem.o
 .comment       0x000000000000001e       0x1f build/system_stm32f4xx.o
 .comment       0x000000000000001e       0x1f build/tim.o
 .comment       0x000000000000001e       0x1f build/usart.o
 .comment       0x000000000000001e       0x1f build/stm32f4xx_hal.o
 .comment       0x000000000000001e       0x1f build/stm32f4xx_hal_cortex.o
 .comment       0x000000000000001e       0x1f build/stm32f4xx_hal_gpio.o
 .comment       0x000000000000001e       0x1f build/stm32f4xx_hal_rcc.o
 .comment       0x000000000000001e       0x1f build/stm32f4xx_hal_rcc_ex.o
 .comment       0x000000000000001e       0x1f build/stm32f4xx_hal_rtc.o
 .comment       0x000000000000001e       0x1f build/stm32f4xx_hal_tim.o
 .comment       0x000000000000001e       0x1f build/stm32f4xx_hal_tim_ex.o
 .comment       0x000000000000001e       0x1f build/stm32f4xx_hal_uart.o
 .comment       0x000000000000001e       0x1f /usr/lib/gcc/arm-none-eabi/11.1.0/thumb/v7e-m+fp/hard/libgcc.a(_udivmoddi4.o)

.debug_frame    0x0000000000000000     0x3b50
 .debug_frame   0x0000000000000000      0x108 build/DS18B20.o
 .debug_frame   0x0000000000000108      0x148 build/HD44780_LCD.o
 .debug_frame   0x0000000000000250       0x38 build/gpio.o
 .debug_frame   0x0000000000000288       0x68 build/main.o
 .debug_frame   0x00000000000002f0       0x48 build/rtc.o
 .debug_frame   0x0000000000000338       0x2c build/stm32f4xx_hal_msp.o
 .debug_frame   0x0000000000000364       0xc0 build/stm32f4xx_it.o
 .debug_frame   0x0000000000000424      0x190 build/syscalls.o
 .debug_frame   0x00000000000005b4       0x28 build/sysmem.o
 .debug_frame   0x00000000000005dc       0x30 build/system_stm32f4xx.o
 .debug_frame   0x000000000000060c       0x88 build/tim.o
 .debug_frame   0x0000000000000694       0x60 build/usart.o
 .debug_frame   0x00000000000006f4      0x1ec build/stm32f4xx_hal.o
 .debug_frame   0x00000000000008e0      0x148 build/stm32f4xx_hal_cortex.o
 .debug_frame   0x0000000000000a28       0xd8 build/stm32f4xx_hal_gpio.o
 .debug_frame   0x0000000000000b00      0x16c build/stm32f4xx_hal_rcc.o
 .debug_frame   0x0000000000000c6c      0x14c build/stm32f4xx_hal_rcc_ex.o
 .debug_frame   0x0000000000000db8      0x25c build/stm32f4xx_hal_rtc.o
 .debug_frame   0x0000000000001014      0xb08 build/stm32f4xx_hal_tim.o
 .debug_frame   0x0000000000001b1c      0x40c build/stm32f4xx_hal_tim_ex.o
 .debug_frame   0x0000000000001f28      0x5c0 build/stm32f4xx_hal_uart.o
 .debug_frame   0x00000000000024e8       0x20 /usr/lib/gcc/arm-none-eabi/11.1.0/../../../../arm-none-eabi/lib/thumb/v7e-m+fp/hard/libc.a(lib_a-atexit.o)
 .debug_frame   0x0000000000002508       0x20 /usr/lib/gcc/arm-none-eabi/11.1.0/../../../../arm-none-eabi/lib/thumb/v7e-m+fp/hard/libc.a(lib_a-errno.o)
 .debug_frame   0x0000000000002528       0x34 /usr/lib/gcc/arm-none-eabi/11.1.0/../../../../arm-none-eabi/lib/thumb/v7e-m+fp/hard/libc.a(lib_a-fini.o)
 .debug_frame   0x000000000000255c       0x2c /usr/lib/gcc/arm-none-eabi/11.1.0/../../../../arm-none-eabi/lib/thumb/v7e-m+fp/hard/libc.a(lib_a-init.o)
 .debug_frame   0x0000000000002588       0x2c /usr/lib/gcc/arm-none-eabi/11.1.0/../../../../arm-none-eabi/lib/thumb/v7e-m+fp/hard/libc.a(lib_a-memset.o)
 .debug_frame   0x00000000000025b4       0x74 /usr/lib/gcc/arm-none-eabi/11.1.0/../../../../arm-none-eabi/lib/thumb/v7e-m+fp/hard/libc.a(lib_a-sprintf.o)