Archive member included to satisfy reference by file (symbol)

/usr/lib/gcc/arm-none-eabi/11.1.0/../../../../arm-none-eabi/lib/thumb/v7e-m+fp/hard/libc.a(lib_a-atexit.o)
                              /usr/lib/gcc/arm-none-eabi/11.1.0/../../../../arm-none-eabi/lib/thumb/v7e-m+fp/hard/crt0.o (atexit)
/usr/lib/gcc/arm-none-eabi/11.1.0/../../../../arm-none-eabi/lib/thumb/v7e-m+fp/hard/libc.a(lib_a-errno.o)
                              build/syscalls.o (__errno)
/usr/lib/gcc/arm-none-eabi/11.1.0/../../../../arm-none-eabi/lib/thumb/v7e-m+fp/hard/libc.a(lib_a-exit.o)
                              /usr/lib/gcc/arm-none-eabi/11.1.0/../../../../arm-none-eabi/lib/thumb/v7e-m+fp/hard/crt0.o (exit)
/usr/lib/gcc/arm-none-eabi/11.1.0/../../../../arm-none-eabi/lib/thumb/v7e-m+fp/hard/libc.a(lib_a-fini.o)
                              /usr/lib/gcc/arm-none-eabi/11.1.0/../../../../arm-none-eabi/lib/thumb/v7e-m+fp/hard/crt0.o (__libc_fini_array)
/usr/lib/gcc/arm-none-eabi/11.1.0/../../../../arm-none-eabi/lib/thumb/v7e-m+fp/hard/libc.a(lib_a-impure.o)
                              /usr/lib/gcc/arm-none-eabi/11.1.0/../../../../arm-none-eabi/lib/thumb/v7e-m+fp/hard/libc.a(lib_a-exit.o) (_global_impure_ptr)
/usr/lib/gcc/arm-none-eabi/11.1.0/../../../../arm-none-eabi/lib/thumb/v7e-m+fp/hard/libc.a(lib_a-init.o)
                              /usr/lib/gcc/arm-none-eabi/11.1.0/../../../../arm-none-eabi/lib/thumb/v7e-m+fp/hard/crt0.o (__libc_init_array)
/usr/lib/gcc/arm-none-eabi/11.1.0/../../../../arm-none-eabi/lib/thumb/v7e-m+fp/hard/libc.a(lib_a-memset.o)
                              /usr/lib/gcc/arm-none-eabi/11.1.0/../../../../arm-none-eabi/lib/thumb/v7e-m+fp/hard/crt0.o (memset)
/usr/lib/gcc/arm-none-eabi/11.1.0/../../../../arm-none-eabi/lib/thumb/v7e-m+fp/hard/libc.a(lib_a-sprintf.o)
                              build/HD44780_LCD.o (sprintf)
/usr/lib/gcc/arm-none-eabi/11.1.0/../../../../arm-none-eabi/lib/thumb/v7e-m+fp/hard/libc.a(lib_a-strlen.o)
                              build/HD44780_LCD.o (strlen)
/usr/lib/gcc/arm-none-eabi/11.1.0/../../../../arm-none-eabi/lib/thumb/v7e-m+fp/hard/libc.a(lib_a-svfprintf.o)
                              /usr/lib/gcc/arm-none-eabi/11.1.0/../../../../arm-none-eabi/lib/thumb/v7e-m+fp/hard/libc.a(lib_a-sprintf.o) (_svfprintf_r)
/usr/lib/gcc/arm-none-eabi/11.1.0/../../../../arm-none-eabi/lib/thumb/v7e-m+fp/hard/libc.a(lib_a-__atexit.o)
                              /usr/lib/gcc/arm-none-eabi/11.1.0/../../../../arm-none-eabi/lib/thumb/v7e-m+fp/hard/libc.a(lib_a-atexit.o) (__register_exitproc)
/usr/lib/gcc/arm-none-eabi/11.1.0/../../../../arm-none-eabi/lib/thumb/v7e-m+fp/hard/libc.a(lib_a-__call_atexit.o)
                              /usr/lib/gcc/arm-none-eabi/11.1.0/../../../../arm-none-eabi/lib/thumb/v7e-m+fp/hard/libc.a(lib_a-exit.o) (__call_exitprocs)
/usr/lib/gcc/arm-none-eabi/11.1.0/../../../../arm-none-eabi/lib/thumb/v7e-m+fp/hard/libc.a(lib_a-dtoa.o)
                              /usr/lib/gcc/arm-none-eabi/11.1.0/../../../../arm-none-eabi/lib/thumb/v7e-m+fp/hard/libc.a(lib_a-svfprintf.o) (_dtoa_r)
/usr/lib/gcc/arm-none-eabi/11.1.0/../../../../arm-none-eabi/lib/thumb/v7e-m+fp/hard/libc.a(lib_a-freer.o)
                              /usr/lib/gcc/arm-none-eabi/11.1.0/../../../../arm-none-eabi/lib/thumb/v7e-m+fp/hard/libc.a(lib_a-svfprintf.o) (_free_r)
/usr/lib/gcc/arm-none-eabi/11.1.0/../../../../arm-none-eabi/lib/thumb/v7e-m+fp/hard/libc.a(lib_a-localeconv.o)
                              /usr/lib/gcc/arm-none-eabi/11.1.0/../../../../arm-none-eabi/lib/thumb/v7e-m+fp/hard/libc.a(lib_a-svfprintf.o) (_localeconv_r)
/usr/lib/gcc/arm-none-eabi/11.1.0/../../../../arm-none-eabi/lib/thumb/v7e-m+fp/hard/libc.a(lib_a-locale.o)
                              /usr/lib/gcc/arm-none-eabi/11.1.0/../../../../arm-none-eabi/lib/thumb/v7e-m+fp/hard/libc.a(lib_a-localeconv.o) (__global_locale)
/usr/lib/gcc/arm-none-eabi/11.1.0/../../../../arm-none-eabi/lib/thumb/v7e-m+fp/hard/libc.a(lib_a-lock.o)
                              /usr/lib/gcc/arm-none-eabi/11.1.0/../../../../arm-none-eabi/lib/thumb/v7e-m+fp/hard/libc.a(lib_a-__atexit.o) (__retarget_lock_acquire_recursive)
/usr/lib/gcc/arm-none-eabi/11.1.0/../../../../arm-none-eabi/lib/thumb/v7e-m+fp/hard/libc.a(lib_a-mallocr.o)
                              /usr/lib/gcc/arm-none-eabi/11.1.0/../../../../arm-none-eabi/lib/thumb/v7e-m+fp/hard/libc.a(lib_a-svfprintf.o) (_malloc_r)
/usr/lib/gcc/arm-none-eabi/11.1.0/../../../../arm-none-eabi/lib/thumb/v7e-m+fp/hard/libc.a(lib_a-mbtowc_r.o)
                              /usr/lib/gcc/arm-none-eabi/11.1.0/../../../../arm-none-eabi/lib/thumb/v7e-m+fp/hard/libc.a(lib_a-locale.o) (__ascii_mbtowc)
/usr/lib/gcc/arm-none-eabi/11.1.0/../../../../arm-none-eabi/lib/thumb/v7e-m+fp/hard/libc.a(lib_a-memchr.o)
                              /usr/lib/gcc/arm-none-eabi/11.1.0/../../../../arm-none-eabi/lib/thumb/v7e-m+fp/hard/libc.a(lib_a-svfprintf.o) (memchr)
[...]
Memory Configuration

Name             Origin             Length             Attributes
RAM              0x0000000020000000 0x0000000000020000 xrw
FLASH            0x0000000008000000 0x0000000000080000 xr
*default*        0x0000000000000000 0xffffffffffffffff

Linker script and memory map

LOAD /usr/lib/gcc/arm-none-eabi/11.1.0/thumb/v7e-m+fp/hard/crti.o
LOAD /usr/lib/gcc/arm-none-eabi/11.1.0/thumb/v7e-m+fp/hard/crtbegin.o
LOAD /usr/lib/gcc/arm-none-eabi/11.1.0/../../../../arm-none-eabi/lib/thumb/v7e-m+fp/hard/crt0.o
LOAD build/DS18B20.o
LOAD build/HD44780_LCD.o
LOAD build/gpio.o
LOAD build/main.o
LOAD build/rtc.o
LOAD build/stm32f4xx_hal_msp.o
LOAD build/stm32f4xx_it.o
LOAD build/syscalls.o
LOAD build/sysmem.o
LOAD build/system_stm32f4xx.o
LOAD build/tim.o
LOAD build/usart.o
LOAD build/stm32f4xx_hal.o
LOAD build/stm32f4xx_hal_cortex.o
LOAD build/stm32f4xx_hal_dma.o
LOAD build/stm32f4xx_hal_dma_ex.o
LOAD build/stm32f4xx_hal_exti.o
LOAD build/stm32f4xx_hal_flash.o
LOAD build/stm32f4xx_hal_flash_ex.o
LOAD build/stm32f4xx_hal_flash_ramfunc.o
LOAD build/stm32f4xx_hal_gpio.o
LOAD build/stm32f4xx_hal_pwr.o
LOAD build/stm32f4xx_hal_pwr_ex.o
LOAD build/stm32f4xx_hal_rcc.o
LOAD build/stm32f4xx_hal_rcc_ex.o
LOAD build/stm32f4xx_hal_rtc.o
LOAD build/stm32f4xx_hal_rtc_ex.o
LOAD build/stm32f4xx_hal_tim.o
LOAD build/stm32f4xx_hal_tim_ex.o
LOAD build/stm32f4xx_hal_uart.o
LOAD build/startup_stm32f446xx.o
LOAD /usr/lib/gcc/arm-none-eabi/11.1.0/../../../../arm-none-eabi/lib/thumb/v7e-m+fp/hard/libc.a
LOAD /usr/lib/gcc/arm-none-eabi/11.1.0/../../../../arm-none-eabi/lib/thumb/v7e-m+fp/hard/libm.a
LOAD /usr/lib/gcc/arm-none-eabi/11.1.0/../../../../arm-none-eabi/lib/thumb/v7e-m+fp/hard/libnosys.a
START GROUP
LOAD /usr/lib/gcc/arm-none-eabi/11.1.0/thumb/v7e-m+fp/hard/libgcc.a
LOAD /usr/lib/gcc/arm-none-eabi/11.1.0/../../../../arm-none-eabi/lib/thumb/v7e-m+fp/hard/libc.a
END GROUP
START GROUP
LOAD /usr/lib/gcc/arm-none-eabi/11.1.0/thumb/v7e-m+fp/hard/libgcc.a
LOAD /usr/lib/gcc/arm-none-eabi/11.1.0/../../../../arm-none-eabi/lib/thumb/v7e-m+fp/hard/libc.a
LOAD /usr/lib/gcc/arm-none-eabi/11.1.0/../../../../arm-none-eabi/lib/thumb/v7e-m+fp/hard/libnosys.a
END GROUP
LOAD /usr/lib/gcc/arm-none-eabi/11.1.0/thumb/v7e-m+fp/hard/crtend.o
LOAD /usr/lib/gcc/arm-none-eabi/11.1.0/thumb/v7e-m+fp/hard/crtn.o
                0x0000000020020000                _estack = 0x20020000
                0x0000000000000200                _Min_Heap_Size = 0x200
                0x0000000000000400                _Min_Stack_Size = 0x400

.isr_vector     0x0000000008000000      0x1c4
                0x0000000008000000                . = ALIGN (0x4)
 *(.isr_vector)
 .isr_vector    0x0000000008000000      0x1c4 build/startup_stm32f446xx.o
                0x0000000008000000                g_pfnVectors
                0x00000000080001c4                . = ALIGN (0x4)

.text           0x0000000008000200     0x8f64
                0x0000000008000200                . = ALIGN (0x4)
 *(.text)
 .text          0x0000000008000200       0xdc /usr/lib/gcc/arm-none-eabi/11.1.0/../../../../arm-none-eabi/lib/thumb/v7e-m+fp/hard/libc.a(lib_a-strlen.o)
                0x0000000008000200                strlen
 *fill*         0x00000000080002dc        0x4 
 .text          0x00000000080002e0       0xa0 /usr/lib/gcc/arm-none-eabi/11.1.0/../../../../arm-none-eabi/lib/thumb/v7e-m+fp/hard/libc.a(lib_a-memchr.o)
                0x00000000080002e0                memchr
 .text          0x0000000008000380      0x134 /usr/lib/gcc/arm-none-eabi/11.1.0/../../../../arm-none-eabi/lib/thumb/v7e-m+fp/hard/libc.a(lib_a-memcpy.o)
                0x0000000008000380                memcpy
 .text          0x00000000080004b4      0x378 /usr/lib/gcc/arm-none-eabi/11.1.0/thumb/v7e-m+fp/hard/libgcc.a(_arm_addsubdf3.o)
                0x00000000080004b4                __aeabi_drsub
                0x00000000080004bc                __aeabi_dsub
                0x00000000080004bc                __subdf3
                0x00000000080004c0                __adddf3
                0x00000000080004c0                __aeabi_dadd
                0x0000000008000738                __aeabi_ui2d
                0x0000000008000738                __floatunsidf
                0x0000000008000758                __floatsidf
                0x0000000008000758                __aeabi_i2d
                0x000000000800077c                __extendsfdf2
                0x000000000800077c                __aeabi_f2d
                0x00000000080007c0                __aeabi_ul2d
                0x00000000080007c0                __floatundidf
                0x00000000080007d0                __floatdidf
                0x00000000080007d0                __aeabi_l2d
 .text          0x000000000800082c      0x424 /usr/lib/gcc/arm-none-eabi/11.1.0/thumb/v7e-m+fp/hard/libgcc.a(_arm_muldivdf3.o)
                0x000000000800082c                __aeabi_dmul
                0x000000000800082c                __muldf3
                0x0000000008000a80                __aeabi_ddiv
                0x0000000008000a80                __divdf3
 .text          0x0000000008000c50      0x110 /usr/lib/gcc/arm-none-eabi/11.1.0/thumb/v7e-m+fp/hard/libgcc.a(_arm_cmpdf2.o)
                0x0000000008000c50                __gtdf2
                0x0000000008000c50                __gedf2
                0x0000000008000c58                __ltdf2
                0x0000000008000c58                __ledf2
                0x0000000008000c60                __cmpdf2
                0x0000000008000c60                __eqdf2
                0x0000000008000c60                __nedf2
                0x0000000008000cdc                __aeabi_cdrcmple
                0x0000000008000cec                __aeabi_cdcmple
                0x0000000008000cec                __aeabi_cdcmpeq
                0x0000000008000cfc                __aeabi_dcmpeq
                0x0000000008000d10                __aeabi_dcmplt
                0x0000000008000d24                __aeabi_dcmple
                0x0000000008000d38                __aeabi_dcmpge
                0x0000000008000d4c                __aeabi_dcmpgt
 .text          0x0000000008000d60       0x2c /usr/lib/gcc/arm-none-eabi/11.1.0/thumb/v7e-m+fp/hard/libgcc.a(_arm_unorddf2.o)
                0x0000000008000d60                __aeabi_dcmpun
                0x0000000008000d60                __unorddf2
 .text          0x0000000008000d8c       0x50 /usr/lib/gcc/arm-none-eabi/11.1.0/thumb/v7e-m+fp/hard/libgcc.a(_arm_fixdfsi.o)
                0x0000000008000d8c                __fixdfsi
                0x0000000008000d8c                __aeabi_d2iz
 .text          0x0000000008000ddc       0x30 /usr/lib/gcc/arm-none-eabi/11.1.0/thumb/v7e-m+fp/hard/libgcc.a(_aeabi_uldivmod.o)
                0x0000000008000ddc                __aeabi_uldivmod
 .text          0x0000000008000e0c        0x4 /usr/lib/gcc/arm-none-eabi/11.1.0/thumb/v7e-m+fp/hard/libgcc.a(_dvmd_tls.o)
                0x0000000008000e0c                __aeabi_ldiv0
                0x0000000008000e0c                __aeabi_idiv0
 *(.text*)
 .text.__do_global_dtors_aux
                0x0000000008000e10       0x24 /usr/lib/gcc/arm-none-eabi/11.1.0/thumb/v7e-m+fp/hard/crtbegin.o
 .text.frame_dummy
                0x0000000008000e34       0x1c /usr/lib/gcc/arm-none-eabi/11.1.0/thumb/v7e-m+fp/hard/crtbegin.o
 .text.micro_delay
                0x0000000008000e50       0x14 build/DS18B20.o
 .text.Set_Pin_Output
                0x0000000008000e64       0x22 build/DS18B20.o
 *fill*         0x0000000008000e86        0x2 
 .text.Set_Pin_Output_Defualt
                0x0000000008000e88       0x10 build/DS18B20.o
 .text.Set_Pin_Input
                0x0000000008000e98       0x1e build/DS18B20.o
 *fill*         0x0000000008000eb6        0x2 
 .text.Set_Pin_Input_Defualt
                0x0000000008000eb8       0x10 build/DS18B20.o
 .text.DS18B20_Initialize
                0x0000000008000ec8       0x44 build/DS18B20.o
                0x0000000008000ec8                DS18B20_Initialize
 .text.Read_Temperature_Stage_0
                0x0000000008000f0c        0xe build/DS18B20.o
 .text.Read_Temperature_Stage_2
                0x0000000008000f1a        0xe build/DS18B20.o
 .text.DS18B20_Write_Byte
                0x0000000008000f28       0x58 build/DS18B20.o
                0x0000000008000f28                DS18B20_Write_Byte
 .text.Read_Temperature_Stage_1
                0x0000000008000f80       0x10 build/DS18B20.o
 .text.DS18B20_Read_Byte
                0x0000000008000f90       0x58 build/DS18B20.o
                0x0000000008000f90                DS18B20_Read_Byte
 .text.Read_Temperature_Stage_3
                0x0000000008000fe8       0x28 build/DS18B20.o
 .text.Read_Temperature_State_Machine_Controler
                0x0000000008001010       0xac build/DS18B20.o
 .text.DS18B20_Read_Temperature_NB
                0x00000000080010bc       0x30 build/DS18B20.o
                0x00000000080010bc                DS18B20_Read_Temperature_NB
 .text.lcd_write
                0x00000000080010ec       0x48 build/HD44780_LCD.o
 .text.lcd_write_command
                0x0000000008001134       0x3a build/HD44780_LCD.o
 .text.lcd_write_data
                0x000000000800116e       0x3a build/HD44780_LCD.o
 .text.Lcd_init
                0x00000000080011a8       0x40 build/HD44780_LCD.o
                0x00000000080011a8                Lcd_init
 .text.Lcd_create
                0x00000000080011e8       0x48 build/HD44780_LCD.o
                0x00000000080011e8                Lcd_create
 .text.Lcd_string
                0x0000000008001230       0x22 build/HD44780_LCD.o
                0x0000000008001230                Lcd_string
 *fill*         0x0000000008001252        0x2 
 .text.Lcd_float
                0x0000000008001254       0x44 build/HD44780_LCD.o
                0x0000000008001254                Lcd_float
 .text.Lcd_cursor
                0x0000000008001298       0x18 build/HD44780_LCD.o
                0x0000000008001298                Lcd_cursor
 .text.Lcd_clear
                0x00000000080012b0        0xa build/HD44780_LCD.o
                0x00000000080012b0                Lcd_clear
 *fill*         0x00000000080012ba        0x2 
 .text.MX_GPIO_Init
                0x00000000080012bc       0xf0 build/gpio.o
                0x00000000080012bc                MX_GPIO_Init
 .text.Error_Handler
                0x00000000080013ac        0x4 build/main.o
                0x00000000080013ac                Error_Handler
 .text.SystemClock_Config
                0x00000000080013b0       0xd0 build/main.o
                0x00000000080013b0                SystemClock_Config
 .text.main     0x0000000008001480       0xd0 build/main.o
                0x0000000008001480                main
 .text.MX_RTC_Init
                0x0000000008001550       0x30 build/rtc.o
                0x0000000008001550                MX_RTC_Init
 .text.HAL_RTC_MspInit
                0x0000000008001580       0x1c build/rtc.o
                0x0000000008001580                HAL_RTC_MspInit
 .text.HAL_MspInit
                0x000000000800159c       0x40 build/stm32f4xx_hal_msp.o
                0x000000000800159c                HAL_MspInit
 .text.NMI_Handler
                0x00000000080015dc        0x2 build/stm32f4xx_it.o
                0x00000000080015dc                NMI_Handler
 .text.HardFault_Handler
                0x00000000080015de        0x2 build/stm32f4xx_it.o
                0x00000000080015de                HardFault_Handler
 .text.MemManage_Handler
                0x00000000080015e0        0x2 build/stm32f4xx_it.o
                0x00000000080015e0                MemManage_Handler
 .text.BusFault_Handler
                0x00000000080015e2        0x2 build/stm32f4xx_it.o
                0x00000000080015e2                BusFault_Handler
 .text.UsageFault_Handler
                0x00000000080015e4        0x2 build/stm32f4xx_it.o
                0x00000000080015e4                UsageFault_Handler
 .text.SVC_Handler
                0x00000000080015e6        0x2 build/stm32f4xx_it.o
                0x00000000080015e6                SVC_Handler
 .text.DebugMon_Handler
                0x00000000080015e8        0x2 build/stm32f4xx_it.o
                0x00000000080015e8                DebugMon_Handler
 .text.PendSV_Handler
                0x00000000080015ea        0x2 build/stm32f4xx_it.o
                0x00000000080015ea                PendSV_Handler
 .text.SysTick_Handler
                0x00000000080015ec        0x8 build/stm32f4xx_it.o
                0x00000000080015ec                SysTick_Handler
 .text.TIM7_IRQHandler
                0x00000000080015f4       0x10 build/stm32f4xx_it.o
                0x00000000080015f4                TIM7_IRQHandler
 .text._getpid  0x0000000008001604        0x4 build/syscalls.o
                0x0000000008001604                _getpid
 .text._kill    0x0000000008001608       0x10 build/syscalls.o
                0x0000000008001608                _kill
 .text._exit    0x0000000008001618        0xc build/syscalls.o
                0x0000000008001618                _exit
 .text._read    0x0000000008001624       0x20 build/syscalls.o
                0x0000000008001624                _read
 .text._write   0x0000000008001644       0x1c build/syscalls.o
                0x0000000008001644                _write
 .text._close   0x0000000008001660        0x6 build/syscalls.o
                0x0000000008001660                _close
 .text._fstat   0x0000000008001666        0xa build/syscalls.o
                0x0000000008001666                _fstat
 .text._isatty  0x0000000008001670        0x4 build/syscalls.o
                0x0000000008001670                _isatty
 .text._lseek   0x0000000008001674        0x4 build/syscalls.o
                0x0000000008001674                _lseek
 .text._sbrk    0x0000000008001678       0x48 build/sysmem.o
                0x0000000008001678                _sbrk
 .text.SystemInit
                0x00000000080016c0       0x14 build/system_stm32f4xx.o
                0x00000000080016c0                SystemInit
 .text.MX_TIM6_Init
                0x00000000080016d4       0x50 build/tim.o
                0x00000000080016d4                MX_TIM6_Init
 .text.MX_TIM7_Init
                0x0000000008001724       0x50 build/tim.o
                0x0000000008001724                MX_TIM7_Init
 .text.HAL_TIM_Base_MspInit
                0x0000000008001774       0x68 build/tim.o
                0x0000000008001774                HAL_TIM_Base_MspInit
 .text.MX_USART2_UART_Init
                0x00000000080017dc       0x34 build/usart.o
                0x00000000080017dc                MX_USART2_UART_Init
 .text.HAL_UART_MspInit
                0x0000000008001810       0x70 build/usart.o
                0x0000000008001810                HAL_UART_MspInit
 .text.HAL_InitTick
                0x0000000008001880       0x4c build/stm32f4xx_hal.o
                0x0000000008001880                HAL_InitTick
 .text.HAL_Init
                0x00000000080018cc       0x34 build/stm32f4xx_hal.o
                0x00000000080018cc                HAL_Init
 .text.HAL_IncTick
                0x0000000008001900       0x18 build/stm32f4xx_hal.o
                0x0000000008001900                HAL_IncTick
 .text.HAL_GetTick
                0x0000000008001918        0xc build/stm32f4xx_hal.o
                0x0000000008001918                HAL_GetTick
 .text.HAL_Delay
                0x0000000008001924       0x28 build/stm32f4xx_hal.o
                0x0000000008001924                HAL_Delay
 .text.HAL_NVIC_SetPriorityGrouping
                0x000000000800194c       0x24 build/stm32f4xx_hal_cortex.o
                0x000000000800194c                HAL_NVIC_SetPriorityGrouping
 .text.HAL_NVIC_SetPriority
                0x0000000008001970       0x70 build/stm32f4xx_hal_cortex.o
                0x0000000008001970                HAL_NVIC_SetPriority
 .text.HAL_NVIC_EnableIRQ
                0x00000000080019e0       0x1c build/stm32f4xx_hal_cortex.o
                0x00000000080019e0                HAL_NVIC_EnableIRQ
 .text.HAL_SYSTICK_Config
                0x00000000080019fc       0x28 build/stm32f4xx_hal_cortex.o
                0x00000000080019fc                HAL_SYSTICK_Config
 .text.HAL_GPIO_Init
                0x0000000008001a24      0x1e0 build/stm32f4xx_hal_gpio.o
                0x0000000008001a24                HAL_GPIO_Init
 .text.HAL_GPIO_ReadPin
                0x0000000008001c04        0xe build/stm32f4xx_hal_gpio.o
                0x0000000008001c04                HAL_GPIO_ReadPin
 .text.HAL_GPIO_WritePin
                0x0000000008001c12        0xc build/stm32f4xx_hal_gpio.o
                0x0000000008001c12                HAL_GPIO_WritePin
 *fill*         0x0000000008001c1e        0x2 
 .text.HAL_RCC_ClockConfig
                0x0000000008001c20      0x160 build/stm32f4xx_hal_rcc.o
                0x0000000008001c20                HAL_RCC_ClockConfig
 .text.HAL_RCC_GetHCLKFreq
                0x0000000008001d80        0xc build/stm32f4xx_hal_rcc.o
                0x0000000008001d80                HAL_RCC_GetHCLKFreq
 .text.HAL_RCC_GetPCLK1Freq
                0x0000000008001d8c       0x20 build/stm32f4xx_hal_rcc.o
                0x0000000008001d8c                HAL_RCC_GetPCLK1Freq
 .text.HAL_RCC_GetPCLK2Freq
                0x0000000008001dac       0x20 build/stm32f4xx_hal_rcc.o
                0x0000000008001dac                HAL_RCC_GetPCLK2Freq
 .text.HAL_RCCEx_PeriphCLKConfig
                0x0000000008001dcc      0x474 build/stm32f4xx_hal_rcc_ex.o
                0x0000000008001dcc                HAL_RCCEx_PeriphCLKConfig
 .text.HAL_RCC_GetSysClockFreq
                0x0000000008002240      0x190 build/stm32f4xx_hal_rcc_ex.o
                0x0000000008002240                HAL_RCC_GetSysClockFreq
 .text.HAL_RCC_OscConfig
                0x00000000080023d0      0x444 build/stm32f4xx_hal_rcc_ex.o
                0x00000000080023d0                HAL_RCC_OscConfig
 .text.HAL_RTC_WaitForSynchro
                0x0000000008002814       0x32 build/stm32f4xx_hal_rtc.o
                0x0000000008002814                HAL_RTC_WaitForSynchro
 .text.RTC_EnterInitMode
                0x0000000008002846       0x3c build/stm32f4xx_hal_rtc.o
                0x0000000008002846                RTC_EnterInitMode
 .text.HAL_RTC_Init
                0x0000000008002882       0xc4 build/stm32f4xx_hal_rtc.o
                0x0000000008002882                HAL_RTC_Init
 *fill*         0x0000000008002946        0x2 
 .text.HAL_TIM_Base_Start
                0x0000000008002948       0x7c build/stm32f4xx_hal_tim.o
                0x0000000008002948                HAL_TIM_Base_Start
 .text.HAL_TIM_PeriodElapsedCallback
                0x00000000080029c4        0x2 build/stm32f4xx_hal_tim.o
                0x00000000080029c4                HAL_TIM_PeriodElapsedCallback
 .text.HAL_TIM_OC_DelayElapsedCallback
                0x00000000080029c6        0x2 build/stm32f4xx_hal_tim.o
                0x00000000080029c6                HAL_TIM_OC_DelayElapsedCallback
 .text.HAL_TIM_IC_CaptureCallback
                0x00000000080029c8        0x2 build/stm32f4xx_hal_tim.o
                0x00000000080029c8                HAL_TIM_IC_CaptureCallback
 .text.HAL_TIM_PWM_PulseFinishedCallback
                0x00000000080029ca        0x2 build/stm32f4xx_hal_tim.o
                0x00000000080029ca                HAL_TIM_PWM_PulseFinishedCallback
 .text.HAL_TIM_TriggerCallback
                0x00000000080029cc        0x2 build/stm32f4xx_hal_tim.o
                0x00000000080029cc                HAL_TIM_TriggerCallback
 .text.HAL_TIM_IRQHandler
                0x00000000080029ce      0x17a build/stm32f4xx_hal_tim.o
                0x00000000080029ce                HAL_TIM_IRQHandler
 .text.TIM_Base_SetConfig
                0x0000000008002b48       0xc8 build/stm32f4xx_hal_tim.o
                0x0000000008002b48                TIM_Base_SetConfig
 .text.HAL_TIM_Base_Init
                0x0000000008002c10       0x58 build/stm32f4xx_hal_tim.o
                0x0000000008002c10                HAL_TIM_Base_Init
 .text.HAL_TIMEx_MasterConfigSynchronization
                0x0000000008002c68       0x8c build/stm32f4xx_hal_tim_ex.o
                0x0000000008002c68                HAL_TIMEx_MasterConfigSynchronization
 .text.HAL_TIMEx_CommutCallback
                0x0000000008002cf4        0x2 build/stm32f4xx_hal_tim_ex.o
                0x0000000008002cf4                HAL_TIMEx_CommutCallback
 .text.HAL_TIMEx_BreakCallback
                0x0000000008002cf6        0x2 build/stm32f4xx_hal_tim_ex.o
                0x0000000008002cf6                HAL_TIMEx_BreakCallback
 .text.UART_SetConfig
                0x0000000008002cf8      0x110 build/stm32f4xx_hal_uart.o
 .text.HAL_UART_Init
                0x0000000008002e08       0x5e build/stm32f4xx_hal_uart.o
                0x0000000008002e08                HAL_UART_Init
 *fill*         0x0000000008002e66        0x2 
 .text.Reset_Handler
                0x0000000008002e68       0x50 build/startup_stm32f446xx.o
                0x0000000008002e68                Reset_Handler
 .text.Default_Handler
                0x0000000008002eb8        0x2 build/startup_stm32f446xx.o
                0x0000000008002eb8                RTC_Alarm_IRQHandler
                0x0000000008002eb8                EXTI2_IRQHandler
                0x0000000008002eb8                TIM8_CC_IRQHandler
                0x0000000008002eb8                FMPI2C1_EV_IRQHandler
                0x0000000008002eb8                SPI4_IRQHandler
                0x0000000008002eb8                TIM1_CC_IRQHandler
                0x0000000008002eb8                DMA2_Stream5_IRQHandler
                0x0000000008002eb8                DMA1_Stream5_IRQHandler
                0x0000000008002eb8                PVD_IRQHandler
                0x0000000008002eb8                SDIO_IRQHandler
                0x0000000008002eb8                TAMP_STAMP_IRQHandler
                0x0000000008002eb8                CAN2_RX1_IRQHandler
                0x0000000008002eb8                EXTI3_IRQHandler
                0x0000000008002eb8                TIM8_TRG_COM_TIM14_IRQHandler
                0x0000000008002eb8                TIM1_UP_TIM10_IRQHandler
                0x0000000008002eb8                TIM8_UP_TIM13_IRQHandler
                0x0000000008002eb8                I2C3_ER_IRQHandler
                0x0000000008002eb8                EXTI0_IRQHandler
                0x0000000008002eb8                I2C2_EV_IRQHandler
                0x0000000008002eb8                DMA1_Stream2_IRQHandler
                0x0000000008002eb8                CAN1_RX0_IRQHandler
                0x0000000008002eb8                FPU_IRQHandler
                0x0000000008002eb8                OTG_HS_WKUP_IRQHandler
                0x0000000008002eb8                CAN2_SCE_IRQHandler
                0x0000000008002eb8                DMA2_Stream2_IRQHandler
                0x0000000008002eb8                SPI1_IRQHandler
                0x0000000008002eb8                TIM6_DAC_IRQHandler
                0x0000000008002eb8                TIM1_BRK_TIM9_IRQHandler
                0x0000000008002eb8                DCMI_IRQHandler
                0x0000000008002eb8                CAN2_RX0_IRQHandler
                0x0000000008002eb8                DMA2_Stream3_IRQHandler
                0x0000000008002eb8                SAI2_IRQHandler
                0x0000000008002eb8                USART6_IRQHandler
                0x0000000008002eb8                USART3_IRQHandler
                0x0000000008002eb8                CAN1_RX1_IRQHandler
                0x0000000008002eb8                UART5_IRQHandler
                0x0000000008002eb8                DMA2_Stream0_IRQHandler
                0x0000000008002eb8                TIM4_IRQHandler
                0x0000000008002eb8                QUADSPI_IRQHandler
                0x0000000008002eb8                I2C1_EV_IRQHandler
                0x0000000008002eb8                DMA1_Stream6_IRQHandler
                0x0000000008002eb8                DMA1_Stream1_IRQHandler
                0x0000000008002eb8                UART4_IRQHandler
                0x0000000008002eb8                TIM3_IRQHandler
                0x0000000008002eb8                RCC_IRQHandler
                0x0000000008002eb8                TIM8_BRK_TIM12_IRQHandler
                0x0000000008002eb8                Default_Handler
                0x0000000008002eb8                CEC_IRQHandler
                0x0000000008002eb8                EXTI15_10_IRQHandler
                0x0000000008002eb8                ADC_IRQHandler
                0x0000000008002eb8                DMA1_Stream7_IRQHandler
                0x0000000008002eb8                CAN2_TX_IRQHandler
                0x0000000008002eb8                TIM5_IRQHandler
                0x0000000008002eb8                DMA2_Stream7_IRQHandler
                0x0000000008002eb8                I2C3_EV_IRQHandler
                0x0000000008002eb8                EXTI9_5_IRQHandler
                0x0000000008002eb8                RTC_WKUP_IRQHandler
                0x0000000008002eb8                SPDIF_RX_IRQHandler
                0x0000000008002eb8                SPI2_IRQHandler
                0x0000000008002eb8                OTG_HS_EP1_IN_IRQHandler
                0x0000000008002eb8                DMA1_Stream0_IRQHandler
                0x0000000008002eb8                CAN1_TX_IRQHandler
                0x0000000008002eb8                FMPI2C1_ER_IRQHandler
                0x0000000008002eb8                EXTI4_IRQHandler
                0x0000000008002eb8                OTG_HS_EP1_OUT_IRQHandler
                0x0000000008002eb8                WWDG_IRQHandler
                0x0000000008002eb8                TIM2_IRQHandler
                0x0000000008002eb8                OTG_FS_WKUP_IRQHandler
                0x0000000008002eb8                TIM1_TRG_COM_TIM11_IRQHandler
                0x0000000008002eb8                OTG_HS_IRQHandler
                0x0000000008002eb8                EXTI1_IRQHandler
                0x0000000008002eb8                USART2_IRQHandler
                0x0000000008002eb8                I2C2_ER_IRQHandler
                0x0000000008002eb8                DMA2_Stream1_IRQHandler
                0x0000000008002eb8                CAN1_SCE_IRQHandler
                0x0000000008002eb8                FLASH_IRQHandler
                0x0000000008002eb8                DMA2_Stream4_IRQHandler
                0x0000000008002eb8                USART1_IRQHandler
                0x0000000008002eb8                OTG_FS_IRQHandler
                0x0000000008002eb8                SPI3_IRQHandler
                0x0000000008002eb8                DMA1_Stream4_IRQHandler
                0x0000000008002eb8                I2C1_ER_IRQHandler
                0x0000000008002eb8                FMC_IRQHandler
                0x0000000008002eb8                DMA2_Stream6_IRQHandler
                0x0000000008002eb8                SAI1_IRQHandler
                0x0000000008002eb8                DMA1_Stream3_IRQHandler
 *fill*         0x0000000008002eba        0x2 
 .text.atexit   0x0000000008002ebc        0xc /usr/lib/gcc/arm-none-eabi/11.1.0/../../../../arm-none-eabi/lib/thumb/v7e-m+fp/hard/libc.a(lib_a-atexit.o)
                0x0000000008002ebc                atexit
 .text.__errno  0x0000000008002ec8        0xc /usr/lib/gcc/arm-none-eabi/11.1.0/../../../../arm-none-eabi/lib/thumb/v7e-m+fp/hard/libc.a(lib_a-errno.o)
                0x0000000008002ec8                __errno
 .text.__libc_fini_array
                0x0000000008002ed4       0x2c /usr/lib/gcc/arm-none-eabi/11.1.0/../../../../arm-none-eabi/lib/thumb/v7e-m+fp/hard/libc.a(lib_a-fini.o)
                0x0000000008002ed4                __libc_fini_array
 .text.__libc_init_array
                0x0000000008002f00       0x48 /usr/lib/gcc/arm-none-eabi/11.1.0/../../../../arm-none-eabi/lib/thumb/v7e-m+fp/hard/libc.a(lib_a-init.o)
                0x0000000008002f00                __libc_init_array
 .text.memset   0x0000000008002f48       0xa4 /usr/lib/gcc/arm-none-eabi/11.1.0/../../../../arm-none-eabi/lib/thumb/v7e-m+fp/hard/libc.a(lib_a-memset.o)
                0x0000000008002f48                memset
 .text.sprintf  0x0000000008002fec       0x40 /usr/lib/gcc/arm-none-eabi/11.1.0/../../../../arm-none-eabi/lib/thumb/v7e-m+fp/hard/libc.a(lib_a-sprintf.o)
                0x0000000008002fec                sprintf
 *fill*         0x000000000800302c        0x4 
 .text._svfprintf_r
                0x0000000008003030     0x1a58 /usr/lib/gcc/arm-none-eabi/11.1.0/../../../../arm-none-eabi/lib/thumb/v7e-m+fp/hard/libc.a(lib_a-svfprintf.o)
                0x0000000008003030                _svfprintf_r
 .text.__register_exitproc
                0x0000000008004a88       0x84 /usr/lib/gcc/arm-none-eabi/11.1.0/../../../../arm-none-eabi/lib/thumb/v7e-m+fp/hard/libc.a(lib_a-__atexit.o)
                0x0000000008004a88                __register_exitproc
 .text.startup.register_fini
                0x0000000008004b0c       0x14 /usr/lib/gcc/arm-none-eabi/11.1.0/../../../../arm-none-eabi/lib/thumb/v7e-m+fp/hard/libc.a(lib_a-__call_atexit.o)
 .text.quorem   0x0000000008004b20      0x128 /usr/lib/gcc/arm-none-eabi/11.1.0/../../../../arm-none-eabi/lib/thumb/v7e-m+fp/hard/libc.a(lib_a-dtoa.o)
 .text._dtoa_r  0x0000000008004c48      0xee4 /usr/lib/gcc/arm-none-eabi/11.1.0/../../../../arm-none-eabi/lib/thumb/v7e-m+fp/hard/libc.a(lib_a-dtoa.o)
                0x0000000008004c48                _dtoa_r
 .text._malloc_trim_r
                0x0000000008005b2c       0xa0 /usr/lib/gcc/arm-none-eabi/11.1.0/../../../../arm-none-eabi/lib/thumb/v7e-m+fp/hard/libc.a(lib_a-freer.o)
                0x0000000008005b2c                _malloc_trim_r
 .text._free_r  0x0000000008005bcc      0x1f8 /usr/lib/gcc/arm-none-eabi/11.1.0/../../../../arm-none-eabi/lib/thumb/v7e-m+fp/hard/libc.a(lib_a-freer.o)
                0x0000000008005bcc                _free_r
 .text._localeconv_r
                0x0000000008005dc4        0x8 /usr/lib/gcc/arm-none-eabi/11.1.0/../../../../arm-none-eabi/lib/thumb/v7e-m+fp/hard/libc.a(lib_a-localeconv.o)
                0x0000000008005dc4                _localeconv_r
 .text.__locale_mb_cur_max
                0x0000000008005dcc        0xc /usr/lib/gcc/arm-none-eabi/11.1.0/../../../../arm-none-eabi/lib/thumb/v7e-m+fp/hard/libc.a(lib_a-locale.o)
                0x0000000008005dcc                __locale_mb_cur_max
 .text.__retarget_lock_init_recursive
                0x0000000008005dd8        0x4 /usr/lib/gcc/arm-none-eabi/11.1.0/../../../../arm-none-eabi/lib/thumb/v7e-m+fp/hard/libc.a(lib_a-lock.o)
                0x0000000008005dd8                __retarget_lock_init_recursive
 .text.__retarget_lock_close_recursive
                0x0000000008005ddc        0x4 /usr/lib/gcc/arm-none-eabi/11.1.0/../../../../arm-none-eabi/lib/thumb/v7e-m+fp/hard/libc.a(lib_a-lock.o)
                0x0000000008005ddc                __retarget_lock_close_recursive
 .text.__retarget_lock_acquire_recursive
                0x0000000008005de0        0x4 /usr/lib/gcc/arm-none-eabi/11.1.0/../../../../arm-none-eabi/lib/thumb/v7e-m+fp/hard/libc.a(lib_a-lock.o)
                0x0000000008005de0                __retarget_lock_acquire_recursive
 .text.__retarget_lock_release_recursive
                0x0000000008005de4        0x4 /usr/lib/gcc/arm-none-eabi/11.1.0/../../../../arm-none-eabi/lib/thumb/v7e-m+fp/hard/libc.a(lib_a-lock.o)
                0x0000000008005de4                __retarget_lock_release_recursive
 .text._malloc_r
                0x0000000008005de8      0x57c /usr/lib/gcc/arm-none-eabi/11.1.0/../../../../arm-none-eabi/lib/thumb/v7e-m+fp/hard/libc.a(lib_a-mallocr.o)
                0x0000000008005de8                _malloc_r
 .text.__ascii_mbtowc
                0x0000000008006364       0x2c /usr/lib/gcc/arm-none-eabi/11.1.0/../../../../arm-none-eabi/lib/thumb/v7e-m+fp/hard/libc.a(lib_a-mbtowc_r.o)
                0x0000000008006364                __ascii_mbtowc
 .text.__malloc_lock
                0x0000000008006390        0xc /usr/lib/gcc/arm-none-eabi/11.1.0/../../../../arm-none-eabi/lib/thumb/v7e-m+fp/hard/libc.a(lib_a-mlock.o)
                0x0000000008006390                __malloc_lock
 .text.__malloc_unlock
                0x000000000800639c        0xc /usr/lib/gcc/arm-none-eabi/11.1.0/../../../../arm-none-eabi/lib/thumb/v7e-m+fp/hard/libc.a(lib_a-mlock.o)
                0x000000000800639c                __malloc_unlock
 .text._Balloc  0x00000000080063a8       0x4c /usr/lib/gcc/arm-none-eabi/11.1.0/../../../../arm-none-eabi/lib/thumb/v7e-m+fp/hard/libc.a(lib_a-mprec.o)
                0x00000000080063a8                _Balloc
 .text._Bfree   0x00000000080063f4       0x14 /usr/lib/gcc/arm-none-eabi/11.1.0/../../../../arm-none-eabi/lib/thumb/v7e-m+fp/hard/libc.a(lib_a-mprec.o)
                0x00000000080063f4                _Bfree
 .text.__multadd
                0x0000000008006408       0xa8 /usr/lib/gcc/arm-none-eabi/11.1.0/../../../../arm-none-eabi/lib/thumb/v7e-m+fp/hard/libc.a(lib_a-mprec.o)
                0x0000000008006408                __multadd
 .text.__hi0bits
                0x00000000080064b0       0x40 /usr/lib/gcc/arm-none-eabi/11.1.0/../../../../arm-none-eabi/lib/thumb/v7e-m+fp/hard/libc.a(lib_a-mprec.o)
                0x00000000080064b0                __hi0bits
 .text.__lo0bits
                0x00000000080064f0       0x60 /usr/lib/gcc/arm-none-eabi/11.1.0/../../../../arm-none-eabi/lib/thumb/v7e-m+fp/hard/libc.a(lib_a-mprec.o)
                0x00000000080064f0                __lo0bits
 .text.__i2b    0x0000000008006550       0x5c /usr/lib/gcc/arm-none-eabi/11.1.0/../../../../arm-none-eabi/lib/thumb/v7e-m+fp/hard/libc.a(lib_a-mprec.o)
                0x0000000008006550                __i2b
 .text.__multiply
                0x00000000080065ac      0x158 /usr/lib/gcc/arm-none-eabi/11.1.0/../../../../arm-none-eabi/lib/thumb/v7e-m+fp/hard/libc.a(lib_a-mprec.o)
                0x00000000080065ac                __multiply
 .text.__pow5mult
                0x0000000008006704       0xc0 /usr/lib/gcc/arm-none-eabi/11.1.0/../../../../arm-none-eabi/lib/thumb/v7e-m+fp/hard/libc.a(lib_a-mprec.o)
                0x0000000008006704                __pow5mult
 .text.__lshift
                0x00000000080067c4       0xf0 /usr/lib/gcc/arm-none-eabi/11.1.0/../../../../arm-none-eabi/lib/thumb/v7e-m+fp/hard/libc.a(lib_a-mprec.o)
                0x00000000080067c4                __lshift
 .text.__mcmp   0x00000000080068b4       0x44 /usr/lib/gcc/arm-none-eabi/11.1.0/../../../../arm-none-eabi/lib/thumb/v7e-m+fp/hard/libc.a(lib_a-mprec.o)
                0x00000000080068b4                __mcmp
 .text.__mdiff  0x00000000080068f8      0x14c /usr/lib/gcc/arm-none-eabi/11.1.0/../../../../arm-none-eabi/lib/thumb/v7e-m+fp/hard/libc.a(lib_a-mprec.o)
                0x00000000080068f8                __mdiff
 .text.__d2b    0x0000000008006a44       0xd0 /usr/lib/gcc/arm-none-eabi/11.1.0/../../../../arm-none-eabi/lib/thumb/v7e-m+fp/hard/libc.a(lib_a-mprec.o)
                0x0000000008006a44                __d2b
 .text._sbrk_r  0x0000000008006b14       0x24 /usr/lib/gcc/arm-none-eabi/11.1.0/../../../../arm-none-eabi/lib/thumb/v7e-m+fp/hard/libc.a(lib_a-sbrkr.o)
                0x0000000008006b14                _sbrk_r
 .text.frexp    0x0000000008006b38       0x6c /usr/lib/gcc/arm-none-eabi/11.1.0/../../../../arm-none-eabi/lib/thumb/v7e-m+fp/hard/libc.a(lib_a-s_frexp.o)
                0x0000000008006b38                frexp
 .text.strncpy  0x0000000008006ba4       0x64 /usr/lib/gcc/arm-none-eabi/11.1.0/../../../../arm-none-eabi/lib/thumb/v7e-m+fp/hard/libc.a(lib_a-strncpy.o)
                0x0000000008006ba4                strncpy
 .text.__ssprint_r
                0x0000000008006c08       0xf8 /usr/lib/gcc/arm-none-eabi/11.1.0/../../../../arm-none-eabi/lib/thumb/v7e-m+fp/hard/libc.a(lib_a-svfiprintf.o)
                0x0000000008006c08                __ssprint_r
 .text.__ascii_wctomb
                0x0000000008006d00       0x1c /usr/lib/gcc/arm-none-eabi/11.1.0/../../../../arm-none-eabi/lib/thumb/v7e-m+fp/hard/libc.a(lib_a-wctomb_r.o)
                0x0000000008006d00                __ascii_wctomb
 .text.__assert_func
                0x0000000008006d1c       0x40 /usr/lib/gcc/arm-none-eabi/11.1.0/../../../../arm-none-eabi/lib/thumb/v7e-m+fp/hard/libc.a(lib_a-assert.o)
                0x0000000008006d1c                __assert_func
 .text._calloc_r
                0x0000000008006d5c       0x78 /usr/lib/gcc/arm-none-eabi/11.1.0/../../../../arm-none-eabi/lib/thumb/v7e-m+fp/hard/libc.a(lib_a-callocr.o)
                0x0000000008006d5c                _calloc_r
 .text.fiprintf
                0x0000000008006dd4       0x28 /usr/lib/gcc/arm-none-eabi/11.1.0/../../../../arm-none-eabi/lib/thumb/v7e-m+fp/hard/libc.a(lib_a-fiprintf.o)
                0x0000000008006dd4                fiprintf
 .text.memmove  0x0000000008006dfc       0xf8 /usr/lib/gcc/arm-none-eabi/11.1.0/../../../../arm-none-eabi/lib/thumb/v7e-m+fp/hard/libc.a(lib_a-memmove.o)
                0x0000000008006dfc                memmove
 .text._realloc_r
                0x0000000008006ef4      0x3fc /usr/lib/gcc/arm-none-eabi/11.1.0/../../../../arm-none-eabi/lib/thumb/v7e-m+fp/hard/libc.a(lib_a-reallocr.o)
                0x0000000008006ef4                _realloc_r
 .text.__sprint_r.part.0
                0x00000000080072f0       0x78 /usr/lib/gcc/arm-none-eabi/11.1.0/../../../../arm-none-eabi/lib/thumb/v7e-m+fp/hard/libc.a(lib_a-vfiprintf.o)
 .text._vfiprintf_r
                0x0000000008007368      0xe2c /usr/lib/gcc/arm-none-eabi/11.1.0/../../../../arm-none-eabi/lib/thumb/v7e-m+fp/hard/libc.a(lib_a-vfiprintf.o)
                0x0000000008007368                _vfiprintf_r
 .text.__sbprintf
                0x0000000008008194       0x80 /usr/lib/gcc/arm-none-eabi/11.1.0/../../../../arm-none-eabi/lib/thumb/v7e-m+fp/hard/libc.a(lib_a-vfiprintf.o)
 .text.__swsetup_r
                0x0000000008008214       0xd4 /usr/lib/gcc/arm-none-eabi/11.1.0/../../../../arm-none-eabi/lib/thumb/v7e-m+fp/hard/libc.a(lib_a-wsetup.o)
                0x0000000008008214                __swsetup_r
 .text.abort    0x00000000080082e8       0x10 /usr/lib/gcc/arm-none-eabi/11.1.0/../../../../arm-none-eabi/lib/thumb/v7e-m+fp/hard/libc.a(lib_a-abort.o)
                0x00000000080082e8                abort
 .text.__sflush_r
                0x00000000080082f8      0x144 /usr/lib/gcc/arm-none-eabi/11.1.0/../../../../arm-none-eabi/lib/thumb/v7e-m+fp/hard/libc.a(lib_a-fflush.o)
                0x00000000080082f8                __sflush_r
 .text._fflush_r
                0x000000000800843c       0x5c /usr/lib/gcc/arm-none-eabi/11.1.0/../../../../arm-none-eabi/lib/thumb/v7e-m+fp/hard/libc.a(lib_a-fflush.o)
                0x000000000800843c                _fflush_r
 .text._cleanup_r
                0x0000000008008498        0xc /usr/lib/gcc/arm-none-eabi/11.1.0/../../../../arm-none-eabi/lib/thumb/v7e-m+fp/hard/libc.a(lib_a-findfp.o)
                0x0000000008008498                _cleanup_r
 .text.__sinit  0x00000000080084a4      0x10c /usr/lib/gcc/arm-none-eabi/11.1.0/../../../../arm-none-eabi/lib/thumb/v7e-m+fp/hard/libc.a(lib_a-findfp.o)
                0x00000000080084a4                __sinit
 .text.__sfp_lock_acquire
                0x00000000080085b0        0xc /usr/lib/gcc/arm-none-eabi/11.1.0/../../../../arm-none-eabi/lib/thumb/v7e-m+fp/hard/libc.a(lib_a-findfp.o)
                0x00000000080085b0                __sfp_lock_acquire
 .text.__sfp_lock_release
                0x00000000080085bc        0xc /usr/lib/gcc/arm-none-eabi/11.1.0/../../../../arm-none-eabi/lib/thumb/v7e-m+fp/hard/libc.a(lib_a-findfp.o)
                0x00000000080085bc                __sfp_lock_release
 .text.__fputwc
                0x00000000080085c8       0xa8 /usr/lib/gcc/arm-none-eabi/11.1.0/../../../../arm-none-eabi/lib/thumb/v7e-m+fp/hard/libc.a(lib_a-fputwc.o)
                0x00000000080085c8                __fputwc
 .text._fputwc_r
                0x0000000008008670       0x64 /usr/lib/gcc/arm-none-eabi/11.1.0/../../../../arm-none-eabi/lib/thumb/v7e-m+fp/hard/libc.a(lib_a-fputwc.o)
                0x0000000008008670                _fputwc_r
 .text.__sfvwrite_r
                0x00000000080086d4      0x30c /usr/lib/gcc/arm-none-eabi/11.1.0/../../../../arm-none-eabi/lib/thumb/v7e-m+fp/hard/libc.a(lib_a-fvwrite.o)
                0x00000000080086d4                __sfvwrite_r
 .text._fwalk_reent
                0x00000000080089e0       0x48 /usr/lib/gcc/arm-none-eabi/11.1.0/../../../../arm-none-eabi/lib/thumb/v7e-m+fp/hard/libc.a(lib_a-fwalk.o)
                0x00000000080089e0                _fwalk_reent
 .text.__smakebuf_r
                0x0000000008008a28       0xe0 /usr/lib/gcc/arm-none-eabi/11.1.0/../../../../arm-none-eabi/lib/thumb/v7e-m+fp/hard/libc.a(lib_a-makebuf.o)
                0x0000000008008a28                __smakebuf_r
 .text.raise    0x0000000008008b08       0x5c /usr/lib/gcc/arm-none-eabi/11.1.0/../../../../arm-none-eabi/lib/thumb/v7e-m+fp/hard/libc.a(lib_a-signal.o)
                0x0000000008008b08                raise
 .text._kill_r  0x0000000008008b64       0x2c /usr/lib/gcc/arm-none-eabi/11.1.0/../../../../arm-none-eabi/lib/thumb/v7e-m+fp/hard/libc.a(lib_a-signalr.o)
                0x0000000008008b64                _kill_r
 .text._getpid_r
                0x0000000008008b90        0x4 /usr/lib/gcc/arm-none-eabi/11.1.0/../../../../arm-none-eabi/lib/thumb/v7e-m+fp/hard/libc.a(lib_a-signalr.o)
                0x0000000008008b90                _getpid_r
 .text.__sread  0x0000000008008b94       0x24 /usr/lib/gcc/arm-none-eabi/11.1.0/../../../../arm-none-eabi/lib/thumb/v7e-m+fp/hard/libc.a(lib_a-stdio.o)
                0x0000000008008b94                __sread
 .text.__swrite
                0x0000000008008bb8       0x44 /usr/lib/gcc/arm-none-eabi/11.1.0/../../../../arm-none-eabi/lib/thumb/v7e-m+fp/hard/libc.a(lib_a-stdio.o)
                0x0000000008008bb8                __swrite
 .text.__sseek  0x0000000008008bfc       0x20 /usr/lib/gcc/arm-none-eabi/11.1.0/../../../../arm-none-eabi/lib/thumb/v7e-m+fp/hard/libc.a(lib_a-stdio.o)
                0x0000000008008bfc                __sseek
 .text.__sclose
                0x0000000008008c1c        0x8 /usr/lib/gcc/arm-none-eabi/11.1.0/../../../../arm-none-eabi/lib/thumb/v7e-m+fp/hard/libc.a(lib_a-stdio.o)
                0x0000000008008c1c                __sclose
 .text.__swbuf_r
                0x0000000008008c24       0xb0 /usr/lib/gcc/arm-none-eabi/11.1.0/../../../../arm-none-eabi/lib/thumb/v7e-m+fp/hard/libc.a(lib_a-wbuf.o)
                0x0000000008008c24                __swbuf_r
 .text._wcrtomb_r
                0x0000000008008cd4       0x34 /usr/lib/gcc/arm-none-eabi/11.1.0/../../../../arm-none-eabi/lib/thumb/v7e-m+fp/hard/libc.a(lib_a-wcrtomb.o)
                0x0000000008008cd4                _wcrtomb_r
 .text._write_r
                0x0000000008008d08       0x2c /usr/lib/gcc/arm-none-eabi/11.1.0/../../../../arm-none-eabi/lib/thumb/v7e-m+fp/hard/libc.a(lib_a-writer.o)
                0x0000000008008d08                _write_r
 .text._close_r
                0x0000000008008d34       0x24 /usr/lib/gcc/arm-none-eabi/11.1.0/../../../../arm-none-eabi/lib/thumb/v7e-m+fp/hard/libc.a(lib_a-closer.o)
                0x0000000008008d34                _close_r
 .text._fclose_r
                0x0000000008008d58       0xd0 /usr/lib/gcc/arm-none-eabi/11.1.0/../../../../arm-none-eabi/lib/thumb/v7e-m+fp/hard/libc.a(lib_a-fclose.o)
                0x0000000008008d58                _fclose_r
 .text._fstat_r
                0x0000000008008e28       0x2c /usr/lib/gcc/arm-none-eabi/11.1.0/../../../../arm-none-eabi/lib/thumb/v7e-m+fp/hard/libc.a(lib_a-fstatr.o)
                0x0000000008008e28                _fstat_r
 .text._isatty_r
                0x0000000008008e54       0x24 /usr/lib/gcc/arm-none-eabi/11.1.0/../../../../arm-none-eabi/lib/thumb/v7e-m+fp/hard/libc.a(lib_a-isattyr.o)
                0x0000000008008e54                _isatty_r
 .text._lseek_r
                0x0000000008008e78       0x2c /usr/lib/gcc/arm-none-eabi/11.1.0/../../../../arm-none-eabi/lib/thumb/v7e-m+fp/hard/libc.a(lib_a-lseekr.o)
                0x0000000008008e78                _lseek_r
 .text._read_r  0x0000000008008ea4       0x2c /usr/lib/gcc/arm-none-eabi/11.1.0/../../../../arm-none-eabi/lib/thumb/v7e-m+fp/hard/libc.a(lib_a-readr.o)
                0x0000000008008ea4                _read_r
 .text.__udivmoddi4
                0x0000000008008ed0      0x27a /usr/lib/gcc/arm-none-eabi/11.1.0/thumb/v7e-m+fp/hard/libgcc.a(_udivmoddi4.o)
                0x0000000008008ed0                __udivmoddi4
 *(.glue_7)
 .glue_7        0x000000000800914a        0x0 linker stubs
 *(.glue_7t)
 .glue_7t       0x000000000800914a        0x0 linker stubs
 *(.eh_frame)
 *fill*         0x000000000800914a        0x2 
 .eh_frame      0x000000000800914c        0x0 /usr/lib/gcc/arm-none-eabi/11.1.0/thumb/v7e-m+fp/hard/crtbegin.o
 *(.init)
 .init          0x000000000800914c        0x4 /usr/lib/gcc/arm-none-eabi/11.1.0/thumb/v7e-m+fp/hard/crti.o
                0x000000000800914c                _init
 .init          0x0000000008009150        0x8 /usr/lib/gcc/arm-none-eabi/11.1.0/thumb/v7e-m+fp/hard/crtn.o
 *(.fini)
 .fini          0x0000000008009158        0x4 /usr/lib/gcc/arm-none-eabi/11.1.0/thumb/v7e-m+fp/hard/crti.o
                0x0000000008009158                _fini
 .fini          0x000000000800915c        0x8 /usr/lib/gcc/arm-none-eabi/11.1.0/thumb/v7e-m+fp/hard/crtn.o
                0x0000000008009164                . = ALIGN (0x4)
                0x0000000008009164                _etext = .

.vfp11_veneer   0x0000000008009164        0x0
 .vfp11_veneer  0x0000000008009164        0x0 linker stubs

.v4_bx          0x0000000008009164        0x0
 .v4_bx         0x0000000008009164        0x0 linker stubs

.iplt           0x0000000008009164        0x0
 .iplt          0x0000000008009164        0x0 /usr/lib/gcc/arm-none-eabi/11.1.0/thumb/v7e-m+fp/hard/crtbegin.o

.rodata         0x0000000008009168      0x3d8
                0x0000000008009168                . = ALIGN (0x4)
 *(.rodata)
 .rodata        0x0000000008009168       0x18 build/main.o
 *(.rodata*)
 .rodata.Lcd_float.str1.4
                0x0000000008009180        0x8 build/HD44780_LCD.o
 .rodata.ROW_16
                0x0000000008009188        0x4 build/HD44780_LCD.o
                0x0000000008009188                ROW_16
 .rodata.main.str1.4
                0x000000000800918c       0x1a build/main.o
 *fill*         0x00000000080091a6        0x2 
 .rodata.AHBPrescTable
                0x00000000080091a8       0x10 build/system_stm32f4xx.o
                0x00000000080091a8                AHBPrescTable
 .rodata.APBPrescTable
                0x00000000080091b8        0x8 build/system_stm32f4xx.o
                0x00000000080091b8                APBPrescTable
 .rodata._global_impure_ptr
                0x00000000080091c0        0x4 /usr/lib/gcc/arm-none-eabi/11.1.0/../../../../arm-none-eabi/lib/thumb/v7e-m+fp/hard/libc.a(lib_a-impure.o)
                0x00000000080091c0                _global_impure_ptr
 .rodata._svfprintf_r.str1.4
                0x00000000080091c4       0x42 /usr/lib/gcc/arm-none-eabi/11.1.0/../../../../arm-none-eabi/lib/thumb/v7e-m+fp/hard/libc.a(lib_a-svfprintf.o)
 *fill*         0x0000000008009206        0x2 
 .rodata.blanks.1
                0x0000000008009208       0x10 /usr/lib/gcc/arm-none-eabi/11.1.0/../../../../arm-none-eabi/lib/thumb/v7e-m+fp/hard/libc.a(lib_a-svfprintf.o)
 .rodata.zeroes.0
                0x0000000008009218       0x10 /usr/lib/gcc/arm-none-eabi/11.1.0/../../../../arm-none-eabi/lib/thumb/v7e-m+fp/hard/libc.a(lib_a-svfprintf.o)
 .rodata._dtoa_r.str1.4
                0x0000000008009228       0x63 /usr/lib/gcc/arm-none-eabi/11.1.0/../../../../arm-none-eabi/lib/thumb/v7e-m+fp/hard/libc.a(lib_a-dtoa.o)
                                         0x67 (size before relaxing)
 *fill*         0x000000000800928b        0x1 
 .rodata._setlocale_r.str1.4
                0x000000000800928c        0xa /usr/lib/gcc/arm-none-eabi/11.1.0/../../../../arm-none-eabi/lib/thumb/v7e-m+fp/hard/libc.a(lib_a-locale.o)
                                          0xd (size before relaxing)
 *fill*         0x0000000008009296        0x2 
 .rodata.str1.4
                0x0000000008009298        0x2 /usr/lib/gcc/arm-none-eabi/11.1.0/../../../../arm-none-eabi/lib/thumb/v7e-m+fp/hard/libc.a(lib_a-locale.o)
 *fill*         0x000000000800929a        0x2 
 .rodata.__multadd.str1.4
                0x000000000800929c       0x40 /usr/lib/gcc/arm-none-eabi/11.1.0/../../../../arm-none-eabi/lib/thumb/v7e-m+fp/hard/libc.a(lib_a-mprec.o)
                                         0x54 (size before relaxing)
 *fill*         0x00000000080092dc        0x4 
 .rodata.__mprec_bigtens
                0x00000000080092e0       0x28 /usr/lib/gcc/arm-none-eabi/11.1.0/../../../../arm-none-eabi/lib/thumb/v7e-m+fp/hard/libc.a(lib_a-mprec.o)
                0x00000000080092e0                __mprec_bigtens
 .rodata.__mprec_tens
                0x0000000008009308       0xc8 /usr/lib/gcc/arm-none-eabi/11.1.0/../../../../arm-none-eabi/lib/thumb/v7e-m+fp/hard/libc.a(lib_a-mprec.o)
                0x0000000008009308                __mprec_tens
 .rodata.p05.0  0x00000000080093d0        0xc /usr/lib/gcc/arm-none-eabi/11.1.0/../../../../arm-none-eabi/lib/thumb/v7e-m+fp/hard/libc.a(lib_a-mprec.o)
 .rodata.__assert_func.str1.4
                0x00000000080093dc       0x3f /usr/lib/gcc/arm-none-eabi/11.1.0/../../../../arm-none-eabi/lib/thumb/v7e-m+fp/hard/libc.a(lib_a-assert.o)
                                         0x43 (size before relaxing)
 *fill*         0x000000000800941b        0x1 
 .rodata._ctype_
                0x000000000800941c      0x101 /usr/lib/gcc/arm-none-eabi/11.1.0/../../../../arm-none-eabi/lib/thumb/v7e-m+fp/hard/libc.a(lib_a-ctype_.o)
                0x000000000800941c                _ctype_
 .rodata._vfiprintf_r.str1.4
                0x000000000800951d       0x2f /usr/lib/gcc/arm-none-eabi/11.1.0/../../../../arm-none-eabi/lib/thumb/v7e-m+fp/hard/libc.a(lib_a-vfiprintf.o)
 *fill*         0x000000000800951d        0x3 
 .rodata.blanks.1
                0x0000000008009520       0x10 /usr/lib/gcc/arm-none-eabi/11.1.0/../../../../arm-none-eabi/lib/thumb/v7e-m+fp/hard/libc.a(lib_a-vfiprintf.o)
 .rodata.zeroes.0
                0x0000000008009530       0x10 /usr/lib/gcc/arm-none-eabi/11.1.0/../../../../arm-none-eabi/lib/thumb/v7e-m+fp/hard/libc.a(lib_a-vfiprintf.o)
                0x0000000008009540                . = ALIGN (0x4)

.ARM.extab
 *(.ARM.extab* .gnu.linkonce.armextab.*)

.ARM            0x0000000008009540        0x8
                0x0000000008009540                __exidx_start = .
 *(.ARM.exidx*)
 .ARM.exidx.text.__udivmoddi4
                0x0000000008009540        0x8 /usr/lib/gcc/arm-none-eabi/11.1.0/thumb/v7e-m+fp/hard/libgcc.a(_udivmoddi4.o)
                0x0000000008009548                __exidx_end = .

.rel.dyn        0x0000000008009548        0x0
 .rel.iplt      0x0000000008009548        0x0 /usr/lib/gcc/arm-none-eabi/11.1.0/thumb/v7e-m+fp/hard/crtbegin.o

.preinit_array  0x0000000008009548        0x0
                0x0000000008009548                PROVIDE (__preinit_array_start = .)
 *(.preinit_array*)
                0x0000000008009548                PROVIDE (__preinit_array_end = .)

.init_array     0x0000000008009548        0x8
                0x0000000008009548                PROVIDE (__init_array_start = .)
 *(SORT_BY_NAME(.init_array.*))
 .init_array.00000
                0x0000000008009548        0x4 /usr/lib/gcc/arm-none-eabi/11.1.0/../../../../arm-none-eabi/lib/thumb/v7e-m+fp/hard/libc.a(lib_a-__call_atexit.o)
 *(.init_array*)
 .init_array    0x000000000800954c        0x4 /usr/lib/gcc/arm-none-eabi/11.1.0/thumb/v7e-m+fp/hard/crtbegin.o
                0x0000000008009550                PROVIDE (__init_array_end = .)

.fini_array     0x0000000008009550        0x4
                0x0000000008009550                PROVIDE (__fini_array_start = .)
 *(SORT_BY_NAME(.fini_array.*))
 *(.fini_array*)
 .fini_array    0x0000000008009550        0x4 /usr/lib/gcc/arm-none-eabi/11.1.0/thumb/v7e-m+fp/hard/crtbegin.o
                0x0000000008009554                PROVIDE (__fini_array_end = .)
                0x0000000008009554                _sidata = LOADADDR (.data)

.data           0x0000000020000000      0x9b8 load address 0x0000000008009554
                0x0000000020000000                . = ALIGN (0x4)
                0x0000000020000000                _sdata = .
 *(.data)
 *(.data*)
 .data.SystemCoreClock
                0x0000000020000000        0x4 build/system_stm32f4xx.o
                0x0000000020000000                SystemCoreClock
 .data.uwTickFreq
                0x0000000020000004        0x1 build/stm32f4xx_hal.o
                0x0000000020000004                uwTickFreq
 *fill*         0x0000000020000005        0x3 
 .data.uwTickPrio
                0x0000000020000008        0x4 build/stm32f4xx_hal.o
                0x0000000020000008                uwTickPrio
 .data._impure_ptr
                0x000000002000000c        0x4 /usr/lib/gcc/arm-none-eabi/11.1.0/../../../../arm-none-eabi/lib/thumb/v7e-m+fp/hard/libc.a(lib_a-impure.o)
                0x000000002000000c                _impure_ptr
 .data.impure_data
                0x0000000020000010      0x428 /usr/lib/gcc/arm-none-eabi/11.1.0/../../../../arm-none-eabi/lib/thumb/v7e-m+fp/hard/libc.a(lib_a-impure.o)
 .data.__atexit_recursive_mutex
                0x0000000020000438        0x4 /usr/lib/gcc/arm-none-eabi/11.1.0/../../../../arm-none-eabi/lib/thumb/v7e-m+fp/hard/libc.a(lib_a-__call_atexit.o)
                0x0000000020000438                __atexit_recursive_mutex
 .data.__global_locale
                0x000000002000043c      0x16c /usr/lib/gcc/arm-none-eabi/11.1.0/../../../../arm-none-eabi/lib/thumb/v7e-m+fp/hard/libc.a(lib_a-locale.o)
                0x000000002000043c                __global_locale
 .data.__malloc_av_
                0x00000000200005a8      0x408 /usr/lib/gcc/arm-none-eabi/11.1.0/../../../../arm-none-eabi/lib/thumb/v7e-m+fp/hard/libc.a(lib_a-mallocr.o)
                0x00000000200005a8                __malloc_av_
 .data.__malloc_sbrk_base
                0x00000000200009b0        0x4 /usr/lib/gcc/arm-none-eabi/11.1.0/../../../../arm-none-eabi/lib/thumb/v7e-m+fp/hard/libc.a(lib_a-mallocr.o)
                0x00000000200009b0                __malloc_sbrk_base
 .data.__malloc_trim_threshold
                0x00000000200009b4        0x4 /usr/lib/gcc/arm-none-eabi/11.1.0/../../../../arm-none-eabi/lib/thumb/v7e-m+fp/hard/libc.a(lib_a-mallocr.o)
                0x00000000200009b4                __malloc_trim_threshold
                0x00000000200009b8                . = ALIGN (0x4)
                0x00000000200009b8                _edata = .

.igot.plt       0x00000000200009b8        0x0 load address 0x0000000008009f0c
 .igot.plt      0x00000000200009b8        0x0 /usr/lib/gcc/arm-none-eabi/11.1.0/thumb/v7e-m+fp/hard/crtbegin.o
                0x00000000200009b8                . = ALIGN (0x4)

.bss            0x00000000200009b8      0x168 load address 0x0000000008009f0c
                0x00000000200009b8                _sbss = .
                0x00000000200009b8                __bss_start__ = _sbss
 *(.bss)
 *(.bss*)
 .bss.completed.1
                0x00000000200009b8        0x1 /usr/lib/gcc/arm-none-eabi/11.1.0/thumb/v7e-m+fp/hard/crtbegin.o
 *fill*         0x00000000200009b9        0x3 
 .bss.object.0  0x00000000200009bc       0x18 /usr/lib/gcc/arm-none-eabi/11.1.0/thumb/v7e-m+fp/hard/crtbegin.o
 .bss.DS18B20_state
                0x00000000200009d4        0x4 build/DS18B20.o
 .bss.temperature
                0x00000000200009d8        0x2 build/DS18B20.o
 *fill*         0x00000000200009da        0x2 
 .bss.hrtc      0x00000000200009dc       0x20 build/rtc.o
                0x00000000200009dc                hrtc
 .bss.__sbrk_heap_end
                0x00000000200009fc        0x4 build/sysmem.o
 .bss.htim6     0x0000000020000a00       0x48 build/tim.o
                0x0000000020000a00                htim6
 .bss.htim7     0x0000000020000a48       0x48 build/tim.o
                0x0000000020000a48                htim7
 .bss.huart2    0x0000000020000a90       0x44 build/usart.o
                0x0000000020000a90                huart2
 .bss.uwTick    0x0000000020000ad4        0x4 build/stm32f4xx_hal.o
                0x0000000020000ad4                uwTick
 .bss.__lock___atexit_recursive_mutex
                0x0000000020000ad8        0x1 /usr/lib/gcc/arm-none-eabi/11.1.0/../../../../arm-none-eabi/lib/thumb/v7e-m+fp/hard/libc.a(lib_a-lock.o)
                0x0000000020000ad8                __lock___atexit_recursive_mutex
 *fill*         0x0000000020000ad9        0x3 
 .bss.__lock___malloc_recursive_mutex
                0x0000000020000adc        0x1 /usr/lib/gcc/arm-none-eabi/11.1.0/../../../../arm-none-eabi/lib/thumb/v7e-m+fp/hard/libc.a(lib_a-lock.o)
                0x0000000020000adc                __lock___malloc_recursive_mutex
 *fill*         0x0000000020000add        0x3 
 .bss.__lock___sfp_recursive_mutex
                0x0000000020000ae0        0x1 /usr/lib/gcc/arm-none-eabi/11.1.0/../../../../arm-none-eabi/lib/thumb/v7e-m+fp/hard/libc.a(lib_a-lock.o)
                0x0000000020000ae0                __lock___sfp_recursive_mutex
 *fill*         0x0000000020000ae1        0x3 
 .bss.__lock___sinit_recursive_mutex
                0x0000000020000ae4        0x1 /usr/lib/gcc/arm-none-eabi/11.1.0/../../../../arm-none-eabi/lib/thumb/v7e-m+fp/hard/libc.a(lib_a-lock.o)
                0x0000000020000ae4                __lock___sinit_recursive_mutex
 *fill*         0x0000000020000ae5        0x3 
 .bss.__malloc_current_mallinfo
                0x0000000020000ae8       0x28 /usr/lib/gcc/arm-none-eabi/11.1.0/../../../../arm-none-eabi/lib/thumb/v7e-m+fp/hard/libc.a(lib_a-mallocr.o)
                0x0000000020000ae8                __malloc_current_mallinfo
 .bss.__malloc_max_sbrked_mem
                0x0000000020000b10        0x4 /usr/lib/gcc/arm-none-eabi/11.1.0/../../../../arm-none-eabi/lib/thumb/v7e-m+fp/hard/libc.a(lib_a-mallocr.o)
                0x0000000020000b10                __malloc_max_sbrked_mem
 .bss.__malloc_max_total_mem
                0x0000000020000b14        0x4 /usr/lib/gcc/arm-none-eabi/11.1.0/../../../../arm-none-eabi/lib/thumb/v7e-m+fp/hard/libc.a(lib_a-mallocr.o)
                0x0000000020000b14                __malloc_max_total_mem
 .bss.__malloc_top_pad
                0x0000000020000b18        0x4 /usr/lib/gcc/arm-none-eabi/11.1.0/../../../../arm-none-eabi/lib/thumb/v7e-m+fp/hard/libc.a(lib_a-mallocr.o)
                0x0000000020000b18                __malloc_top_pad
 .bss.errno     0x0000000020000b1c        0x4 /usr/lib/gcc/arm-none-eabi/11.1.0/../../../../arm-none-eabi/lib/thumb/v7e-m+fp/hard/libc.a(lib_a-reent.o)
                0x0000000020000b1c                errno
 *(COMMON)
                0x0000000020000b20                . = ALIGN (0x4)
                0x0000000020000b20                _ebss = .
                0x0000000020000b20                __bss_end__ = _ebss

._user_heap_stack
                0x0000000020000b20      0x600 load address 0x0000000008009f0c
                0x0000000020000b20                . = ALIGN (0x8)
                [!provide]                        PROVIDE (end = .)
                0x0000000020000b20                PROVIDE (_end = .)
                0x0000000020000d20                . = (. + _Min_Heap_Size)
 *fill*         0x0000000020000b20      0x200 
                0x0000000020001120                . = (. + _Min_Stack_Size)
 *fill*         0x0000000020000d20      0x400 
                0x0000000020001120                . = ALIGN (0x8)

/DISCARD/
 libc.a(*)
 libm.a(*)
 libgcc.a(*)

.ARM.attributes
                0x0000000000000000       0x30
 *(.ARM.attributes)
 .ARM.attributes
                0x0000000000000000       0x1e /usr/lib/gcc/arm-none-eabi/11.1.0/thumb/v7e-m+fp/hard/crti.o
 .ARM.attributes
                0x000000000000001e       0x34 /usr/lib/gcc/arm-none-eabi/11.1.0/thumb/v7e-m+fp/hard/crtbegin.o
 .ARM.attributes
                0x0000000000000052       0x34 build/DS18B20.o
 .ARM.attributes
                0x0000000000000086       0x34 build/HD44780_LCD.o
 .ARM.attributes
                0x00000000000000ba       0x34 build/gpio.o
 .ARM.attributes
                0x00000000000000ee       0x34 build/main.o
 .ARM.attributes
                0x0000000000000122       0x34 build/rtc.o
 .ARM.attributes
                0x0000000000000156       0x34 build/stm32f4xx_hal_msp.o
 .ARM.attributes
                0x000000000000018a       0x34 build/stm32f4xx_it.o
 .ARM.attributes
                0x00000000000001be       0x34 build/syscalls.o
 .ARM.attributes
                0x00000000000001f2       0x34 build/sysmem.o
 .ARM.attributes
                0x0000000000000226       0x34 build/system_stm32f4xx.o
 .ARM.attributes
                0x000000000000025a       0x34 build/tim.o
 .ARM.attributes
                0x000000000000028e       0x34 build/usart.o
 .ARM.attributes
                0x00000000000002c2       0x34 build/stm32f4xx_hal.o
 .ARM.attributes
                0x00000000000002f6       0x34 build/stm32f4xx_hal_cortex.o
 .ARM.attributes
                0x000000000000032a       0x34 build/stm32f4xx_hal_gpio.o
 .ARM.attributes
                0x000000000000035e       0x34 build/stm32f4xx_hal_rcc.o
 .ARM.attributes
                0x0000000000000392       0x34 build/stm32f4xx_hal_rcc_ex.o
 .ARM.attributes
                0x00000000000003c6       0x34 build/stm32f4xx_hal_rtc.o
 .ARM.attributes
                0x00000000000003fa       0x34 build/stm32f4xx_hal_tim.o
 .ARM.attributes
                0x000000000000042e       0x34 build/stm32f4xx_hal_tim_ex.o
 .ARM.attributes
                0x0000000000000462       0x34 build/stm32f4xx_hal_uart.o
 .ARM.attributes
                0x0000000000000496       0x21 build/startup_stm32f446xx.o
 .ARM.attributes
                0x00000000000004b7       0x34 /usr/lib/gcc/arm-none-eabi/11.1.0/../../../../arm-none-eabi/lib/thumb/v7e-m+fp/hard/libc.a(lib_a-atexit.o)
 .ARM.attributes
                0x00000000000004eb       0x34 /usr/lib/gcc/arm-none-eabi/11.1.0/../../../../arm-none-eabi/lib/thumb/v7e-m+fp/hard/libc.a(lib_a-errno.o)
 .ARM.attributes
                0x000000000000051f       0x34 /usr/lib/gcc/arm-none-eabi/11.1.0/../../../../arm-none-eabi/lib/thumb/v7e-m+fp/hard/libc.a(lib_a-fini.o)
 .ARM.attributes
                0x0000000000000553       0x32 /usr/lib/gcc/arm-none-eabi/11.1.0/../../../../arm-none-eabi/lib/thumb/v7e-m+fp/hard/libc.a(lib_a-impure.o)
 .ARM.attributes
                0x0000000000000585       0x34 /usr/lib/gcc/arm-none-eabi/11.1.0/../../../../arm-none-eabi/lib/thumb/v7e-m+fp/hard/libc.a(lib_a-init.o)
 .ARM.attributes
                0x00000000000005b9       0x34 /usr/lib/gcc/arm-none-eabi/11.1.0/../../../../arm-none-eabi/lib/thumb/v7e-m+fp/hard/libc.a(lib_a-memset.o)
 .ARM.attributes
                0x00000000000005ed       0x34 /usr/lib/gcc/arm-none-eabi/11.1.0/../../../../arm-none-eabi/lib/thumb/v7e-m+fp/hard/libc.a(lib_a-sprintf.o)
 .ARM.attributes
                0x0000000000000621       0x1c /usr/lib/gcc/arm-none-eabi/11.1.0/../../../../arm-none-eabi/lib/thumb/v7e-m+fp/hard/libc.a(lib_a-strlen.o)
 .ARM.attributes
                0x000000000000063d       0x34 /usr/lib/gcc/arm-none-eabi/11.1.0/../../../../arm-none-eabi/lib/thumb/v7e-m+fp/hard/libc.a(lib_a-svfprintf.o)
 .ARM.attributes
                0x0000000000000671       0x34 /usr/lib/gcc/arm-none-eabi/11.1.0/../../../../arm-none-eabi/lib/thumb/v7e-m+fp/hard/libc.a(lib_a-__atexit.o)
 .ARM.attributes
                0x00000000000006a5       0x34 /usr/lib/gcc/arm-none-eabi/11.1.0/../../../../arm-none-eabi/lib/thumb/v7e-m+fp/hard/libc.a(lib_a-__call_atexit.o)
 .ARM.attributes
                0x00000000000006d9       0x34 /usr/lib/gcc/arm-none-eabi/11.1.0/../../../../arm-none-eabi/lib/thumb/v7e-m+fp/hard/libc.a(lib_a-dtoa.o)
 .ARM.attributes
                0x000000000000070d       0x34 /usr/lib/gcc/arm-none-eabi/11.1.0/../../../../arm-none-eabi/lib/thumb/v7e-m+fp/hard/libc.a(lib_a-freer.o)
 .ARM.attributes
                0x0000000000000741       0x34 /usr/lib/gcc/arm-none-eabi/11.1.0/../../../../arm-none-eabi/lib/thumb/v7e-m+fp/hard/libc.a(lib_a-localeconv.o)
 .ARM.attributes
                0x0000000000000775       0x34 /usr/lib/gcc/arm-none-eabi/11.1.0/../../../../arm-none-eabi/lib/thumb/v7e-m+fp/hard/libc.a(lib_a-locale.o)
 .ARM.attributes
                0x00000000000007a9       0x34 /usr/lib/gcc/arm-none-eabi/11.1.0/../../../../arm-none-eabi/lib/thumb/v7e-m+fp/hard/libc.a(lib_a-lock.o)
 .ARM.attributes
                0x00000000000007dd       0x34 /usr/lib/gcc/arm-none-eabi/11.1.0/../../../../arm-none-eabi/lib/thumb/v7e-m+fp/hard/libc.a(lib_a-mallocr.o)
 .ARM.attributes
                0x0000000000000811       0x34 /usr/lib/gcc/arm-none-eabi/11.1.0/../../../../arm-none-eabi/lib/thumb/v7e-m+fp/hard/libc.a(lib_a-mbtowc_r.o)
 .ARM.attributes
                0x0000000000000845       0x1c /usr/lib/gcc/arm-none-eabi/11.1.0/../../../../arm-none-eabi/lib/thumb/v7e-m+fp/hard/libc.a(lib_a-memchr.o)
 .ARM.attributes
                0x0000000000000861       0x1c /usr/lib/gcc/arm-none-eabi/11.1.0/../../../../arm-none-eabi/lib/thumb/v7e-m+fp/hard/libc.a(lib_a-memcpy.o)
 .ARM.attributes
                0x000000000000087d       0x34 /usr/lib/gcc/arm-none-eabi/11.1.0/../../../../arm-none-eabi/lib/thumb/v7e-m+fp/hard/libc.a(lib_a-mlock.o)
 .ARM.attributes
                0x00000000000008b1       0x34 /usr/lib/gcc/arm-none-eabi/11.1.0/../../../../arm-none-eabi/lib/thumb/v7e-m+fp/hard/libc.a(lib_a-mprec.o)
 .ARM.attributes
                0x00000000000008e5       0x34 /usr/lib/gcc/arm-none-eabi/11.1.0/../../../../arm-none-eabi/lib/thumb/v7e-m+fp/hard/libc.a(lib_a-sbrkr.o)
 .ARM.attributes
                0x0000000000000919       0x34 /usr/lib/gcc/arm-none-eabi/11.1.0/../../../../arm-none-eabi/lib/thumb/v7e-m+fp/hard/libc.a(lib_a-s_frexp.o)
 .ARM.attributes
                0x000000000000094d       0x34 /usr/lib/gcc/arm-none-eabi/11.1.0/../../../../arm-none-eabi/lib/thumb/v7e-m+fp/hard/libc.a(lib_a-strncpy.o)
 .ARM.attributes
                0x0000000000000981       0x34 /usr/lib/gcc/arm-none-eabi/11.1.0/../../../../arm-none-eabi/lib/thumb/v7e-m+fp/hard/libc.a(lib_a-svfiprintf.o)
 .ARM.attributes
                0x00000000000009b5       0x34 /usr/lib/gcc/arm-none-eabi/11.1.0/../../../../arm-none-eabi/lib/thumb/v7e-m+fp/hard/libc.a(lib_a-wctomb_r.o)
 .ARM.attributes
                0x00000000000009e9       0x34 /usr/lib/gcc/arm-none-eabi/11.1.0/../../../../arm-none-eabi/lib/thumb/v7e-m+fp/hard/libc.a(lib_a-assert.o)
 .ARM.attributes
                0x0000000000000a1d       0x34 /usr/lib/gcc/arm-none-eabi/11.1.0/../../../../arm-none-eabi/lib/thumb/v7e-m+fp/hard/libc.a(lib_a-callocr.o)
 .ARM.attributes
                0x0000000000000a51       0x32 /usr/lib/gcc/arm-none-eabi/11.1.0/../../../../arm-none-eabi/lib/thumb/v7e-m+fp/hard/libc.a(lib_a-ctype_.o)
 .ARM.attributes
                0x0000000000000a83       0x34 /usr/lib/gcc/arm-none-eabi/11.1.0/../../../../arm-none-eabi/lib/thumb/v7e-m+fp/hard/libc.a(lib_a-fiprintf.o)
 .ARM.attributes
                0x0000000000000ab7       0x34 /usr/lib/gcc/arm-none-eabi/11.1.0/../../../../arm-none-eabi/lib/thumb/v7e-m+fp/hard/libc.a(lib_a-memmove.o)
 .ARM.attributes
                0x0000000000000aeb       0x34 /usr/lib/gcc/arm-none-eabi/11.1.0/../../../../arm-none-eabi/lib/thumb/v7e-m+fp/hard/libc.a(lib_a-reallocr.o)
 .ARM.attributes
                0x0000000000000b1f       0x34 /usr/lib/gcc/arm-none-eabi/11.1.0/../../../../arm-none-eabi/lib/thumb/v7e-m+fp/hard/libc.a(lib_a-reent.o)
 .ARM.attributes
                0x0000000000000b53       0x34 /usr/lib/gcc/arm-none-eabi/11.1.0/../../../../arm-none-eabi/lib/thumb/v7e-m+fp/hard/libc.a(lib_a-vfiprintf.o)
 .ARM.attributes
                0x0000000000000b87       0x34 /usr/lib/gcc/arm-none-eabi/11.1.0/../../../../arm-none-eabi/lib/thumb/v7e-m+fp/hard/libc.a(lib_a-wsetup.o)
 .ARM.attributes
                0x0000000000000bbb       0x34 /usr/lib/gcc/arm-none-eabi/11.1.0/../../../../arm-none-eabi/lib/thumb/v7e-m+fp/hard/libc.a(lib_a-abort.o)
 .ARM.attributes
                0x0000000000000bef       0x34 /usr/lib/gcc/arm-none-eabi/11.1.0/../../../../arm-none-eabi/lib/thumb/v7e-m+fp/hard/libc.a(lib_a-fflush.o)
 .ARM.attributes
                0x0000000000000c23       0x34 /usr/lib/gcc/arm-none-eabi/11.1.0/../../../../arm-none-eabi/lib/thumb/v7e-m+fp/hard/libc.a(lib_a-findfp.o)
 .ARM.attributes
                0x0000000000000c57       0x34 /usr/lib/gcc/arm-none-eabi/11.1.0/../../../../arm-none-eabi/lib/thumb/v7e-m+fp/hard/libc.a(lib_a-fputwc.o)
 .ARM.attributes
                0x0000000000000c8b       0x34 /usr/lib/gcc/arm-none-eabi/11.1.0/../../../../arm-none-eabi/lib/thumb/v7e-m+fp/hard/libc.a(lib_a-fvwrite.o)
 .ARM.attributes
                0x0000000000000cbf       0x34 /usr/lib/gcc/arm-none-eabi/11.1.0/../../../../arm-none-eabi/lib/thumb/v7e-m+fp/hard/libc.a(lib_a-fwalk.o)
 .ARM.attributes
                0x0000000000000cf3       0x34 /usr/lib/gcc/arm-none-eabi/11.1.0/../../../../arm-none-eabi/lib/thumb/v7e-m+fp/hard/libc.a(lib_a-makebuf.o)
 .ARM.attributes
                0x0000000000000d27       0x34 /usr/lib/gcc/arm-none-eabi/11.1.0/../../../../arm-none-eabi/lib/thumb/v7e-m+fp/hard/libc.a(lib_a-signal.o)
 .ARM.attributes
                0x0000000000000d5b       0x34 /usr/lib/gcc/arm-none-eabi/11.1.0/../../../../arm-none-eabi/lib/thumb/v7e-m+fp/hard/libc.a(lib_a-signalr.o)
 .ARM.attributes
                0x0000000000000d8f       0x34 /usr/lib/gcc/arm-none-eabi/11.1.0/../../../../arm-none-eabi/lib/thumb/v7e-m+fp/hard/libc.a(lib_a-stdio.o)
 .ARM.attributes
                0x0000000000000dc3       0x34 /usr/lib/gcc/arm-none-eabi/11.1.0/../../../../arm-none-eabi/lib/thumb/v7e-m+fp/hard/libc.a(lib_a-wbuf.o)
 .ARM.attributes
                0x0000000000000df7       0x34 /usr/lib/gcc/arm-none-eabi/11.1.0/../../../../arm-none-eabi/lib/thumb/v7e-m+fp/hard/libc.a(lib_a-wcrtomb.o)
 .ARM.attributes
                0x0000000000000e2b       0x34 /usr/lib/gcc/arm-none-eabi/11.1.0/../../../../arm-none-eabi/lib/thumb/v7e-m+fp/hard/libc.a(lib_a-writer.o)
 .ARM.attributes
                0x0000000000000e5f       0x34 /usr/lib/gcc/arm-none-eabi/11.1.0/../../../../arm-none-eabi/lib/thumb/v7e-m+fp/hard/libc.a(lib_a-closer.o)
 .ARM.attributes
                0x0000000000000e93       0x34 /usr/lib/gcc/arm-none-eabi/11.1.0/../../../../arm-none-eabi/lib/thumb/v7e-m+fp/hard/libc.a(lib_a-fclose.o)
 .ARM.attributes
                0x0000000000000ec7       0x34 /usr/lib/gcc/arm-none-eabi/11.1.0/../../../../arm-none-eabi/lib/thumb/v7e-m+fp/hard/libc.a(lib_a-fstatr.o)
 .ARM.attributes
                0x0000000000000efb       0x34 /usr/lib/gcc/arm-none-eabi/11.1.0/../../../../arm-none-eabi/lib/thumb/v7e-m+fp/hard/libc.a(lib_a-isattyr.o)
 .ARM.attributes
                0x0000000000000f2f       0x34 /usr/lib/gcc/arm-none-eabi/11.1.0/../../../../arm-none-eabi/lib/thumb/v7e-m+fp/hard/libc.a(lib_a-lseekr.o)
 .ARM.attributes
                0x0000000000000f63       0x34 /usr/lib/gcc/arm-none-eabi/11.1.0/../../../../arm-none-eabi/lib/thumb/v7e-m+fp/hard/libc.a(lib_a-readr.o)
 .ARM.attributes
                0x0000000000000f97       0x1e /usr/lib/gcc/arm-none-eabi/11.1.0/thumb/v7e-m+fp/hard/libgcc.a(_arm_addsubdf3.o)
 .ARM.attributes
                0x0000000000000fb5       0x1e /usr/lib/gcc/arm-none-eabi/11.1.0/thumb/v7e-m+fp/hard/libgcc.a(_arm_muldivdf3.o)
 .ARM.attributes
                0x0000000000000fd3       0x1e /usr/lib/gcc/arm-none-eabi/11.1.0/thumb/v7e-m+fp/hard/libgcc.a(_arm_cmpdf2.o)
 .ARM.attributes
                0x0000000000000ff1       0x1e /usr/lib/gcc/arm-none-eabi/11.1.0/thumb/v7e-m+fp/hard/libgcc.a(_arm_unorddf2.o)
 .ARM.attributes
                0x000000000000100f       0x1e /usr/lib/gcc/arm-none-eabi/11.1.0/thumb/v7e-m+fp/hard/libgcc.a(_arm_fixdfsi.o)
 .ARM.attributes
                0x000000000000102d       0x1e /usr/lib/gcc/arm-none-eabi/11.1.0/thumb/v7e-m+fp/hard/libgcc.a(_aeabi_uldivmod.o)
 .ARM.attributes
                0x000000000000104b       0x34 /usr/lib/gcc/arm-none-eabi/11.1.0/thumb/v7e-m+fp/hard/libgcc.a(_udivmoddi4.o)
 .ARM.attributes
                0x000000000000107f       0x1e /usr/lib/gcc/arm-none-eabi/11.1.0/thumb/v7e-m+fp/hard/libgcc.a(_dvmd_tls.o)
 .ARM.attributes
                0x000000000000109d       0x1e /usr/lib/gcc/arm-none-eabi/11.1.0/thumb/v7e-m+fp/hard/crtn.o
OUTPUT(build/ThermometerV2.elf elf32-littlearm)
LOAD linker stubs
LOAD /usr/lib/gcc/arm-none-eabi/11.1.0/../../../../arm-none-eabi/lib/thumb/v7e-m+fp/hard/libc.a
LOAD /usr/lib/gcc/arm-none-eabi/11.1.0/../../../../arm-none-eabi/lib/thumb/v7e-m+fp/hard/libm.a
LOAD /usr/lib/gcc/arm-none-eabi/11.1.0/thumb/v7e-m+fp/hard/libgcc.a

.debug_info     0x0000000000000000    0x14029
 .debug_info    0x0000000000000000      0xf6c build/DS18B20.o
 .debug_info    0x0000000000000f6c      0xa7f build/HD44780_LCD.o
 .debug_info    0x00000000000019eb      0x5e1 build/gpio.o
 .debug_info    0x0000000000001fcc     0x133e build/main.o
 .debug_info    0x000000000000330a      0x57d build/rtc.o
 .debug_info    0x0000000000003887      0x358 build/stm32f4xx_hal_msp.o
 .debug_info    0x0000000000003bdf      0x80d build/stm32f4xx_it.o
 .debug_info    0x00000000000043ec      0x842 build/syscalls.o
 .debug_info    0x0000000000004c2e      0x18c build/sysmem.o
 .debug_info    0x0000000000004dba      0x5f7 build/system_stm32f4xx.o
 .debug_info    0x00000000000053b1      0xe6b build/tim.o
 .debug_info    0x000000000000621c      0xb2b build/usart.o
 .debug_info    0x0000000000006d47      0xb5c build/stm32f4xx_hal.o
 .debug_info    0x00000000000078a3     0x1198 build/stm32f4xx_hal_cortex.o
 .debug_info    0x0000000000008a3b      0x8ac build/stm32f4xx_hal_gpio.o
 .debug_info    0x00000000000092e7      0xc5d build/stm32f4xx_hal_rcc.o
 .debug_info    0x0000000000009f44      0xdd1 build/stm32f4xx_hal_rcc_ex.o
 .debug_info    0x000000000000ad15     0x112a build/stm32f4xx_hal_rtc.o
 .debug_info    0x000000000000be3f     0x3e74 build/stm32f4xx_hal_tim.o
 .debug_info    0x000000000000fcb3     0x1caa build/stm32f4xx_hal_tim_ex.o
 .debug_info    0x000000000001195d     0x1ec7 build/stm32f4xx_hal_uart.o
 .debug_info    0x0000000000013824       0x22 build/startup_stm32f446xx.o
 .debug_info    0x0000000000013846       0x25 /usr/lib/gcc/arm-none-eabi/11.1.0/thumb/v7e-m+fp/hard/libgcc.a(_arm_addsubdf3.o)
 .debug_info    0x000000000001386b       0x25 /usr/lib/gcc/arm-none-eabi/11.1.0/thumb/v7e-m+fp/hard/libgcc.a(_arm_muldivdf3.o)
 .debug_info    0x0000000000013890       0x25 /usr/lib/gcc/arm-none-eabi/11.1.0/thumb/v7e-m+fp/hard/libgcc.a(_arm_cmpdf2.o)
 .debug_info    0x00000000000138b5       0x24 /usr/lib/gcc/arm-none-eabi/11.1.0/thumb/v7e-m+fp/hard/libgcc.a(_arm_unorddf2.o)
 .debug_info    0x00000000000138d9       0x24 /usr/lib/gcc/arm-none-eabi/11.1.0/thumb/v7e-m+fp/hard/libgcc.a(_arm_fixdfsi.o)
 .debug_info    0x00000000000138fd       0x24 /usr/lib/gcc/arm-none-eabi/11.1.0/thumb/v7e-m+fp/hard/libgcc.a(_aeabi_uldivmod.o)
 .debug_info    0x0000000000013921      0x6e4 /usr/lib/gcc/arm-none-eabi/11.1.0/thumb/v7e-m+fp/hard/libgcc.a(_udivmoddi4.o)
 .debug_info    0x0000000000014005       0x24 /usr/lib/gcc/arm-none-eabi/11.1.0/thumb/v7e-m+fp/hard/libgcc.a(_dvmd_tls.o)

.debug_abbrev   0x0000000000000000     0x2f29
 .debug_abbrev  0x0000000000000000      0x2c6 build/DS18B20.o
 .debug_abbrev  0x00000000000002c6      0x263 build/HD44780_LCD.o
 .debug_abbrev  0x0000000000000529      0x160 build/gpio.o
 .debug_abbrev  0x0000000000000689      0x2c5 build/main.o
 .debug_abbrev  0x000000000000094e      0x185 build/rtc.o
 .debug_abbrev  0x0000000000000ad3       0xfd build/stm32f4xx_hal_msp.o
 .debug_abbrev  0x0000000000000bd0      0x190 build/stm32f4xx_it.o
 .debug_abbrev  0x0000000000000d60      0x1e3 build/syscalls.o
 .debug_abbrev  0x0000000000000f43       0xeb build/sysmem.o
 .debug_abbrev  0x000000000000102e      0x11b build/system_stm32f4xx.o
 .debug_abbrev  0x0000000000001149      0x213 build/tim.o
 .debug_abbrev  0x000000000000135c      0x208 build/usart.o
 .debug_abbrev  0x0000000000001564      0x244 build/stm32f4xx_hal.o
 .debug_abbrev  0x00000000000017a8      0x371 build/stm32f4xx_hal_cortex.o
 .debug_abbrev  0x0000000000001b19      0x22b build/stm32f4xx_hal_gpio.o
 .debug_abbrev  0x0000000000001d44      0x2de build/stm32f4xx_hal_rcc.o
 .debug_abbrev  0x0000000000002022      0x25f build/stm32f4xx_hal_rcc_ex.o
 .debug_abbrev  0x0000000000002281      0x245 build/stm32f4xx_hal_rtc.o
 .debug_abbrev  0x00000000000024c6      0x2b6 build/stm32f4xx_hal_tim.o
 .debug_abbrev  0x000000000000277c      0x2b0 build/stm32f4xx_hal_tim_ex.o
 .debug_abbrev  0x0000000000002a2c      0x2e6 build/stm32f4xx_hal_uart.o
 .debug_abbrev  0x0000000000002d12       0x12 build/startup_stm32f446xx.o
 .debug_abbrev  0x0000000000002d24       0x14 /usr/lib/gcc/arm-none-eabi/11.1.0/thumb/v7e-m+fp/hard/libgcc.a(_arm_addsubdf3.o)
 .debug_abbrev  0x0000000000002d38       0x14 /usr/lib/gcc/arm-none-eabi/11.1.0/thumb/v7e-m+fp/hard/libgcc.a(_arm_muldivdf3.o)
 .debug_abbrev  0x0000000000002d4c       0x14 /usr/lib/gcc/arm-none-eabi/11.1.0/thumb/v7e-m+fp/hard/libgcc.a(_arm_cmpdf2.o)
 .debug_abbrev  0x0000000000002d60       0x14 /usr/lib/gcc/arm-none-eabi/11.1.0/thumb/v7e-m+fp/hard/libgcc.a(_arm_unorddf2.o)
 .debug_abbrev  0x0000000000002d74       0x14 /usr/lib/gcc/arm-none-eabi/11.1.0/thumb/v7e-m+fp/hard/libgcc.a(_arm_fixdfsi.o)
 .debug_abbrev  0x0000000000002d88       0x14 /usr/lib/gcc/arm-none-eabi/11.1.0/thumb/v7e-m+fp/hard/libgcc.a(_aeabi_uldivmod.o)
 .debug_abbrev  0x0000000000002d9c      0x179 /usr/lib/gcc/arm-none-eabi/11.1.0/thumb/v7e-m+fp/hard/libgcc.a(_udivmoddi4.o)
 .debug_abbrev  0x0000000000002f15       0x14 /usr/lib/gcc/arm-none-eabi/11.1.0/thumb/v7e-m+fp/hard/libgcc.a(_dvmd_tls.o)

.debug_loc      0x0000000000000000     0xe455
 .debug_loc     0x0000000000000000      0x3ab build/DS18B20.o
 .debug_loc     0x00000000000003ab      0x6b6 build/HD44780_LCD.o
 .debug_loc     0x0000000000000a61       0x39 build/gpio.o
 .debug_loc     0x0000000000000a9a       0xbf build/main.o
 .debug_loc     0x0000000000000b59       0x20 build/rtc.o
 .debug_loc     0x0000000000000b79       0x38 build/stm32f4xx_hal_msp.o
 .debug_loc     0x0000000000000bb1       0x40 build/stm32f4xx_it.o
 .debug_loc     0x0000000000000bf1      0x511 build/syscalls.o
 .debug_loc     0x0000000000001102       0x84 build/sysmem.o
 .debug_loc     0x0000000000001186      0x158 build/system_stm32f4xx.o
 .debug_loc     0x00000000000012de      0x170 build/tim.o
 .debug_loc     0x000000000000144e      0x108 build/usart.o
 .debug_loc     0x0000000000001556      0x1e1 build/stm32f4xx_hal.o
 .debug_loc     0x0000000000001737      0x831 build/stm32f4xx_hal_cortex.o
 .debug_loc     0x0000000000001f68      0x5db build/stm32f4xx_hal_gpio.o
 .debug_loc     0x0000000000002543      0x6e4 build/stm32f4xx_hal_rcc.o
 .debug_loc     0x0000000000002c27     0x100b build/stm32f4xx_hal_rcc_ex.o
 .debug_loc     0x0000000000003c32      0xef8 build/stm32f4xx_hal_rtc.o
 .debug_loc     0x0000000000004b2a     0x536d build/stm32f4xx_hal_tim.o
 .debug_loc     0x0000000000009e97     0x1fb9 build/stm32f4xx_hal_tim_ex.o
 .debug_loc     0x000000000000be50     0x2605 build/stm32f4xx_hal_uart.o

.debug_aranges  0x0000000000000000      0xf90
 .debug_aranges
                0x0000000000000000       0x90 build/DS18B20.o
 .debug_aranges
                0x0000000000000090       0x70 build/HD44780_LCD.o
 .debug_aranges
                0x0000000000000100       0x20 build/gpio.o
 .debug_aranges
                0x0000000000000120       0x30 build/main.o
 .debug_aranges
                0x0000000000000150       0x30 build/rtc.o
 .debug_aranges
                0x0000000000000180       0x20 build/stm32f4xx_hal_msp.o
 .debug_aranges
                0x00000000000001a0       0x68 build/stm32f4xx_it.o
 .debug_aranges
                0x0000000000000208       0xa8 build/syscalls.o
 .debug_aranges
                0x00000000000002b0       0x20 build/sysmem.o
 .debug_aranges
                0x00000000000002d0       0x28 build/system_stm32f4xx.o
 .debug_aranges
                0x00000000000002f8       0x38 build/tim.o
 .debug_aranges
                0x0000000000000330       0x30 build/usart.o
 .debug_aranges
                0x0000000000000360       0xf0 build/stm32f4xx_hal.o
 .debug_aranges
                0x0000000000000450       0xa8 build/stm32f4xx_hal_cortex.o
 .debug_aranges
                0x00000000000004f8       0x58 build/stm32f4xx_hal_gpio.o
 .debug_aranges
                0x0000000000000550       0x88 build/stm32f4xx_hal_rcc.o
 .debug_aranges
                0x00000000000005d8       0x78 build/stm32f4xx_hal_rcc_ex.o
 .debug_aranges
                0x0000000000000650       0xe0 build/stm32f4xx_hal_rtc.o
 .debug_aranges
                0x0000000000000730      0x3d0 build/stm32f4xx_hal_tim.o
 .debug_aranges
                0x0000000000000b00      0x168 build/stm32f4xx_hal_tim_ex.o
 .debug_aranges
                0x0000000000000c68      0x200 build/stm32f4xx_hal_uart.o
 .debug_aranges
                0x0000000000000e68       0x28 build/startup_stm32f446xx.o
 .debug_aranges
                0x0000000000000e90       0x20 /usr/lib/gcc/arm-none-eabi/11.1.0/thumb/v7e-m+fp/hard/libgcc.a(_arm_addsubdf3.o)
 .debug_aranges
                0x0000000000000eb0       0x20 /usr/lib/gcc/arm-none-eabi/11.1.0/thumb/v7e-m+fp/hard/libgcc.a(_arm_muldivdf3.o)
 .debug_aranges
                0x0000000000000ed0       0x20 /usr/lib/gcc/arm-none-eabi/11.1.0/thumb/v7e-m+fp/hard/libgcc.a(_arm_cmpdf2.o)
 .debug_aranges
                0x0000000000000ef0       0x20 /usr/lib/gcc/arm-none-eabi/11.1.0/thumb/v7e-m+fp/hard/libgcc.a(_arm_unorddf2.o)
 .debug_aranges
                0x0000000000000f10       0x20 /usr/lib/gcc/arm-none-eabi/11.1.0/thumb/v7e-m+fp/hard/libgcc.a(_arm_fixdfsi.o)
 .debug_aranges
                0x0000000000000f30       0x20 /usr/lib/gcc/arm-none-eabi/11.1.0/thumb/v7e-m+fp/hard/libgcc.a(_aeabi_uldivmod.o)
 .debug_aranges
                0x0000000000000f50       0x20 /usr/lib/gcc/arm-none-eabi/11.1.0/thumb/v7e-m+fp/hard/libgcc.a(_udivmoddi4.o)
 .debug_aranges
                0x0000000000000f70       0x20 /usr/lib/gcc/arm-none-eabi/11.1.0/thumb/v7e-m+fp/hard/libgcc.a(_dvmd_tls.o)

.debug_ranges   0x0000000000000000      0xdf8
 .debug_ranges  0x0000000000000000       0x98 build/DS18B20.o
 .debug_ranges  0x0000000000000098       0x60 build/HD44780_LCD.o
 .debug_ranges  0x00000000000000f8       0x10 build/gpio.o
 .debug_ranges  0x0000000000000108       0x38 build/main.o
 .debug_ranges  0x0000000000000140       0x20 build/rtc.o
 .debug_ranges  0x0000000000000160       0x10 build/stm32f4xx_hal_msp.o
 .debug_ranges  0x0000000000000170       0x58 build/stm32f4xx_it.o
 .debug_ranges  0x00000000000001c8       0x98 build/syscalls.o
 .debug_ranges  0x0000000000000260       0x10 build/sysmem.o
 .debug_ranges  0x0000000000000270       0x18 build/system_stm32f4xx.o
 .debug_ranges  0x0000000000000288       0x28 build/tim.o
 .debug_ranges  0x00000000000002b0       0x20 build/usart.o
 .debug_ranges  0x00000000000002d0       0xe0 build/stm32f4xx_hal.o
 .debug_ranges  0x00000000000003b0       0xf8 build/stm32f4xx_hal_cortex.o
 .debug_ranges  0x00000000000004a8       0x48 build/stm32f4xx_hal_gpio.o
 .debug_ranges  0x00000000000004f0       0x90 build/stm32f4xx_hal_rcc.o
 .debug_ranges  0x0000000000000580       0x80 build/stm32f4xx_hal_rcc_ex.o
 .debug_ranges  0x0000000000000600       0xd0 build/stm32f4xx_hal_rtc.o
 .debug_ranges  0x00000000000006d0      0x3c0 build/stm32f4xx_hal_tim.o
 .debug_ranges  0x0000000000000a90      0x158 build/stm32f4xx_hal_tim_ex.o
 .debug_ranges  0x0000000000000be8      0x1f0 build/stm32f4xx_hal_uart.o
 .debug_ranges  0x0000000000000dd8       0x20 build/startup_stm32f446xx.o

.debug_line     0x0000000000000000     0xeeaa
 .debug_line    0x0000000000000000      0x4d5 build/DS18B20.o
 .debug_line    0x00000000000004d5      0x448 build/HD44780_LCD.o
 .debug_line    0x000000000000091d      0x1bd build/gpio.o
 .debug_line    0x0000000000000ada      0x36f build/main.o
 .debug_line    0x0000000000000e49      0x1fa build/rtc.o
 .debug_line    0x0000000000001043      0x13b build/stm32f4xx_hal_msp.o
 .debug_line    0x000000000000117e      0x273 build/stm32f4xx_it.o
 .debug_line    0x00000000000013f1      0x371 build/syscalls.o
 .debug_line    0x0000000000001762      0x138 build/sysmem.o
 .debug_line    0x000000000000189a      0x1f4 build/system_stm32f4xx.o
 .debug_line    0x0000000000001a8e      0x2f3 build/tim.o
 .debug_line    0x0000000000001d81      0x269 build/usart.o
 .debug_line    0x0000000000001fea      0x509 build/stm32f4xx_hal.o
 .debug_line    0x00000000000024f3      0x71b build/stm32f4xx_hal_cortex.o
 .debug_line    0x0000000000002c0e      0x644 build/stm32f4xx_hal_gpio.o
 .debug_line    0x0000000000003252      0xab3 build/stm32f4xx_hal_rcc.o
 .debug_line    0x0000000000003d05     0x132b build/stm32f4xx_hal_rcc_ex.o
 .debug_line    0x0000000000005030     0x104b build/stm32f4xx_hal_rtc.o
 .debug_line    0x000000000000607b     0x4768 build/stm32f4xx_hal_tim.o
 .debug_line    0x000000000000a7e3     0x1be8 build/stm32f4xx_hal_tim_ex.o
 .debug_line    0x000000000000c3cb     0x205d build/stm32f4xx_hal_uart.o
 .debug_line    0x000000000000e428       0x76 build/startup_stm32f446xx.o
 .debug_line    0x000000000000e49e      0x16f /usr/lib/gcc/arm-none-eabi/11.1.0/thumb/v7e-m+fp/hard/libgcc.a(_arm_addsubdf3.o)
 .debug_line    0x000000000000e60d      0x184 /usr/lib/gcc/arm-none-eabi/11.1.0/thumb/v7e-m+fp/hard/libgcc.a(_arm_muldivdf3.o)
 .debug_line    0x000000000000e791       0xa6 /usr/lib/gcc/arm-none-eabi/11.1.0/thumb/v7e-m+fp/hard/libgcc.a(_arm_cmpdf2.o)
 .debug_line    0x000000000000e837       0x57 /usr/lib/gcc/arm-none-eabi/11.1.0/thumb/v7e-m+fp/hard/libgcc.a(_arm_unorddf2.o)
 .debug_line    0x000000000000e88e       0x62 /usr/lib/gcc/arm-none-eabi/11.1.0/thumb/v7e-m+fp/hard/libgcc.a(_arm_fixdfsi.o)
 .debug_line    0x000000000000e8f0       0x4e /usr/lib/gcc/arm-none-eabi/11.1.0/thumb/v7e-m+fp/hard/libgcc.a(_aeabi_uldivmod.o)
 .debug_line    0x000000000000e93e      0x522 /usr/lib/gcc/arm-none-eabi/11.1.0/thumb/v7e-m+fp/hard/libgcc.a(_udivmoddi4.o)
 .debug_line    0x000000000000ee60       0x4a /usr/lib/gcc/arm-none-eabi/11.1.0/thumb/v7e-m+fp/hard/libgcc.a(_dvmd_tls.o)

.debug_str      0x0000000000000000     0x4c52
 .debug_str     0x0000000000000000      0x873 build/DS18B20.o
                                        0x933 (size before relaxing)
 .debug_str     0x0000000000000873      0x157 build/HD44780_LCD.o
                                        0x38f (size before relaxing)
 .debug_str     0x00000000000009ca      0x139 build/gpio.o
                                        0x373 (size before relaxing)
 .debug_str     0x0000000000000b03      0x3ec build/main.o
                                        0xd01 (size before relaxing)
 .debug_str     0x0000000000000eef      0x227 build/rtc.o
                                        0x41d (size before relaxing)
 .debug_str     0x0000000000001116       0x46 build/stm32f4xx_hal_msp.o
                                        0x2d1 (size before relaxing)
 .debug_str     0x000000000000115c       0xd7 build/stm32f4xx_it.o
                                        0x761 (size before relaxing)
 .debug_str     0x0000000000001233      0x20e build/syscalls.o
                                        0x3cd (size before relaxing)
 .debug_str     0x0000000000001441       0x72 build/sysmem.o
                                        0x1f9 (size before relaxing)
 .debug_str     0x00000000000014b3       0xd8 build/system_stm32f4xx.o
                                        0x36e (size before relaxing)
 .debug_str     0x000000000000158b      0x627 build/tim.o
                                        0xe59 (size before relaxing)
 .debug_str     0x0000000000001bb2      0x227 build/usart.o
                                        0x807 (size before relaxing)
 .debug_str     0x0000000000001dd9      0x311 build/stm32f4xx_hal.o
                                        0xb9e (size before relaxing)
 .debug_str     0x00000000000020ea      0x42a build/stm32f4xx_hal_cortex.o
                                        0xc41 (size before relaxing)
 .debug_str     0x0000000000002514       0xf7 build/stm32f4xx_hal_gpio.o
                                        0x4d9 (size before relaxing)
 .debug_str     0x000000000000260b      0x1a1 build/stm32f4xx_hal_rcc.o
                                        0x704 (size before relaxing)
 .debug_str     0x00000000000027ac      0x19a build/stm32f4xx_hal_rcc_ex.o
                                        0x7eb (size before relaxing)
 .debug_str     0x0000000000002946      0x324 build/stm32f4xx_hal_rtc.o
                                        0x7a0 (size before relaxing)
 .debug_str     0x0000000000002c6a      0xf01 build/stm32f4xx_hal_tim.o
                                       0x16bc (size before relaxing)
 .debug_str     0x0000000000003b6b      0x4eb build/stm32f4xx_hal_tim_ex.o
                                        0xed8 (size before relaxing)
 .debug_str     0x0000000000004056      0x601 build/stm32f4xx_hal_uart.o
                                        0xd09 (size before relaxing)
 .debug_str     0x0000000000004657       0x24 build/startup_stm32f446xx.o
                                         0x51 (size before relaxing)
 .debug_str     0x000000000000467b       0x5d /usr/lib/gcc/arm-none-eabi/11.1.0/thumb/v7e-m+fp/hard/libgcc.a(_arm_addsubdf3.o)
                                         0x6b (size before relaxing)
 .debug_str     0x00000000000046d8       0x6b /usr/lib/gcc/arm-none-eabi/11.1.0/thumb/v7e-m+fp/hard/libgcc.a(_arm_muldivdf3.o)
 .debug_str     0x00000000000046d8       0x6b /usr/lib/gcc/arm-none-eabi/11.1.0/thumb/v7e-m+fp/hard/libgcc.a(_arm_cmpdf2.o)
 .debug_str     0x00000000000046d8       0x6b /usr/lib/gcc/arm-none-eabi/11.1.0/thumb/v7e-m+fp/hard/libgcc.a(_arm_unorddf2.o)
 .debug_str     0x00000000000046d8       0x6b /usr/lib/gcc/arm-none-eabi/11.1.0/thumb/v7e-m+fp/hard/libgcc.a(_arm_fixdfsi.o)
 .debug_str     0x00000000000046d8        0x8 /usr/lib/gcc/arm-none-eabi/11.1.0/thumb/v7e-m+fp/hard/libgcc.a(_aeabi_uldivmod.o)
                                         0x66 (size before relaxing)
 .debug_str     0x00000000000046e0      0x566 /usr/lib/gcc/arm-none-eabi/11.1.0/thumb/v7e-m+fp/hard/libgcc.a(_udivmoddi4.o)
                                        0x66b (size before relaxing)
 .debug_str     0x0000000000004c46        0xc /usr/lib/gcc/arm-none-eabi/11.1.0/thumb/v7e-m+fp/hard/libgcc.a(_dvmd_tls.o)
                                         0x6a (size before relaxing)

.comment        0x0000000000000000       0x1e
 .comment       0x0000000000000000       0x1e build/DS18B20.o
                                         0x1f (size before relaxing)
 .comment       0x000000000000001e       0x1f build/HD44780_LCD.o
 .comment       0x000000000000001e       0x1f build/gpio.o
 .comment       0x000000000000001e       0x1f build/main.o
 .comment       0x000000000000001e       0x1f build/rtc.o
 .comment       0x000000000000001e       0x1f build/stm32f4xx_hal_msp.o
 .comment       0x000000000000001e       0x1f build/stm32f4xx_it.o
 .comment       0x000000000000001e       0x1f build/syscalls.o
 .comment       0x000000000000001e       0x1f build/sysmem.o
 .comment       0x000000000000001e       0x1f build/system_stm32f4xx.o
 .comment       0x000000000000001e       0x1f build/tim.o
 .comment       0x000000000000001e       0x1f build/usart.o
 .comment       0x000000000000001e       0x1f build/stm32f4xx_hal.o
 .comment       0x000000000000001e       0x1f build/stm32f4xx_hal_cortex.o
 .comment       0x000000000000001e       0x1f build/stm32f4xx_hal_gpio.o
 .comment       0x000000000000001e       0x1f build/stm32f4xx_hal_rcc.o
 .comment       0x000000000000001e       0x1f build/stm32f4xx_hal_rcc_ex.o
 .comment       0x000000000000001e       0x1f build/stm32f4xx_hal_rtc.o
 .comment       0x000000000000001e       0x1f build/stm32f4xx_hal_tim.o
 .comment       0x000000000000001e       0x1f build/stm32f4xx_hal_tim_ex.o
 .comment       0x000000000000001e       0x1f build/stm32f4xx_hal_uart.o
 .comment       0x000000000000001e       0x1f /usr/lib/gcc/arm-none-eabi/11.1.0/thumb/v7e-m+fp/hard/libgcc.a(_udivmoddi4.o)

.debug_frame    0x0000000000000000     0x3bc8
 .debug_frame   0x0000000000000000      0x180 build/DS18B20.o
 .debug_frame   0x0000000000000180      0x148 build/HD44780_LCD.o
 .debug_frame   0x00000000000002c8       0x38 build/gpio.o
 .debug_frame   0x0000000000000300       0x68 build/main.o
 .debug_frame   0x0000000000000368       0x48 build/rtc.o
 .debug_frame   0x00000000000003b0       0x2c build/stm32f4xx_hal_msp.o
 .debug_frame   0x00000000000003dc       0xc0 build/stm32f4xx_it.o
 .debug_frame   0x000000000000049c      0x190 build/syscalls.o
 .debug_frame   0x000000000000062c       0x28 build/sysmem.o
 .debug_frame   0x0000000000000654       0x30 build/system_stm32f4xx.o
 .debug_frame   0x0000000000000684       0x88 build/tim.o
 .debug_frame   0x000000000000070c       0x60 build/usart.o
 .debug_frame   0x000000000000076c      0x1ec build/stm32f4xx_hal.o
 .debug_frame   0x0000000000000958      0x148 build/stm32f4xx_hal_cortex.o
 .debug_frame   0x0000000000000aa0       0xd8 build/stm32f4xx_hal_gpio.o
 .debug_frame   0x0000000000000b78      0x16c build/stm32f4xx_hal_rcc.o
 .debug_frame   0x0000000000000ce4      0x14c build/stm32f4xx_hal_rcc_ex.o
 .debug_frame   0x0000000000000e30      0x25c build/stm32f4xx_hal_rtc.o
 .debug_frame   0x000000000000108c      0xb08 build/stm32f4xx_hal_tim.o
 .debug_frame   0x0000000000001b94      0x40c build/stm32f4xx_hal_tim_ex.o
 .debug_frame   0x0000000000001fa0      0x5c0 build/stm32f4xx_hal_uart.o
 .debug_frame   0x0000000000002560       0x20 /usr/lib/gcc/arm-none-eabi/11.1.0/../../../../arm-none-eabi/lib/thumb/v7e-m+fp/hard/libc.a(lib_a-atexit.o)
 .debug_frame   0x0000000000002580       0x20 /usr/lib/gcc/arm-none-eabi/11.1.0/../../../../arm-none-eabi/lib/thumb/v7e-m+fp/hard/libc.a(lib_a-errno.o)